Oops#1 Part1
<1>[   64.737980][T13361]   EA = 0, S1PTW = 0
<1>[   64.737986][T13361]   FSC = 0x05: level 1 translation fault
<1>[   64.737993][T13361] Data abort info:
<1>[   64.737998][T13361]   ISV = 0, ISS = 0x00000005
<1>[   64.738003][T13361]   CM = 0, WnR = 0
<1>[   64.738009][T13361] user pgtable: 4k pages, 39-bit VAs, pgdp=000000095809c000
<1>[   64.738017][T13361] [0000000000000000] pgd=0000000000000000, p4d=0000000000000000, pud=0000000000000000
<0>[   64.738033][T13361] Internal error: Oops: 0000000096000005 [#1] PREEMPT SMP
<3>[   64.738424][T13361] Skip md ftrace buffer dump for: 0x1609e0
<4>[   64.738436][T13361] Modules linked in: sony_camera(OE) slg51000_regulator(OE) lxs_touchscreen(OE) ipa_clientsm(OE) rndisipam(OE) ipanetm(OE) wlan(OE) ipam(OE) camera(OE) msm_drm(OE) msm_kgsl(OE) gsim(OE) machine_dlkm(OE) bt_fm_slim(OE) msm_video(OE) msm_eva(OE) qdss_bridge(E) camera_sync(OE) rmnet_offload(OE) nxp_nci(OE) pt_device_access(OE) qcom_spmi_adc5_gen3(E) coresight_tmc(E) adsp_loader_dlkm(OE) swr_dmic_dlkm(OE) pt_i2c(OE) audio_pkt_dlkm(OE) lpass_cdc_rx_macro_dlkm(OE) lpass_cdc_tx_macro_dlkm(OE) lpass_cdc_wsa_macro_dlkm(OE) wcd938x_dlkm(OE) lpass_cdc_va_macro_dlkm(OE) lpass_cdc_wsa2_macro_dlkm(OE) usb_f_qdss(E) usb_f_gsi(E) swr_ctrl_dlkm(OE) wcd9xxx_dlkm(OE) pinctrl_lpi_dlkm(OE) audio_prm_dlkm(OE) lpass_cdc_dlkm(OE) spf_core_dlkm(OE) radio_i2c_rtc6226_qca(OE) gpr_dlkm(OE) q6_notifier_dlkm(OE) mac80211(E) rmnet_perf(OE) coresight_stm(E) coresight_remote_etm(E) rmnet_aps(OE) sync_fence(OE) rmnet_wlan(OE) nt36xxx_i2c(OE) btpower(OE) coresight_tpdm(E) coresight_replicator(E)
<4>[   64.738555][T13361]  coresight_cti(E) goodix_ts(OE) rmnet_sch(OE) atmel_mxt_ts(OE) msm_mmrm(OE) rmnet_shs(OE) msm_hw_fence(OE) slim_qcom_ngd_ctrl(E) stm_p_basic(E) stm_console(E) coresight_dummy(E) coresight_tpda(E) stm_p_ost(E) stm_ftrace(E) synaptics_tcm_ts(OE) cnss_prealloc(OE) rmnet_perf_tether(OE) stub_dlkm(OE) coresight_funnel(E) qrtr_smd(E) cnss_nl(OE) et603_int(OE) cnss2(OE) qcedev_mod_dlkm(OE) coresight_tgu(E) pt_ts(OE) qcrypto_msm_dlkm(OE) coresight_hwevent(E) hdcp_qseecom_dlkm(OE) coresight_csr(E) wcd938x_slave_dlkm(OE) qrtr_gunyah(E) hdmi_dlkm(OE) rmnet_core(OE) spcom(E) leds_qti_flash(E) snd_event_dlkm(OE) mbhc_dlkm(OE) cpu_voltage_cooling(E) msm_sharedmem(E) repeater_qti_pmic_eusb2(E) msm_ext_display(OE) swr_haptics_dlkm(OE) spss_utils(E) mmc_log_probes(E) cnss_utils(OE) spi_msm_geni(E) charger_ulog_glink(E) qcom_vadc_common(E) cfg80211(E) qti_cpufreq_cdev(E) ddr_cdev(E) icc_test(E) policy_engine(E) gh_irq_lend(E) max31760_fan(E) rdbg(E) msm_lmh_dcvs(E)
<4>[   64.738699][T13361]  leds_qti_tri_led(E) qti_qmi_cdev(E) nvmem_qfprom(E) slimbus(E) coresight(E) qti_userspace_cdev(E) qti_qmi_sensor_v2(E) bcl_soc(E) qcom_edac(E) q6_dlkm(OE) dmesg_dumper(E) qcom_cpufreq_hw_debug(E) rmnet_ctl(OE) qcom_spmi_temp_alarm(E) audpkt_ion_dlkm(OE) qti_battery_charger(E) smcinvoke_dlkm(OE) wsa884x_dlkm(OE) ipa_fmwk(E) stm_core(E) cirrus_cs35l45(OE) cirrus_cs40l2x_codec(OE) mhi_dev_uci(E) memlat_scmi(E) qcom_va_minidump(E) mhi_cntrl_qcom(E) last_logs(OE) cirrus_cs40l2x(OE) usb_f_cdev(E) memlat_vendor(E) synx_driver(E) qcom_pon(E) gh_tlmm_vm_mem_access(E) glink_probe(E) repeater_i2c_eusb2(E) msm_memshare(E) spmi_glink_debug(E) mhi_dev_satellite(E) frpc_adsprpc(E) qcom_esoc(E) altmode_glink(E) sys_pm_vx(E) qti_battery_debug(E) wsa883x_dlkm(OE) qrtr_mhi(E) mhi_dev_dtr(E) qcom_spss(E) microdump_collector(E) mhi_dev_netdev(E) phy_msm_snps_eusb2(E) phy_msm_m31_eusb2(E) ucsi_glink(E) subsystem_sleep_stats(E) qcom_q6v5_pas(E) qcom_pil_info(E) dwc3_msm(E)
<4>[   64.738827][T13361]  swr_dlkm(OE) cirrus_wm_adsp(OE) qti_devfreq_cdev(E) rdtags(OE) panel_event_notifier(E) somc_battchg_ext(OE) tz_log_dlkm(OE) qcom_q6v5(E) qce50_dlkm(OE) qrng_dlkm(OE) snd_soc_hdmi_codec(E) pmic_pon_log(E) wcd_core_dlkm(OE) smsc75xx(E) phy_generic(E) spmi_pmic_arb_debug(E) gh_mem_notifier(E) msm_geni_serial(E) usb_bam(E) sg(E) wlan_firmware_service(OE) qcom_lpm(E) qcom_ramdump(E) smsc95xx(E) boot_stats(E) cnss_plat_ipc_qmi_svc(OE) q6_pdr_dlkm(OE) rimps_log(E) cdsp_loader(E) pmic_glink(E) sysmon_subsystem_stats(E) snd_usb_audio_qmi(E) core_hang_detect(E) qcom_cpuss_sleep_stats(E) sdpm_clk(E) rq_stats(E) cdsprm(E) ehset(E) qti_fixed_regulator(E) eud(E) phy_msm_ssusb_qmp(E) hvc_gunyah(E) qcom_sysmon(E) msm_performance(E) phy_qcom_ufs_qmp_v4_waipio(E) hung_task_enh(E) i3c_master_msm_geni(E) adsp_sleepmon(E) mhi(E) bam_dma(E) lt9611uxc(E) msm_gpi(E) gpucc_kalama(E) i2c_msm_geni(E) heap_mem_ext_v01(E) usbmon(E) pm8941_pwrkey(E) phy_qcom_ufs_qmp_v4(E) f_fs_ipc_log(E)
<4>[   64.738953][T13361]  reboot_mode(E) usb_f_diag(E) glink_pkt(E) redriver(E) pinctrl_somc_pmic(E) soc_sleep_stats(E) qseecom_proxy(E) sps_drv(E) r8168(E) smp2p(E) usb_f_ccid(E) qcom_glink_spss(E) phy_qcom_emu(E) qcom_ipc_lite(E) qbt_handler(E) qcom_iommu_debug(E) realtek(E) qti_ocp_notifier(E) smsc(E) pinctrl_spmi_mpp(E) phy_qcom_ufs_qmp_v4_khaje(E) pdr_interface(E) repeater(E) debugcc_kalama(E) msm_show_epoch(E) qsee_ipc_irq_bridge(E) memlat(E) qmi_helpers(E) pci_msm_drv(E) smp2p_sleepstate(E) rproc_qcom_common(E) pinctrl_spmi_gpio(E) pwm_qti_lpg(E) zram(E) qcom_smd(E) qcom_glink_smem(E) msm_show_resume_irq(E) qcom_glink(E) msm_sysstats(E) wakeup_irq_debug(E) zsmalloc(E) nvme(E) nvme_core(E) bcl_pmic5(E) c1dcvs_scmi(E) c1dcvs_vendor(E) qcom_rimps(E) sdhci_msm(E) arm_smmu(E) ufs_qcom(E) ufshcd_crypto_qti(E) msm_qmp(E) qcom_aoss(E) stub_regulator(E) socinfo(E) rtc_pm8xxx(E) qrtr(E) qcom_reboot_reason(E) spmi_pmic_arb(E) qcom_spmi_pmic(E) regmap_spmi(E) qti_regmap_debugfs(E)
<4>[   64.739088][T13361]  pmu_scmi(E) pmu_vendor(E) qcom_pmu_lib(E) qcom_llcc_pmu(E) qcom_iommu_util(E) qcom_logbuf_vh(E) debug_symbol(E) qcom_dload_mode(E) pinctrl_somc(E) phy_qcom_ufs_qrbtc_sdm845(E) phy_qcom_ufs_qmp_v4_kalama(E) phy_qcom_ufs(E) nvmem_qcom_spmi_sdam(E) ns(E) qnoc_kalama(E) qnoc_qos(E) pinctrl_kalama(E) pinctrl_msm(E) memory_dump_v2(E) mem_buf(E) qcom_dma_heaps(E) msm_dma_iommu_mapping(E) mem_buf_msgq(E) mem_buf_dev(E) mem_hooks(E) llcc_qcom(E) iommu_logger(E) gunyah(E) mdt_loader(E) secure_buffer(E) gh_ctrl(E) videocc_kalama(E) tcsrcc_kalama(E) dispcc_kalama(E) dcc_v2(E) crypto_qti_common(E) crypto_qti_hwkm(E) hwkm(E) tmecom_intf(E) cqhci(E) clk_dummy(E) cpu_hotplug(E) thermal_pause(E) sched_walt(E) qcom_cpufreq_hw(E) bwmon(E) qcom_dcvs(E) dcvs_fp(E) rpmh_regulator(E) qcom_tsens(E) thermal_minidump(E) qcom_pdc(E) qcom_ipcc(E) camcc_kalama(E) icc_rpmh(E) icc_debug(E) icc_bcm_voter(E) gcc_kalama(E) clk_qcom(E) gdsc_regulator(E) debug_regulator(E) proxy_consumer(E)
<4>[   64.739209][T13361]  clk_rpmh(E) qcom_rpmh(E) cmd_db(E) qcom_ipc_logging(E) qcom_cpu_vendor_hooks(E) gh_virt_wdt(E) qcom_wdt_core(E) qcom_scm(E) minidump(E) smem(E) qcom_hwspinlock(E) gh_rm_drv(E) gh_dbl(E) gh_msgq(E) gh_arm_drv(E)
<4>[   64.739241][T13361] CPU: 1 PID: 13361 Comm: libghostlock.so Tainted: G S      W  OE     5.15.189-android13-8-00016-g51bba4309aac-ab14546557 #1
<4>[   64.739249][T13361] Hardware name: Sony Corporation. PDX-234 J(Kalama QRD) (DT)
<4>[   64.739255][T13361] pstate: 824000c5 (Nzcv daIF +PAN -UAO +TCO -DIT -SSBS BTYPE=--)
<4>[   64.739264][T13361] pc : rt_mutex_adjust_prio_chain+0x1b0/0x14c0
<4>[   64.739277][T13361] lr : max_tt_usecs+0x6646/0x1fe6b
<4>[   64.739284][T13361] sp : ffffffc035a5bbe0
<4>[   64.739287][T13361] x29: ffffffc035a5bc20 x28: ffffffc0366abb18 x27: 0000000000000000
<4>[   64.739296][T13361] x26: ffffff802c839200 x25: 0000000000000000 x24: ffffff802c83ac84
<4>[   64.739304][T13361] x23: 0000000000000000 x22: 0000000000000000 x21: ffffff802c839210
<4>[   64.739312][T13361] x20: 0000000000000001 x19: ffffff802c83a400 x18: ffffffc02d957050
<4>[   64.739320][T13361] x17: 0000000000000078 x16: ffffffe14390d000 x15: ffffffe143928000
<4>[   64.739327][T13361] x14: 0000000000000000 x13: 0000000000000000 x12: ffffffe14390d000
<4>[   64.739335][T13361] x11: 0000000000000001 x10: 0000000000000078 x9 : 0000000000000000
<4>[   64.739342][T13361] x8 : 0000000000000003 x7 : 00000000000000e0 x6 : ffffffe142c4041d
<4>[   64.739350][T13361] x5 : ffffff802c83a400 x4 : ffffffe14390d000 x3 : 00000000c0000000
<4>[   64.739357][T13361] x2 : 0000000000000001 x1 : 0000000000000000 x0 : 0000000000000000
<4>[   64.739365][T13361] Call trace:
<4>[   64.739369][T13361]  rt_mutex_adjust_prio_chain+0x1b0/0x14c0
<4>[   64.739375][T13361]  rt_mutex_adjust_pi+0x174/0x318
<4>[   64.739380][T13361]  __sched_setscheduler+0xdf8/0x1144
<4>[   64.739389][T13361]  __do_sys_sched_setattr+0x244/0x3c8
<4>[   64.739393][T13361]  __arm64_sys_sched_setattr+0x24/0x34
<4>[   64.739399][T13361]  invoke_syscall+0x60/0x150
<4>[   64.739405][T13361]  el0_svc_common+0x8c/0xf8
<4>[   64.739410][T13361]  do_el0_svc+0x28/0x98
<4>[   64.739414][T13361]  el0_svc+0x24/0x84
<4>[   64.739421][T13361]  el0t_64_sync_handler+0x88/0xec
<4>[   64.739426][T13361]  el0t_64_sync+0x1b8/0x1bc
<0>[   64.739434][T13361] Code: f9401f9b b8bfc108 11000508 b9001348 (b8bfc368) 
<4>[   64.739443][T13361] ---[ end trace c19cb6df876b85f2 ]---
