debug log: Download/GhostLock/ghostlock-20260918-102152-429-0-direct.log
ksud ready
[33m[*] [0mroot script written path=/data/user/0/com.ghostlock.app/files/.ghostlock_root.sh bytes=5225
[33m[*] [0mkernel: 5.15.189-android13-8-00016-g51bba4309aac-ab14546557
[32m[+] [0mresolved profile loaded: 5.15.189-android13-8-00016-g51bba4309aac-ab14546557
[33m[*] [0mcpu pair: main=0 consumer=1
[33m[*] [0mruntime home=/data/user/0/com.ghostlock.app/files script=/data/user/0/com.ghostlock.app/files/.ghostlock_root.sh
[33m[*] [0mruntime verbose_debug=1
[33m[*] [0mdebug.execution.begin release=5.15.189-android13-8-00016-g51bba4309aac-ab14546557
[33m[*] [0mdebug.execution.recommended_cpus.main=0
[33m[*] [0mdebug.execution.recommended_cpus.consumer=1
[33m[*] [0mdebug.execution.selected_cpus.main=0
[33m[*] [0mdebug.execution.selected_cpus.consumer=1
[33m[*] [0mdebug.execution.heap.prepare_max_attempts=4
[33m[*] [0mdebug.execution.heap.prepare_timeout_ms=240000
[33m[*] [0mdebug.execution.heap.kernelsnitch_timeout_ms=60000
[33m[*] [0mdebug.execution.race.route_wait_ms=1000
[33m[*] [0mdebug.execution.race.setup_settle_us=50000
[33m[*] [0mdebug.execution.race.state_poll_interval_us=1000
[33m[*] [0mdebug.execution.stages.w1_attempts=15
[33m[*] [0mdebug.execution.stages.w1_settle_us=100000
[33m[*] [0mdebug.execution.stages.w1_scratch_repair_attempts=3
[33m[*] [0mdebug.execution.stages.w2_attempts=15
[33m[*] [0mdebug.execution.stages.w2_settle_us=100000
[33m[*] [0mdebug.execution.stages.w3_chain_rounds=3
[33m[*] [0mdebug.execution.stages.w3_attempts=6
[33m[*] [0mdebug.execution.stages.w3_settle_us=50000
[33m[*] [0mdebug.execution.routes.tcp_zerocopy.attempts=2000
[33m[*] [0mdebug.execution.routes.tcp_zerocopy.arm_sequence=16
[33m[*] [0mdebug.execution.routes.tcp_zerocopy.post_receive_hold_iterations=20000
[33m[*] [0mdebug.execution.routes.select_stack.enter_delay_us=50000
[33m[*] [0mdebug.execution.routes.select_stack.timeout_us=200000
[33m[*] [0mdebug.execution.routes.select_stack.consumer_max_calls=1
[33m[*] [0mdebug.execution.routes.select_stack.consumer_burst_calls=1
[33m[*] [0mdebug.execution.routes.multicast_waiter.ready_timeout_ms=10000
[33m[*] [0mdebug.execution.routes.multicast_waiter.post_requeue_settle_us=200000
[33m[*] [0mdebug.execution.routes.multicast_waiter.post_adjust_settle_us=100000
[33m[*] [0mdebug.execution.handoff.pre_dispatch_settle_ms=2000
[33m[*] [0mdebug.execution.handoff.module_poll_attempts=30
[33m[*] [0mdebug.execution.handoff.module_poll_interval_ms=100
[33m[*] [0mdebug.execution.handoff.enforce_poll_attempts=200
[33m[*] [0mdebug.execution.handoff.enforce_poll_interval_ms=100
[33m[*] [0mdebug.execution.end
[33m[*] [0msoc: qcom/other; kernel_phys_load=0xa8000000
[33m[*] [0minit_cred image=ffffffc082bfd588 alias=ffffff802abfd588
[33m[*] [0miomem cache: direct_map_end=ffffff8a80000000
[32m[+] [0mstartup context pid=16410 uid=10510 euid=10510 gid=10510 egid=10510 boot_ms=1968046 attr=u:r:untrusted_app:s0:c254,c257,c512,c768 enforce=unreadable
[32m[+] [0mstartup limits pid=16410 NoNewPrivs=0 Seccomp=2 Seccomp_filters=1
[32m[+] [0mbuild config pid=16410 label=ghostlock_oplus slide=pselect main=pselect
[32m[+] [0mp0 profile pid=16410 phys_offset=0000000080000000 kernel_phys_load=00000000a8000000 delta=0000000028000000 slide_logger=ffffff802ab01e28 bootid_data=ffffff802adc6819 init_task=ffffff802ac43400 root_tg=ffffff802ad58ac0 sysctl_bootid=ffffff802adc6819
[33m[*] [0mp0 kernel_phys_load=00000000a8000000 delta=0000000028000000
[33m[*] [0mmain thread running on cpu=0
[33m[*] [0m[T+0ms] exploit start
[31m[-] [0mSELinux enforce unreadable; assuming enforcing and running W1
[33m[*] [0m[T+1ms] pre-W1 drain
[33m[*] [0mW1: SELinux attempt 1/1
[33m[*] [0m=== W1: SELinux === target=0xffffff802adaad88 mode=1 leaf=0
[33m[*] [0m[T+192ms]   heap spray start
[33m[*] [0m[spray] mm spray + kernelsnitch ready (cpu=8) +245ms
[33m[*] [0m[spray] finding futex collisions... +529ms
[33m[*] [0m[spray] early collision screen 16/7 at 31%
[33m[*] [0m[spray] futex collisions found +2020ms
[33m[*] [0m[spray] mm_struct leaked=0xffffff88f9d6b000 +2099ms
[33m[*] [0m[spray] payload ready +2102ms
[31m[-] [0mpage ffffff88f9d68000 stores an even byte over selinux_state.initialized; taking another
[31m[-] [0mprepare_kernel_page retry 1/4 +2265ms
[33m[*] [0m[spray] mm spray + kernelsnitch ready (cpu=8) +243ms
[33m[*] [0m[spray] finding futex collisions... +508ms
[33m[*] [0m[spray] early collision screen 16/7 at 31%
[33m[*] [0m[spray] futex collisions found +2021ms
[33m[*] [0m[spray] mm_struct leaked=0xffffff891e6a9400 +2037ms
[33m[*] [0m[spray] payload ready +2042ms
[31m[-] [0mpage ffffff891e6a8000 stores an even byte over selinux_state.initialized; taking another
[31m[-] [0mprepare_kernel_page retry 2/4 +4472ms
[33m[*] [0m[spray] mm spray + kernelsnitch ready (cpu=8) +237ms
[33m[*] [0m[spray] finding futex collisions... +497ms
[33m[*] [0m[spray] early collision screen 14/7 at 31%
[33m[*] [0m[spray] futex collisions found +2010ms
[33m[*] [0m[spray] mm_struct leaked=0xffffff8a4a3cf800 +2139ms
[33m[*] [0m[spray] payload ready +2144ms
[31m[-] [0mpage ffffff8a4a3c8000 stores an even byte over selinux_state.initialized; taking another
[31m[-] [0mprepare_kernel_page retry 3/4 +6791ms
[33m[*] [0m[spray] mm spray + kernelsnitch ready (cpu=8) +246ms
[33m[*] [0m[spray] finding futex collisions... +503ms
[33m[*] [0m[spray] early collision screen 15/7 at 31%
[33m[*] [0m[spray] futex collisions found +2010ms
[33m[*] [0m[spray] mm_struct leaked=0xffffff898995c800 +2058ms
[33m[*] [0m[spray] payload ready +2062ms
[33m[*] [0mprepare_kernel_page ok attempt=4 +9033ms
[33m[*] [0m[T+9229ms]   heap spray done
[33m[*] [0m[route] creating waiter/owner/consumer
[33m[*] [0mconsumer thread running on cpu=1
[33m[*] [0m[route] waiter parked; owner started
[33m[*] [0m[route] CMP_REQUEUE_PI ret=-1 errno=35; waiting route_done
[33m[*] [0mmulticast route status=0 clean=1/1 step=0 errno=0
[33m[*] [0mmcast ghost disarm ret=-1 errno=110
[33m[*] [0m[route] route_done status=0 clean=1/1 step=0 errno=0 calls=1 success=1
[33m[*] [0m[route] threads joined
[33m[*] [0m[T+11239ms]   PI route done
[32m[+] [0mSELinux permissive
[33m[*] [0mW1b: private scratch repair attempt 1/3
[33m[*] [0m=== W1b: private scratch repair === target=0xffffff8989958108 mode=1 leaf=1
[33m[*] [0m[T+11353ms]   heap spray start
[33m[*] [0m[spray] mm spray + kernelsnitch ready (cpu=8) +263ms
[33m[*] [0m[spray] finding futex collisions... +539ms
[33m[*] [0m[spray] early collision screen 16/7 at 31%
[33m[*] [0m[spray] futex collisions found +2023ms
[33m[*] [0m[spray] mm_struct leaked=0xffffff896c7f2400 +2055ms
[33m[*] [0m[spray] payload ready +2060ms
[33m[*] [0mprepare_kernel_page ok attempt=1 +2229ms
[33m[*] [0m[T+13586ms]   heap spray done
[33m[*] [0m[route] creating waiter/owner/consumer
[33m[*] [0mconsumer thread running on cpu=1
[33m[*] [0m[route] waiter parked; owner started
[33m[*] [0m[route] CMP_REQUEUE_PI ret=-1 errno=35; waiting route_done
[33m[*] [0mmulticast route status=0 clean=1/1 step=0 errno=0
[33m[*] [0mmcast ghost disarm ret=-1 errno=110
[33m[*] [0m[route] route_done status=0 clean=1/1 step=0 errno=0 calls=1 success=1
[33m[*] [0m[route] threads joined
[33m[*] [0m[T+15593ms]   PI route done
[32m[+] [0mprivate scratch repaired; releasing quarantine
[33m[*] [0m[T+15598ms] Write 1 complete
[33m[*] [0m[T+15813ms] pre-W2 drain
[33m[*] [0mperf task: 0xffffff802d816c00 (159/256 votes)
[33m[*] [0mperf task: 0xffffff802d816c00 (177/256 votes)
[33m[*] [0m[T+16719ms] perf_find_task done
[33m[*] [0mchild_pid=29556 child_task=0xffffff802d816c00
[33m[*] [0mvr.ko not loaded; skipping tag clear
[33m[*] [0mW2: cred attempt 1/15
[33m[*] [0m[spray] mm spray + kernelsnitch ready (cpu=8) +234ms
[33m[*] [0m[spray] finding futex collisions... +494ms
[33m[*] [0m[spray] early collision screen 16/7 at 31%
[33m[*] [0m[spray] futex collisions found +2007ms
[33m[*] [0m[spray] mm_struct leaked=0xffffff8890504000 +2054ms
[33m[*] [0m[spray] payload ready +2059ms
[33m[*] [0mprepare_kernel_page ok attempt=1 +2232ms
[33m[*] [0mW2 fast repair payload prebuilt
[33m[*] [0m=== W2: cred === target=0xffffff802d817398 mode=2 leaf=0
[33m[*] [0m[T+19164ms]   heap spray start
[33m[*] [0m[spray] mm spray + kernelsnitch ready (cpu=8) +242ms
[33m[*] [0m[spray] finding futex collisions... +518ms
[33m[*] [0m[spray] early collision screen 16/7 at 31%
[33m[*] [0m[spray] futex collisions found +2027ms
[33m[*] [0m[spray] mm_struct leaked=0xffffff885b4b5c00 +2102ms
[33m[*] [0m[spray] payload ready +2105ms
[33m[*] [0mprepare_kernel_page ok attempt=1 +2282ms
[33m[*] [0m[T+21450ms]   heap spray done
[33m[*] [0m[route] creating waiter/owner/consumer
[33m[*] [0mconsumer thread running on cpu=1
[33m[*] [0m[route] waiter parked; owner started
[33m[*] [0m[route] CMP_REQUEUE_PI ret=-1 errno=35; waiting route_done
[33m[*] [0mmulticast route status=0 clean=1/1 step=0 errno=0
[33m[*] [0mmcast ghost disarm ret=-1 errno=110
[33m[*] [0m[route] route_done status=0 clean=1/1 step=0 errno=0 calls=1 success=1
[33m[*] [0m[route] threads joined
[33m[*] [0m[T+23459ms]   PI route done
[33m[*] [0mW2b: firing prebuilt init_cred+8 repair
[33m[*] [0m[route] creating waiter/owner/consumer
[33m[*] [0mconsumer thread running on cpu=1
[33m[*] [0m[route] waiter parked; owner started
[33m[*] [0m[route] CMP_REQUEUE_PI ret=-1 errno=35; waiting route_done
[33m[*] [0mmulticast route status=0 clean=1/1 step=0 errno=0
[33m[*] [0mmcast ghost disarm ret=-1 errno=110
[33m[*] [0m[route] route_done status=0 clean=1/1 step=0 errno=0 calls=1 success=1
[33m[*] [0m[route] threads joined
[33m[*] [0mchild uid = 0
[32m[+] [0mchild is root!
[33m[*] [0mW3: TIF_SECCOMP+mode attempt 1/6
[33m[*] [0m=== W3: TIF_SECCOMP === target=0xffffff802d816c00 mode=1 leaf=1
[33m[*] [0m[T+24795ms]   heap spray start
[33m[*] [0m[spray] mm spray + kernelsnitch ready (cpu=8) +243ms
[33m[*] [0m[spray] finding futex collisions... +512ms
[33m[*] [0m[spray] early collision screen 16/7 at 31%
[33m[*] [0m[spray] futex collisions found +2003ms
[33m[*] [0m[spray] mm_struct leaked=0xffffff8a31478400 +2106ms
[33m[*] [0m[spray] payload ready +2109ms
[33m[*] [0mprepare_kernel_page ok attempt=1 +2277ms
[33m[*] [0m[T+27076ms]   heap spray done
[33m[*] [0m[route] creating waiter/owner/consumer
[33m[*] [0mconsumer thread running on cpu=1
[33m[*] [0m[route] waiter parked; owner started
[33m[*] [0m[route] CMP_REQUEUE_PI ret=-1 errno=35; waiting route_done
[33m[*] [0mmulticast route status=0 clean=1/1 step=0 errno=0
[33m[*] [0mmcast ghost disarm ret=-1 errno=110
[33m[*] [0m[route] route_done status=0 clean=1/1 step=0 errno=0 calls=1 success=1
[33m[*] [0m[route] threads joined
[33m[*] [0m[T+29087ms]   PI route done
[33m[*] [0m=== W3: seccomp mode === target=0xffffff802d817460 mode=1 leaf=1
[33m[*] [0m[T+29143ms]   heap spray start
[33m[*] [0m[spray] mm spray + kernelsnitch ready (cpu=8) +247ms
[33m[*] [0m[spray] finding futex collisions... +496ms
[33m[*] [0m[spray] early collision screen 15/7 at 31%
[33m[*] [0m[spray] futex collisions found +2016ms
[33m[*] [0m[spray] mm_struct leaked=0xffffff88e0525400 +2105ms
[33m[*] [0m[spray] payload ready +2108ms
[33m[*] [0mprepare_kernel_page ok attempt=1 +2287ms
[33m[*] [0m[T+31436ms]   heap spray done
[33m[*] [0m[route] creating waiter/owner/consumer
[33m[*] [0mconsumer thread running on cpu=1
[33m[*] [0m[route] waiter parked; owner started
[33m[*] [0m[route] CMP_REQUEUE_PI ret=-1 errno=35; waiting route_done
[33m[*] [0mmulticast route status=0 clean=1/1 step=0 errno=0
[33m[*] [0mmcast ghost disarm ret=-1 errno=110
[33m[*] [0m[route] route_done status=0 clean=1/1 step=0 errno=0 calls=1 success=1
[33m[*] [0m[route] threads joined
[33m[*] [0m[T+33443ms]   PI route done
[33m[*] [0mseccomp finit_module probe = 0x16
[32m[+] [0mchild seccomp filter bypassed (finit_module errno=22)
[32m[+] [0mchild seccomp fully bypassed (forked workers run filter-free)
[33m[*] [0m[T+35505ms] exploit complete
[33m[*] [0mhandoff: child=29556 alive=1 sent=1 errno=0
[33m[*] [0mhandoff: root script path=/data/user/0/com.ghostlock.app/files/.ghostlock_root.sh
[33m[*] [0mhandoff: root shell worker pid=12895
[33m[*] [0mhandoff: script open fd=3 errno=0 path=/data/user/0/com.ghostlock.app/files/.ghostlock_root.sh
[*] root script start uid=0 euid=0
[*] seccomp=Seccomp:	0 Seccomp_filters:	0 
[*] ksud=/data/user/0/com.ghostlock.app/files/ksud
[*] ksud_file=-rwx------ 1 u0_a510 u0_a510 4892712 2026-09-18 10:21 /data/user/0/com.ghostlock.app/files/ksud
[*] uname=5.15.189-android13-8-00016-g51bba4309aac-ab14546557
[*] iomem cache: cached 12860 bytes
[*] fixup: attempt 1
1+0 records in
1+0 records out
1 bytes (1 B) copied, 0.012 s, 83 B/s
[*] policyload before=0 after=2
[*] policy fixup rc=0
[*] late-load kmi=android13-5.15
[*] late-load exit=0
[*] temp su uid=0; watching kernelsu.ko
[+] KernelSU module loaded
[33m[*] [0menforce=1 (enforcing)
[32m[+] [0mKernelSU ready
