Panic#2 Part1
<4>[  302.514649][    C4] x8 : 00000000000000e0 x7 : 045000f2b5593519 x6 : 0000000000300000
<4>[  302.514655][    C4] x5 : ffffffc008143b70 x4 : 0000000000000700 x3 : 0000000000062669
<4>[  302.514661][    C4] x2 : ffffff8a788efe40 x1 : 0000000000000001 x0 : 0000000000000000
<4>[  302.514667][    C4] Call trace:
<4>[  302.514670][    C4]  cpuidle_enter_state+0x3b4/0x87c
<4>[  302.514674][    C4]  do_idle+0x300/0x598
<4>[  302.514680][    C4]  cpu_startup_entry+0x84/0x90
<4>[  302.514684][    C4]  secondary_start_kernel+0x294/0x314
<4>[  302.514691][    C4]  __secondary_switched+0x9c/0xa0
<2>[  302.514703][    C5] VendorHooks: CPU5: stopping
<4>[  302.514724][    C5] CPU: 5 PID: 0 Comm: swapper/5 Tainted: G S    D W  OE     5.15.189-android13-8-00016-g51bba4309aac-ab14546557 #1
<4>[  302.514730][    C5] Hardware name: Sony Corporation. PDX-234 J(Kalama QRD) (DT)
<4>[  302.514733][    C5] pstate: 20400005 (nzCv daif +PAN -UAO -TCO -DIT -SSBS BTYPE=--)
<4>[  302.514740][    C5] pc : cpuidle_enter_state+0x3b4/0x87c
<4>[  302.514751][    C5] lr : cpuidle_enter_state+0x790/0x87c
<4>[  302.514756][    C5] sp : ffffffc00814bd40
<4>[  302.514759][    C5] x29: ffffffc00814bd80 x28: 000000000682aaab x27: 0000000952a80dfe
<4>[  302.514771][    C5] x26: 000000006a5acd1e x25: 0000000000000015 x24: 00ffffffffffffff
<4>[  302.514780][    C5] x23: 0000000000000005 x22: 0000000196bb3c36 x21: ffffff803f2e2140
<4>[  302.514788][    C5] x20: ffffff8a7890de40 x19: ffffff8002196c00 x18: ffffffc00811d020
<4>[  302.514796][    C5] x17: 0000f4040044ffff x16: 045000f2b5593519 x15: 00000000000018f3
<4>[  302.514804][    C5] x14: ffffffd406d10f40 x13: 0000000000007ff3 x12: 00000000000004de
<4>[  302.514812][    C5] x11: 000000000000ffff x10: 000000000000e98c x9 : 0000000000000002
<4>[  302.514821][    C5] x8 : 00000000000000e0 x7 : 045000f2b5593519 x6 : 0000000000300000
<4>[  302.514829][    C5] x5 : ffffffc00814bb70 x4 : 0000000000000700 x3 : 0000000000047835
<4>[  302.514838][    C5] x2 : ffffff8a7890de40 x1 : 0000000000000001 x0 : 0000000000000000
<4>[  302.514847][    C5] Call trace:
<4>[  302.514850][    C5]  cpuidle_enter_state+0x3b4/0x87c
<4>[  302.514855][    C5]  do_idle+0x300/0x598
<4>[  302.514863][    C5]  cpu_startup_entry+0x84/0x90
<4>[  302.514869][    C5]  secondary_start_kernel+0x294/0x314
<4>[  302.514877][    C5]  __secondary_switched+0x9c/0xa0
<2>[  302.514890][    C6] VendorHooks: CPU6: stopping
<4>[  302.514912][    C6] CPU: 6 PID: 0 Comm: swapper/6 Tainted: G S    D W  OE     5.15.189-android13-8-00016-g51bba4309aac-ab14546557 #1
<4>[  302.514919][    C6] Hardware name: Sony Corporation. PDX-234 J(Kalama QRD) (DT)
<4>[  302.514922][    C6] pstate: 20400005 (nzCv daif +PAN -UAO -TCO -DIT -SSBS BTYPE=--)
<4>[  302.514928][    C6] pc : cpuidle_enter_state+0x3b4/0x87c
<4>[  302.514940][    C6] lr : cpuidle_enter_state+0x790/0x87c
<4>[  302.514944][    C6] sp : ffffffc008153d40
<4>[  302.514947][    C6] x29: ffffffc008153d80 x28: 000000000682aaab x27: 0000000952a80dfe
<4>[  302.514958][    C6] x26: 000000006a5acd1e x25: 0000000000000015 x24: 00ffffffffffffff
<4>[  302.514966][    C6] x23: 0000000000000006 x22: 0000000196bb4082 x21: ffffff803f2e2140
<4>[  302.514974][    C6] x20: ffffff8a7892be40 x19: ffffff8002190000 x18: ffffffc008125020
<4>[  302.514981][    C6] x17: 0000f4040044ffff x16: 045000f2b5593519 x15: 000000000000184c
<4>[  302.514988][    C6] x14: ffffffd406d10f40 x13: 0000000000007ff3 x12: 00000000000004de
<4>[  302.514995][    C6] x11: 000000000000ffff x10: 000000000000ebe8 x9 : 0000000000000002
<4>[  302.515002][    C6] x8 : 00000000000000e0 x7 : 045000f2b5593519 x6 : 0000000000300000
<4>[  302.515009][    C6] x5 : ffffffc008153b70 x4 : 0000000000000700 x3 : 000000000004fa4d
<4>[  302.515016][    C6] x2 : ffffff8a7892be40 x1 : 0000000000000001 x0 : 0000000000000000
<4>[  302.515024][    C6] Call trace:
<4>[  302.515027][    C6]  cpuidle_enter_state+0x3b4/0x87c
<4>[  302.515033][    C6]  do_idle+0x300/0x598
<4>[  302.515040][    C6]  cpu_startup_entry+0x84/0x90
<4>[  302.515045][    C6]  secondary_start_kernel+0x294/0x314
<4>[  302.515052][    C6]  __secondary_switched+0x9c/0xa0
<2>[  302.515064][    C7] VendorHooks: CPU7: stopping
<4>[  302.515082][    C7] CPU: 7 PID: 0 Comm: swapper/7 Tainted: G S    D W  OE     5.15.189-android13-8-00016-g51bba4309aac-ab14546557 #1
<4>[  302.515086][    C7] Hardware name: Sony Corporation. PDX-234 J(Kalama QRD) (DT)
<4>[  302.515089][    C7] pstate: 20400005 (nzCv daif +PAN -UAO -TCO -DIT -SSBS BTYPE=--)
<4>[  302.515094][    C7] pc : cpuidle_enter_state+0x3b4/0x87c
<4>[  302.515104][    C7] lr : cpuidle_enter_state+0x790/0x87c
<4>[  302.515108][    C7] sp : ffffffc00815bd40
<4>[  302.515110][    C7] x29: ffffffc00815bd80 x28: 000000000682aaab x27: 0000000952a80dfe
<4>[  302.515117][    C7] x26: 000000006a5acd1e x25: 0000000000000015 x24: 00ffffffffffffff
<4>[  302.515124][    C7] x23: 0000000000000007 x22: 0000000196bb4653 x21: ffffff803f2e2140
<4>[  302.515129][    C7] x20: ffffff8a78949e40 x19: ffffff800219b600 x18: ffffffc00812d020
<4>[  302.515135][    C7] x17: 0000f4040044ffff x16: 045000f2b5593519 x15: 0000000000000000
<4>[  302.515140][    C7] x14: ffffffd406d10f40 x13: 0000000000007ff3 x12: 00000000000004de
<4>[  302.515146][    C7] x11: 000000000000ffff x10: 0000000000011bdc x9 : 0000000000000002
<4>[  302.515152][    C7] x8 : 00000000000000e0 x7 : 045000f2b5593519 x6 : 0000000000300000
<4>[  302.515158][    C7] x5 : ffffffc00815bb70 x4 : 0000000000000700 x3 : 00000000000532af
<4>[  302.515163][    C7] x2 : ffffff8a78949e40 x1 : 0000000000000001 x0 : 0000000000000000
<4>[  302.515170][    C7] Call trace:
<4>[  302.515172][    C7]  cpuidle_enter_state+0x3b4/0x87c
<4>[  302.515178][    C7]  do_idle+0x300/0x598
<4>[  302.515185][    C7]  cpu_startup_entry+0x84/0x90
<4>[  302.515190][    C7]  secondary_start_kernel+0x294/0x314
<4>[  302.515197][    C7]  __secondary_switched+0x9c/0xa0
<3>[  302.515506][T22354] ipa ipa3_panic_notifier:7608 IPA clk off not saving the IPA registers
<3>[  302.515527][T22354] ipa ipa3_panic_notifier:7626 
<3>[  302.515527][T22354] ---- Active Clients Table ----
<3>[  302.515527][T22354] 
<3>[  302.515527][T22354] Total active clients count: 0
<3>[  302.515527][T22354] 
<6>[  302.563872][T22354] qcom_reboot_reason_panic: reboot cmd:panic
<3>[  302.563921][T22354] cpufreq_hw_debug: cpufreq_panic_callback: FREQUENCY DOMAIN 0
<3>[  302.563948][T22354] cpufreq_hw_debug: cpufreq_panic_callback:        PERF_STATE_DESIRED: 0x0000000f
<3>[  302.563960][T22354] cpufreq_hw_debug: cpufreq_panic_callback:            CYCLE_CNTR_VAL: 0x6f40dd12
<3>[  302.563970][T22354] cpufreq_hw_debug: cpufreq_panic_callback:             PSTATE_STATUS: 0x31800f69
<3>[  302.563978][T22354] cpufreq_hw_debug: cpufreq_panic_callback:         EPSS_DEBUG_STATUS: 0x31810f69
<3>[  302.563986][T22354] cpufreq_hw_debug: cpufreq_panic_callback:            EPSS_DEBUG_SRB: 0x00000000
<3>[  302.563994][T22354] cpufreq_hw_debug: cpufreq_panic_callback:            EPSS_DEBUG_LUT: 0x40030010
<3>[  302.564002][T22354] cpufreq_hw_debug: cpufreq_panic_callback: FREQUENCY DOMAIN 1
<3>[  302.564010][T22354] cpufreq_hw_debug: cpufreq_panic_callback:        PERF_STATE_DESIRED: 0x00000003
<3>[  302.564017][T22354] cpufreq_hw_debug: cpufreq_panic_callback:            CYCLE_CNTR_VAL: 0xa1a3c8e2
<3>[  302.564024][T22354] cpufreq_hw_debug: cpufreq_panic_callback:             PSTATE_STATUS: 0x2680032c
<3>[  302.564032][T22354] cpufreq_hw_debug: cpufreq_panic_callback:         EPSS_DEBUG_STATUS: 0x2681032c
<3>[  302.564038][T22354] cpufreq_hw_debug: cpufreq_panic_callback:            EPSS_DEBUG_SRB: 0x00000001
<3>[  302.564046][T22354] cpufreq_hw_debug: cpufreq_panic_callback:            EPSS_DEBUG_LUT: 0x4005001a
<3>[  302.564053][T22354] cpufreq_hw_debug: cpufreq_panic_callback: FREQUENCY DOMAIN 2
<3>[  302.564060][T22354] cpufreq_hw_debug: cpufreq_panic_callback:        PERF_STATE_DESIRED: 0x00000002
<3>[  302.564068][T22354] cpufreq_hw_debug: cpufreq_panic_callback:            CYCLE_CNTR_VAL: 0x87686ef1
<3>[  302.564075][T22354] cpufreq_hw_debug: cpufreq_panic_callback:             PSTATE_STATUS: 0x2600043b
<3>[  302.564082][T22354] cpufreq_hw_debug: cpufreq_panic_callback:         EPSS_DEBUG_STATUS: 0x2601043b
<3>[  302.564090][T22354] cpufreq_hw_debug: cpufreq_panic_callback:            EPSS_DEBUG_SRB: 0x00000001
<3>[  302.564098][T22354] cpufreq_hw_debug: cpufreq_panic_callback:            EPSS_DEBUG_LUT: 0x4005001f
<3>[  302.564116][T22354] kgsl kgsl-3d0: snapshot: device is powered off
<0>[  302.764230][T22354] Kernel Offset: 0x13fc200000 from 0xffffffc008000000
<0>[  302.764239][T22354] PHYS_OFFSET: 0x80000000
<0>[  302.764246][T22354] CPU features: 0x1,00280381,79b34edb
<0>[  302.764258][T22354] Memory Limit: none
<7>[  302.764270][T22354] cnss: Crash shutdown with driver_state 0x6f66107
<7>[  302.764280][T22354] cnss: cnss_pci_collect_dump_info [cnss2]: PCIe link is in suspend state
