Oops#1 Part1
<1>[   74.208151][T26264]   EA = 0, S1PTW = 0
<1>[   74.208158][T26264]   FSC = 0x05: level 1 translation fault
<1>[   74.208164][T26264] Data abort info:
<1>[   74.208170][T26264]   ISV = 0, ISS = 0x00000005
<1>[   74.208176][T26264]   CM = 0, WnR = 0
<1>[   74.208182][T26264] user pgtable: 4k pages, 39-bit VAs, pgdp=0000000a5bffd000
<1>[   74.208190][T26264] [0000000000000000] pgd=0000000000000000, p4d=0000000000000000, pud=0000000000000000
<0>[   74.208207][T26264] Internal error: Oops: 0000000096000005 [#1] PREEMPT SMP
<3>[   74.208608][T26264] Skip md ftrace buffer dump for: 0x1609e0
<4>[   74.208621][T26264] Modules linked in: sony_camera(OE) slg51000_regulator(OE) wlan(OE) lxs_touchscreen(OE) ipa_clientsm(OE) rndisipam(OE) ipanetm(OE) msm_kgsl(OE) msm_drm(OE) mac80211(E) qdss_bridge(E) goodix_ts(OE) machine_dlkm(OE) coresight_tmc(E) ipam(OE) usb_f_qdss(E) lpass_cdc_va_macro_dlkm(OE) lpass_cdc_rx_macro_dlkm(OE) lpass_cdc_wsa2_macro_dlkm(OE) pt_i2c(OE) lpass_cdc_wsa_macro_dlkm(OE) lpass_cdc_tx_macro_dlkm(OE) camera(OE) swr_dmic_dlkm(OE) pinctrl_lpi_dlkm(OE) wcd938x_dlkm(OE) qcom_spmi_adc5_gen3(E) msm_eva(OE) adsp_loader_dlkm(OE) usb_f_gsi(E) bt_fm_slim(OE) rmnet_aps(OE) rmnet_shs(OE) coresight_hwevent(E) swr_ctrl_dlkm(OE) audio_pkt_dlkm(OE) memlat_scmi(E) wcd9xxx_dlkm(OE) cnss2(OE) pt_device_access(OE) lpass_cdc_dlkm(OE) audio_prm_dlkm(OE) gsim(OE) spf_core_dlkm(OE) synaptics_tcm_ts(OE) gpr_dlkm(OE) camera_sync(OE) qcrypto_msm_dlkm(OE) rmnet_perf(OE) hdmi_dlkm(OE) sync_fence(OE) radio_i2c_rtc6226_qca(OE) qcedev_mod_dlkm(OE) nxp_nci(OE) q6_notifier_dlkm(OE)
<4>[   74.208741][T26264]  rmnet_offload(OE) rmnet_perf_tether(OE) rmnet_wlan(OE) btpower(OE) pt_ts(OE) stm_p_ost(E) tz_log_dlkm(OE) hdcp_qseecom_dlkm(OE) somc_battchg_ext(OE) wlan_firmware_service(OE) cnss_utils(OE) nvmem_qfprom(E) qrtr_gunyah(E) last_logs(OE) rdtags(OE) swr_haptics_dlkm(OE) msm_ext_display(OE) et603_int(OE) wsa884x_dlkm(OE) cnss_prealloc(OE) cnss_nl(OE) qcom_pon(E) msm_video(OE) slim_qcom_ngd_ctrl(E) cirrus_cs35l45(OE) smcinvoke_dlkm(OE) sys_pm_vx(E) spcom(E) glink_probe(E) coresight_tpdm(E) synx_driver(E) repeater_qti_pmic_eusb2(E) coresight_stm(E) snd_usb_audio_qmi(E) qce50_dlkm(OE) rmnet_core(OE) cnss_plat_ipc_qmi_svc(OE) stm_ftrace(E) coresight_dummy(E) cfg80211(E) stm_p_basic(E) qrtr_mhi(E) cirrus_wm_adsp(OE) rmnet_sch(OE) coresight_replicator(E) coresight_csr(E) stm_console(E) coresight_remote_etm(E) coresight_tgu(E) qrtr_smd(E) stm_core(E) coresight_cti(E) qcom_vadc_common(E) audpkt_ion_dlkm(OE) dwc3_msm(E) coresight_funnel(E) gh_irq_lend(E) msm_hw_fence(OE)
<4>[   74.208862][T26264]  slimbus(E) qcom_q6v5_pas(E) leds_qti_flash(E) wsa883x_dlkm(OE) usb_bam(E) wcd938x_slave_dlkm(OE) qti_devfreq_cdev(E) boot_stats(E) cirrus_cs40l2x_codec(OE) phy_msm_ssusb_qmp(E) coresight_tpda(E) leds_qti_tri_led(E) rq_stats(E) qcom_ipc_lite(E) qcom_edac(E) spss_utils(E) usb_f_ccid(E) usb_f_diag(E) qcom_spss(E) i2c_msm_geni(E) phy_qcom_ufs_qmp_v4_waipio(E) phy_msm_snps_eusb2(E) ddr_cdev(E) pm8941_pwrkey(E) ucsi_glink(E) eud(E) usb_f_cdev(E) microdump_collector(E) memlat(E) spi_msm_geni(E) lt9611uxc(E) pmic_pon_log(E) ehset(E) rdbg(E) realtek(E) qcom_pil_info(E) phy_qcom_emu(E) qti_cpufreq_cdev(E) bcl_soc(E) pinctrl_spmi_mpp(E) debugcc_kalama(E) r8168(E) memlat_vendor(E) smsc(E) qti_qmi_sensor_v2(E) spmi_pmic_arb_debug(E) gh_tlmm_vm_mem_access(E) phy_generic(E) usbmon(E) spmi_glink_debug(E) cirrus_cs40l2x(OE) reboot_mode(E) coresight(E) phy_msm_m31_eusb2(E) qti_battery_charger(E) snd_soc_hdmi_codec(E) mbhc_dlkm(OE) smsc95xx(E) sdpm_clk(E) hung_task_enh(E)
<4>[   74.208985][T26264]  icc_test(E) repeater_i2c_eusb2(E) qcom_lpm(E) qti_fixed_regulator(E) altmode_glink(E) sps_drv(E) max31760_fan(E) qbt_handler(E) i3c_master_msm_geni(E) adsp_sleepmon(E) redriver(E) qti_userspace_cdev(E) cdsp_loader(E) nt36xxx_i2c(OE) msm_mmrm(OE) atmel_mxt_ts(OE) rimps_log(E) msm_geni_serial(E) cdsprm(E) qcom_q6v5(E) snd_event_dlkm(OE) smsc75xx(E) qrng_dlkm(OE) msm_performance(E) swr_dlkm(OE) gh_mem_notifier(E) q6_dlkm(OE) repeater(E) rmnet_ctl(OE) q6_pdr_dlkm(OE) stub_dlkm(OE) f_fs_ipc_log(E) qcom_spmi_temp_alarm(E) wcd_core_dlkm(OE) cpu_voltage_cooling(E) hvc_gunyah(E) qcom_iommu_debug(E) qcom_glink_spss(E) qti_ocp_notifier(E) subsystem_sleep_stats(E) ipa_fmwk(E) smp2p_sleepstate(E) frpc_adsprpc(E) policy_engine(E) soc_sleep_stats(E) qcom_cpuss_sleep_stats(E) qsee_ipc_irq_bridge(E) phy_qcom_ufs_qmp_v4(E) qcom_cpufreq_hw_debug(E) qti_qmi_cdev(E) phy_qcom_ufs_qmp_v4_khaje(E) mmc_log_probes(E) qseecom_proxy(E) msm_sharedmem(E) pinctrl_somc_pmic(E)
<4>[   74.209096][T26264]  mhi_cntrl_qcom(E) msm_memshare(E) core_hang_detect(E) heap_mem_ext_v01(E) sg(E) qcom_ramdump(E) msm_lmh_dcvs(E) qcom_esoc(E) sysmon_subsystem_stats(E) mhi_dev_satellite(E) qcom_va_minidump(E) glink_pkt(E) qcom_sysmon(E) mhi_dev_uci(E) mhi_dev_netdev(E) mhi_dev_dtr(E) dmesg_dumper(E) msm_show_epoch(E) mhi(E) pinctrl_spmi_gpio(E) msm_gpi(E) bam_dma(E) charger_ulog_glink(E) qti_battery_debug(E) gpucc_kalama(E) pci_msm_drv(E) pmic_glink(E) panel_event_notifier(E) pdr_interface(E) qmi_helpers(E) rproc_qcom_common(E) qcom_smd(E) smp2p(E) qcom_glink_smem(E) pwm_qti_lpg(E) qcom_glink(E) zram(E) msm_show_resume_irq(E) msm_sysstats(E) wakeup_irq_debug(E) zsmalloc(E) nvme(E) nvme_core(E) bcl_pmic5(E) c1dcvs_scmi(E) c1dcvs_vendor(E) qcom_rimps(E) sdhci_msm(E) arm_smmu(E) ufs_qcom(E) ufshcd_crypto_qti(E) msm_qmp(E) qcom_aoss(E) stub_regulator(E) socinfo(E) rtc_pm8xxx(E) qrtr(E) qcom_reboot_reason(E) spmi_pmic_arb(E) qcom_spmi_pmic(E) regmap_spmi(E) qti_regmap_debugfs(E)
<4>[   74.209218][T26264]  pmu_scmi(E) pmu_vendor(E) qcom_pmu_lib(E) qcom_llcc_pmu(E) qcom_iommu_util(E) qcom_logbuf_vh(E) debug_symbol(E) qcom_dload_mode(E) pinctrl_somc(E) phy_qcom_ufs_qrbtc_sdm845(E) phy_qcom_ufs_qmp_v4_kalama(E) phy_qcom_ufs(E) nvmem_qcom_spmi_sdam(E) ns(E) qnoc_kalama(E) qnoc_qos(E) pinctrl_kalama(E) pinctrl_msm(E) memory_dump_v2(E) mem_buf(E) qcom_dma_heaps(E) msm_dma_iommu_mapping(E) mem_buf_msgq(E) mem_buf_dev(E) mem_hooks(E) llcc_qcom(E) iommu_logger(E) gunyah(E) mdt_loader(E) secure_buffer(E) gh_ctrl(E) videocc_kalama(E) tcsrcc_kalama(E) dispcc_kalama(E) dcc_v2(E) crypto_qti_common(E) crypto_qti_hwkm(E) hwkm(E) tmecom_intf(E) cqhci(E) clk_dummy(E) cpu_hotplug(E) thermal_pause(E) sched_walt(E) qcom_cpufreq_hw(E) bwmon(E) qcom_dcvs(E) dcvs_fp(E) rpmh_regulator(E) qcom_tsens(E) thermal_minidump(E) qcom_pdc(E) qcom_ipcc(E) camcc_kalama(E) icc_rpmh(E) icc_debug(E) icc_bcm_voter(E) gcc_kalama(E) clk_qcom(E) gdsc_regulator(E) debug_regulator(E) proxy_consumer(E)
<4>[   74.209335][T26264]  clk_rpmh(E) qcom_rpmh(E) cmd_db(E) qcom_ipc_logging(E) qcom_cpu_vendor_hooks(E) gh_virt_wdt(E) qcom_wdt_core(E) qcom_scm(E) minidump(E) smem(E) qcom_hwspinlock(E) gh_rm_drv(E) gh_dbl(E) gh_msgq(E) gh_arm_drv(E)
<4>[   74.209367][T26264] CPU: 1 PID: 26264 Comm: libghostlock.so Tainted: G S      W  OE     5.15.189-android13-8-00016-g51bba4309aac-ab14546557 #1
<4>[   74.209374][T26264] Hardware name: Sony Corporation. PDX-234 J(Kalama QRD) (DT)
<4>[   74.209378][T26264] pstate: 824000c5 (Nzcv daIF +PAN -UAO +TCO -DIT -SSBS BTYPE=--)
<4>[   74.209385][T26264] pc : rt_mutex_adjust_prio_chain+0x1b0/0x14c0
<4>[   74.209398][T26264] lr : max_tt_usecs+0x6646/0x1fe6b
<4>[   74.209407][T26264] sp : ffffffc03acdbbe0
<4>[   74.209410][T26264] x29: ffffffc03acdbc20 x28: ffffffc03c2dbb18 x27: 0000000000000000
<4>[   74.209420][T26264] x26: ffffff89b3d06c00 x25: 0000000000000000 x24: ffffff89b3d01a84
<4>[   74.209429][T26264] x23: 0000000000000000 x22: 0000000000000000 x21: ffffff89b3d06c10
<4>[   74.209437][T26264] x20: 0000000000000001 x19: ffffff89b3d01200 x18: ffffffc03b5d5050
<4>[   74.209445][T26264] x17: 0000000000000078 x16: ffffffdc3f70d000 x15: ffffffdc3f728000
<4>[   74.209453][T26264] x14: 0000000000000000 x13: 0000000000000000 x12: ffffffdc3f70d000
<4>[   74.209461][T26264] x11: 0000000000000001 x10: 0000000000000078 x9 : 0000000000000000
<4>[   74.209469][T26264] x8 : 0000000000000003 x7 : 00000000000000e0 x6 : ffffffdc3ea4041d
<4>[   74.209476][T26264] x5 : ffffff89b3d01200 x4 : ffffffdc3f70d000 x3 : 00000000c0000000
<4>[   74.209484][T26264] x2 : 0000000000000001 x1 : 0000000000000000 x0 : 0000000000000000
<4>[   74.209492][T26264] Call trace:
<4>[   74.209496][T26264]  rt_mutex_adjust_prio_chain+0x1b0/0x14c0
<4>[   74.209502][T26264]  rt_mutex_adjust_pi+0x174/0x318
<4>[   74.209507][T26264]  __sched_setscheduler+0xdf8/0x1144
<4>[   74.209516][T26264]  __do_sys_sched_setattr+0x244/0x3c8
<4>[   74.209520][T26264]  __arm64_sys_sched_setattr+0x24/0x34
<4>[   74.209526][T26264]  invoke_syscall+0x60/0x150
<4>[   74.209533][T26264]  el0_svc_common+0x8c/0xf8
<4>[   74.209538][T26264]  do_el0_svc+0x28/0x98
<4>[   74.209542][T26264]  el0_svc+0x24/0x84
<4>[   74.209550][T26264]  el0t_64_sync_handler+0x88/0xec
<4>[   74.209555][T26264]  el0t_64_sync+0x1b8/0x1bc
<0>[   74.209562][T26264] Code: f9401f9b b8bfc108 11000508 b9001348 (b8bfc368) 
<4>[   74.209572][T26264] ---[ end trace 813fe0236e9003bf ]---
