debug log: Download/GhostLock/ghostlock-20260913-160215-163-1-direct.log
ksud ready
[33m[*] [0mkernel: 5.15.189-android13-8-00016-g51bba4309aac-ab14546557
[32m[+] [0mresolved profile loaded: 5.15.189-android13-8-00016-g51bba4309aac-ab14546557
[33m[*] [0mcpu pair: main=0 consumer=1
[33m[*] [0mruntime home=/data/user/0/com.ghostlock.app/files script=/data/user/0/com.ghostlock.app/files/.ghostlock_root.sh
[33m[*] [0mruntime verbose_debug=1
[33m[*] [0mdebug.execution.begin release=5.15.189-android13-8-00016-g51bba4309aac-ab14546557
[33m[*] [0mdebug.execution.recommended_cpus.main=0
[33m[*] [0mdebug.execution.recommended_cpus.consumer=1
[33m[*] [0mdebug.execution.selected_cpus.main=0
[33m[*] [0mdebug.execution.selected_cpus.consumer=1
[33m[*] [0mdebug.execution.heap.prepare_max_attempts=4
[33m[*] [0mdebug.execution.heap.prepare_timeout_ms=240000
[33m[*] [0mdebug.execution.heap.kernelsnitch_timeout_ms=60000
[33m[*] [0mdebug.execution.race.route_wait_ms=1000
[33m[*] [0mdebug.execution.race.setup_settle_us=50000
[33m[*] [0mdebug.execution.race.state_poll_interval_us=1000
[33m[*] [0mdebug.execution.stages.w1_attempts=15
[33m[*] [0mdebug.execution.stages.w1_settle_us=100000
[33m[*] [0mdebug.execution.stages.w1_scratch_repair_attempts=3
[33m[*] [0mdebug.execution.stages.w2_attempts=15
[33m[*] [0mdebug.execution.stages.w2_settle_us=100000
[33m[*] [0mdebug.execution.stages.w3_chain_rounds=3
[33m[*] [0mdebug.execution.stages.w3_attempts=6
[33m[*] [0mdebug.execution.stages.w3_settle_us=50000
[33m[*] [0mdebug.execution.routes.tcp_zerocopy.attempts=2000
[33m[*] [0mdebug.execution.routes.tcp_zerocopy.arm_sequence=16
[33m[*] [0mdebug.execution.routes.tcp_zerocopy.post_receive_hold_iterations=20000
[33m[*] [0mdebug.execution.routes.select_stack.enter_delay_us=50000
[33m[*] [0mdebug.execution.routes.select_stack.timeout_us=200000
[33m[*] [0mdebug.execution.routes.select_stack.consumer_max_calls=1
[33m[*] [0mdebug.execution.routes.select_stack.consumer_burst_calls=1
[33m[*] [0mdebug.execution.routes.multicast_waiter.ready_timeout_ms=10000
[33m[*] [0mdebug.execution.routes.multicast_waiter.post_requeue_settle_us=200000
[33m[*] [0mdebug.execution.routes.multicast_waiter.post_adjust_settle_us=100000
[33m[*] [0mdebug.execution.handoff.pre_dispatch_settle_ms=2000
[33m[*] [0mdebug.execution.handoff.module_poll_attempts=30
[33m[*] [0mdebug.execution.handoff.module_poll_interval_ms=100
[33m[*] [0mdebug.execution.handoff.enforce_poll_attempts=200
[33m[*] [0mdebug.execution.handoff.enforce_poll_interval_ms=100
[33m[*] [0mdebug.execution.end
[33m[*] [0msoc: qcom/other; kernel_phys_load=0xa8000000
[33m[*] [0minit_cred image=ffffffc082bfd588 alias=ffffff802abfd588
[32m[+] [0mstartup context pid=5737 uid=10507 euid=10507 gid=10507 egid=10507 boot_ms=12753222 attr=u:r:untrusted_app:s0:c251,c257,c512,c768 enforce=unreadable
[32m[+] [0mstartup limits pid=5737 NoNewPrivs=0 Seccomp=2 Seccomp_filters=1
[32m[+] [0mbuild config pid=5737 label=ghostlock_oplus slide=pselect main=pselect
[32m[+] [0mp0 profile pid=5737 phys_offset=0000000080000000 kernel_phys_load=00000000a8000000 delta=0000000028000000 slide_logger=ffffff802ab01e28 bootid_data=ffffff802adc6819 init_task=ffffff802ac43400 root_tg=ffffff802ad58ac0 sysctl_bootid=ffffff802adc6819
[33m[*] [0mp0 kernel_phys_load=00000000a8000000 delta=0000000028000000
[33m[*] [0mmain thread running on cpu=0
[33m[*] [0m[T+0ms] exploit start
[31m[-] [0mSELinux enforce unreadable; assuming enforcing and running W1
[33m[*] [0m[T+2ms] pre-W1 drain
[33m[*] [0mW1: SELinux attempt 1/1
[33m[*] [0m=== W1: SELinux === target=0xffffff802adaad88 mode=1 leaf=0
[33m[*] [0m[T+178ms]   heap spray start
[33m[*] [0m[spray] mm spray + kernelsnitch ready (cpu=8) +219ms
[33m[*] [0m[spray] finding futex collisions... +461ms
[33m[*] [0m[spray] early collision screen 16/7 at 31%
[33m[*] [0m[spray] futex collisions found +1990ms
[33m[*] [0m[spray] mm_struct leaked=0xffffff8982641c00 +2039ms
[33m[*] [0m[spray] payload ready +2042ms
[31m[-] [0mpage ffffff8982640000 stores an even byte over selinux_state.initialized; taking another
[31m[-] [0mprepare_kernel_page retry 1/4 +2180ms
[33m[*] [0m[spray] mm spray + kernelsnitch ready (cpu=8) +224ms
[33m[*] [0m[spray] finding futex collisions... +454ms
[33m[*] [0m[spray] early collision screen 16/7 at 31%
[33m[*] [0m[spray] futex collisions found +2006ms
[33m[*] [0m[spray] mm_struct leaked=0xffffff8809bd5000 +2088ms
[33m[*] [0m[spray] payload ready +2089ms
[33m[*] [0mprepare_kernel_page ok attempt=2 +4411ms
[33m[*] [0m[T+4591ms]   heap spray done
[33m[*] [0m[route] creating waiter/owner/consumer
[33m[*] [0mconsumer thread running on cpu=1
[33m[*] [0m[route] waiter parked; owner started
[33m[*] [0m[route] CMP_REQUEUE_PI ret=-1 errno=35; waiting route_done
[33m[*] [0mmcast ghost disarm ret=-1 errno=110
[33m[*] [0m[route] route_done step=0 errno=0 calls=1 success=1
[33m[*] [0m[route] threads joined
[33m[*] [0m[T+6605ms]   PI route done
[32m[+] [0mSELinux permissive
[33m[*] [0mW1b: private scratch repair attempt 1/3
[33m[*] [0m=== W1b: private scratch repair === target=0xffffff8809bd0108 mode=1 leaf=1
[33m[*] [0m[T+6709ms]   heap spray start
[33m[*] [0m[spray] mm spray + kernelsnitch ready (cpu=8) +231ms
[33m[*] [0m[spray] finding futex collisions... +441ms
[33m[*] [0m[spray] early collision screen 14/7 at 31%
[33m[*] [0m[spray] futex collisions found +1961ms
[33m[*] [0m[spray] mm_struct leaked=0xffffff8801a62400 +2021ms
[33m[*] [0m[spray] payload ready +2024ms
[33m[*] [0mprepare_kernel_page ok attempt=1 +2178ms
[33m[*] [0m[T+8891ms]   heap spray done
[33m[*] [0m[route] creating waiter/owner/consumer
[33m[*] [0mconsumer thread running on cpu=1
[33m[*] [0m[route] waiter parked; owner started
[33m[*] [0m[route] CMP_REQUEUE_PI ret=-1 errno=35; waiting route_done
[33m[*] [0mmcast ghost disarm ret=-1 errno=110
[33m[*] [0m[route] route_done step=0 errno=0 calls=1 success=1
[33m[*] [0m[route] threads joined
[33m[*] [0m[T+10897ms]   PI route done
[32m[+] [0mprivate scratch repaired; releasing quarantine
[33m[*] [0m[T+10902ms] Write 1 complete
[33m[*] [0m[T+11103ms] pre-W2 drain
[33m[*] [0mperf task: 0xffffff88dac05a00 (184/256 votes)
[33m[*] [0mperf task: 0xffffff88dac05a00 (185/256 votes)
[33m[*] [0m[T+12086ms] perf_find_task done
[33m[*] [0mchild_pid=17904 child_task=0xffffff88dac05a00
[33m[*] [0mvr.ko not loaded; skipping tag clear
[33m[*] [0mW2: cred attempt 1/15
[33m[*] [0m[spray] mm spray + kernelsnitch ready (cpu=8) +217ms
[33m[*] [0m[spray] finding futex collisions... +453ms
[33m[*] [0m[spray] early collision screen 16/7 at 31%
[33m[*] [0m[spray] futex collisions found +1963ms
[33m[*] [0m[spray] mm_struct leaked=0xffffff8803751c00 +2020ms
[33m[*] [0m[spray] payload ready +2023ms
[33m[*] [0mprepare_kernel_page ok attempt=1 +2176ms
[33m[*] [0mW2 fast repair payload prebuilt
[33m[*] [0m=== W2: cred === target=0xffffff88dac06198 mode=2 leaf=0
[33m[*] [0m[T+14459ms]   heap spray start
[33m[*] [0m[spray] mm spray + kernelsnitch ready (cpu=8) +229ms
[33m[*] [0m[spray] finding futex collisions... +464ms
[33m[*] [0m[spray] early collision screen 16/7 at 31%
[33m[*] [0m[spray] futex collisions found +1945ms
[33m[*] [0m[spray] mm_struct leaked=0xffffff880e00a000 +1997ms
[33m[*] [0m[spray] payload ready +2001ms
[33m[*] [0mprepare_kernel_page ok attempt=1 +2155ms
[33m[*] [0m[T+16617ms]   heap spray done
[33m[*] [0m[route] creating waiter/owner/consumer
[33m[*] [0mconsumer thread running on cpu=1
[33m[*] [0m[route] waiter parked; owner started
[33m[*] [0m[route] CMP_REQUEUE_PI ret=-1 errno=35; waiting route_done
[33m[*] [0mmcast ghost disarm ret=-1 errno=110
[33m[*] [0m[route] route_done step=0 errno=0 calls=1 success=1
[33m[*] [0m[route] threads joined
[33m[*] [0m[T+18626ms]   PI route done
[33m[*] [0mW2b: firing prebuilt init_cred+8 repair
[33m[*] [0m[route] creating waiter/owner/consumer
[33m[*] [0mconsumer thread running on cpu=1
[33m[*] [0m[route] waiter parked; owner started
[33m[*] [0m[route] CMP_REQUEUE_PI ret=-1 errno=35; waiting route_done
[33m[*] [0mmcast ghost disarm ret=-1 errno=110
[33m[*] [0m[route] route_done step=0 errno=0 calls=1 success=1
[33m[*] [0m[route] threads joined
[33m[*] [0mchild uid = 0
[32m[+] [0mchild is root!
[33m[*] [0mW3: TIF_SECCOMP+mode attempt 1/6
[33m[*] [0m=== W3: TIF_SECCOMP === target=0xffffff88dac05a00 mode=1 leaf=1
[33m[*] [0m[T+19966ms]   heap spray start
[33m[*] [0m[spray] mm spray + kernelsnitch ready (cpu=8) +228ms
[33m[*] [0m[spray] finding futex collisions... +451ms
[33m[*] [0m[spray] early collision screen 16/7 at 31%
[33m[*] [0m[spray] futex collisions found +1917ms
[33m[*] [0m[spray] mm_struct leaked=0xffffff8809c5e800 +1965ms
[33m[*] [0m[spray] payload ready +1970ms
[33m[*] [0mprepare_kernel_page ok attempt=1 +2123ms
[33m[*] [0m[T+22093ms]   heap spray done
[33m[*] [0m[route] creating waiter/owner/consumer
[33m[*] [0mconsumer thread running on cpu=1
[33m[*] [0m[route] waiter parked; owner started
[33m[*] [0m[route] CMP_REQUEUE_PI ret=-1 errno=35; waiting route_done
[33m[*] [0mmcast ghost disarm ret=-1 errno=110
[33m[*] [0m[route] route_done step=0 errno=0 calls=1 success=1
[33m[*] [0m[route] threads joined
[33m[*] [0m[T+24100ms]   PI route done
[33m[*] [0m=== W3: seccomp mode === target=0xffffff88dac06260 mode=1 leaf=1
[33m[*] [0m[T+24154ms]   heap spray start
[33m[*] [0m[spray] mm spray + kernelsnitch ready (cpu=8) +228ms
[33m[*] [0m[spray] finding futex collisions... +469ms
[33m[*] [0m[spray] early collision screen 16/7 at 31%
[33m[*] [0m[spray] futex collisions found +1976ms
[33m[*] [0m[spray] mm_struct leaked=0xffffff880d61fc00 +2014ms
[33m[*] [0m[spray] payload ready +2019ms
[33m[*] [0mprepare_kernel_page ok attempt=1 +2174ms
[33m[*] [0m[T+26332ms]   heap spray done
[33m[*] [0m[route] creating waiter/owner/consumer
[33m[*] [0mconsumer thread running on cpu=1
[33m[*] [0m[route] waiter parked; owner started
[33m[*] [0m[route] CMP_REQUEUE_PI ret=-1 errno=35; waiting route_done
[33m[*] [0mmcast ghost disarm ret=-1 errno=110
[33m[*] [0m[route] route_done step=0 errno=0 calls=1 success=1
[33m[*] [0m[route] threads joined
[33m[*] [0m[T+28345ms]   PI route done
[33m[*] [0mseccomp finit_module probe = 0x16
[32m[+] [0mchild seccomp filter bypassed (finit_module errno=22)
[32m[+] [0mchild seccomp fully bypassed (forked workers run filter-free)
[33m[*] [0m[T+30402ms] exploit complete
[*] root script start uid=0 euid=0
[*] seccomp=Seccomp:	0 Seccomp_filters:	0 
[*] ksud=/data/user/0/com.ghostlock.app/files/ksud
[*] ksud_file=-rwx------ 1 u0_a507 u0_a507 4892712 2026-09-13 16:02 /data/user/0/com.ghostlock.app/files/ksud
[*] uname=5.15.189-android13-8-00016-g51bba4309aac-ab14546557
[*] fixup: attempt 1
1+0 records in
1+0 records out
1 bytes (1 B) copied, 0.013 s, 76 B/s
[*] policyload before=0 after=2
[*] policy fixup rc=0
[*] late-load kmi=android13-5.15
[*] late-load exit=0
[*] temp su uid=0; watching kernelsu.ko
[+] KernelSU module loaded
[33m[*] [0menforce=1 (enforcing)
[32m[+] [0mKernelSU ready
